--------- beginning of /dev/log/system
I/WindowManager( 9918): Lock screen displayed!
D/PowerManagerNotifier( 9918): [api] WindowManagerPolicy.ScreenOnListener : Received onScreenOn().
D/PowerManagerService( 9918): Screen Readiness Inspection completed: mNestCount=0
D/DisplayPowerController( 9918): animation target = 254 (PSM:false, AB limit:(-1 ~ -1) MB Limit:(-1 ~ -1) MAdj:(0, (0, 255)))
D/DisplayPowerController( 9918): !@ElectronBeam exit
D/PowerManagerService( 9918): [s] mDisplayPowerControllerCallbacks : onElectronBeamExit() : true
D/DisplayPowerController( 9918): animation target = 254 (PSM:false, AB limit:(-1 ~ -1) MB Limit:(-1 ~ -1) MAdj:(0, (0, 255)))
D/PowerManagerService( 9918): [s] mDisplayPowerControllerCallbacks : onStateChanged()
D/STATUSBAR-NotificationService( 9918): ACTION_SCREEN_ON
D/LightsService( 9918): [api] [SvcLED] turnOff:: id = 4 (uid: 1000 pid: 9918) 
D/LightsService( 9918): [SvcLED] setSvcLedStateLocked:: SvcLEDState : 0x2 -> 0x0 | SvcLED(id=4) set Off
D/LightsService( 9918): [SvcLED] Lux failed to be updated in 700ms. -> handleForcedSvcLEDTasK
D/LightsService( 9918): [SvcLED]  setSvcLedLightLocked :: Current SvcLED(id=4) maintains its priority right
V/AlarmManager( 9918): waitForAlarm result :4
D/STATUSBAR-NetworkController(10162): refreshSignalCluster - setNWBoosterIndicators(false)
D/STATUSBAR-NetworkController(10162): refreshSignalCluster: data=-1 bt=false
D/STATUSBAR-IconMerger(10162): checkOverflow(504), More:false, Req:false Child:4
D/IpRemoteDisplayController( 9918): intent received android.intent.action.SCREEN_ON
D/IpRemoteDisplayController( 9918): Bridge Server is not available
D/MobileDataStateTracker( 9918): fota: Broadcast received: android.intent.action.ANY_DATA_STATE apnType=fota
D/MobileDataStateTracker( 9918): fota: Received state=DISCONNECTED, old=DISCONNECTED, reason=SCREEN_ON
D/MobileDataStateTracker( 9918): dun: Broadcast received: android.intent.action.ANY_DATA_STATE apnType=dun
D/MobileDataStateTracker( 9918): dun: Received state=DISCONNECTED, old=DISCONNECTED, reason=SCREEN_ON
D/MobileDataStateTracker( 9918): supl: Broadcast received: android.intent.action.ANY_DATA_STATE apnType=supl
D/MobileDataStateTracker( 9918): supl: Received state=DISCONNECTED, old=DISCONNECTED, reason=SCREEN_ON
D/MobileDataStateTracker( 9918): hipri: Broadcast received: android.intent.action.ANY_DATA_STATE apnType=hipri
D/MobileDataStateTracker( 9918): hipri: Received state=DISCONNECTED, old=DISCONNECTED, reason=SCREEN_ON
D/MobileDataStateTracker( 9918): ims: Broadcast received: android.intent.action.ANY_DATA_STATE apnType=ims
D/MobileDataStateTracker( 9918): ims: Received state=DISCONNECTED, old=DISCONNECTED, reason=SCREEN_ON
D/MobileDataStateTracker( 9918): default: Broadcast received: android.intent.action.ANY_DATA_STATE apnType=default
D/MobileDataStateTracker( 9918): default: Received state=DISCONNECTED, old=DISCONNECTED, reason=SCREEN_ON
D/MobileDataStateTracker( 9918): mms: Broadcast received: android.intent.action.ANY_DATA_STATE apnType=mms
D/MobileDataStateTracker( 9918): mms: Received state=DISCONNECTED, old=DISCONNECTED, reason=SCREEN_ON
D/MobileDataStateTracker( 9918): cbs: Broadcast received: android.intent.action.ANY_DATA_STATE apnType=cbs
D/MobileDataStateTracker( 9918): cbs: Received state=DISCONNECTED, old=DISCONNECTED, reason=SCREEN_ON
D/STATUSBAR-PhoneStatusBar(10162): showPlmnString
D/PhoneStatusBar(10162): setCarrierLabelVibibility : true
D/STATUSBAR-IconMerger(10162): checkOverflow(72), More:false, Req:true Child:4
D/STATUSBAR-IconMerger(10162): checkOverflow(0), More:true, Req:true Child:3
D/SViewCoverView(10849): BroadcastReceiver onReceive() : action : android.intent.action.SCREEN_ON
D/SSRMv2:TSP:AirViewOnOff( 9918): SettingsAirViewInfo:: 000000000
D/SSRMv2:SIOP( 9918): SIOP:: AP = 380 (0), Delta = 0
D/PowerManagerService( 9918): Excessive delay in nativeSetAutoSuspend(false): 352ms
D/PowerManagerService( 9918): !@[s] unblankAllDisplays() : unblankAllDisplaysFromPowerManager
D/PowerManagerService( 9918): SecHardwareInterface.setBatteryADC : true
D/STATUSBAR-NetworkController(10162): onSignalStrengthsChanged signalStrength=SignalStrength: 19 -1 -1 -1 -1 -1 -1 99 2147483647 2147483647 2147483647 -1 2147483647 gsm|lte 0x5 level=5
D/STATUSBAR-NetworkController(10162): update carrier label
D/STATUSBAR-NetworkController(10162): onSignalStrengthsChanged signalStrength=SignalStrength: 19 -1 -1 -1 -1 -1 -1 99 2147483647 2147483647 2147483647 -1 2147483647 gsm|lte 0x5 level=5
D/STATUSBAR-NetworkController(10162): update carrier label
D/STATUSBAR-IconMerger(10162): checkOverflow(0), More:true, Req:true Child:3
D/PowerManagerService( 9918): [PWL] sb release: PowerManagerService.Broadcasts
V/AlarmManager( 9918): waitForAlarm result :4
V/AlarmManager( 9918): waitForAlarm result :4
D/MotionRecognitionService( 9918): [ FLIP_COVER_ACTION_OPEN ]
D/MotionRecognitionService( 9918): setFlipCoverTouchEnabled to true
D/PowerManagerService( 9918): [api] [s] userActivity : event: 3 flags: 0 (uid: 10019 pid: 10162) eventTime = 94291565
D/PowerManagerService( 9918): [api] [s] userActivity : event: 3 flags: 0 (uid: 10019 pid: 10162) eventTime = 94291576
D/PowerManagerService( 9918): [api] [s] userActivity : event: 3 flags: 0 (uid: 10019 pid: 10162) eventTime = 94291600
D/PowerManagerService( 9918): [api] [s] userActivity : event: 3 flags: 0 (uid: 10019 pid: 10162) eventTime = 94291625
D/PowerManagerService( 9918): [api] [s] userActivity : event: 3 flags: 0 (uid: 10019 pid: 10162) eventTime = 94291651
D/PowerManagerService( 9918): [api] [s] userActivity : event: 3 flags: 0 (uid: 10019 pid: 10162) eventTime = 94291678
D/PowerManagerService( 9918): [api] [s] userActivity : event: 3 flags: 0 (uid: 10019 pid: 10162) eventTime = 94291705
D/CustomFrequencyManagerService( 9918): releaseDVFSLockLocked : Getting Lock type frm List : DVFS_MIN_LIMIT  frequency : 1890000  uid : 1000  pid : 9918  tag : WAKEUP_BOOSTER@25
D/STATUSBAR-NetworkController(10162): refreshSignalCluster - setNWBoosterIndicators(false)
D/STATUSBAR-NetworkController(10162): refreshSignalCluster: data=-1 bt=false
D/STATUSBAR-NetworkController(10162): update carrier label
D/STATUSBAR-IconMerger(10162): checkOverflow(0), More:true, Req:true Child:3
D/PowerManagerService( 9918): [api] [s] userActivity : event: 3 flags: 0 (uid: 10019 pid: 10162) eventTime = 94292033
D/PowerManagerService( 9918): setKeyboardVisibility: false
V/SmartFaceService - 3rd party pause( 9918): onReceive [android.intent.action.ACTIVITY_STATE/com.example.demo_app2/resume]
D/STATUSBAR-StatusBarManagerService( 9918): manageDisableList what=0x0 pkg=com.android.keyguard
D/StatusBarManagerService( 9918): semi p:10162,o:f
D/StatusBarManagerService( 9918): tr p:10162,o:f
D/STATUSBAR-StatusBarManagerService( 9918): manageDisableList what=0x0 pkg=WindowManager.LayoutParams
D/LightsService( 9918): [api] [SvcLED] turnOff:: id = 4 (uid: 1000 pid: 9918) 
D/LightsService( 9918): [SvcLED] setSvcLedStateLocked:: SvcLEDState : 0x0 -> 0x0 | SvcLED(id=4) set Off
D/LightsService( 9918): [SvcLED] Lux failed to be updated in 700ms. -> handleForcedSvcLEDTasK
D/LightsService( 9918): [SvcLED]  setSvcLedLightLocked :: Current SvcLED(id=4) maintains its priority right
E/MotionRecognitionService( 9918):   mReceiver.onReceive : ACTION_USER_PRESENT  :: UNLOCK SCREEN
D/SSRMv2:TSP:AirViewOnOff( 9918): SettingsAirViewInfo:: 000000000
V/WindowManager( 9918): rotationForOrientationLw(orient=-1, last=0); user=0 USER_ROTATION_LOCKED sensorRotation=0 mLidState=-1 mDockMode=0 mHdmiPlugged=false mAccelerometerDefault=false gripRotationLock=false
D/PowerManagerService( 9918): [api] setUserActivityTimeoutOverrideFromWindowManagerInternal: timeoutMillis: -1
D/PowerManagerService( 9918): [s] getScreenOffTimeoutLocked: 10000 -> 30000
D/PowerManagerService( 9918): [api] setScreenDimDurationOverrideFromWindowManagerInternal: timeoutMillis: -1
D/PowerManagerService( 9918): [api] setButtonTimeoutOverrideFromWindowManagerInternal: timeoutMillis: -1
D/PhoneStatusBar(10162): disable(): knoxCustomManager = android.app.enterprise.knoxcustom.KnoxCustomManager@431a2b38
W/InputMethodManagerService( 9918): Window already focused, ignoring focus gain of: com.android.internal.view.IInputMethodClient$Stub$Proxy@4401d9c8 attribute=android.view.inputmethod.EditorInfo@43cf0fe0, token = android.os.BinderProxy@43fb35a0
V/AlarmManager( 9918): waitForAlarm result :4
V/AlarmManager( 9918): waitForAlarm result :4
V/AlarmManager( 9918): waitForAlarm result :4
V/KeyguardDisplayManager(10162): hide
D/STATUSBAR-NetworkController(10162): onSignalStrengthsChanged signalStrength=SignalStrength: 19 -1 -1 -1 -1 -1 -1 99 2147483647 2147483647 2147483647 -1 2147483647 gsm|lte 0x5 level=5
D/STATUSBAR-NetworkController(10162): update carrier label
D/STATUSBAR-IconMerger(10162): checkOverflow(0), More:true, Req:true Child:3
E/ActivityThread(  428): Failed to find provider info for com.android.chrome.browser
W/ActivityManager( 9918): Permission Denial: get/set setting for user asks to run as user -2 but is calling from user 0; this requires android.permission.INTERACT_ACROSS_USERS_FULL
V/AlarmManager( 9918): waitForAlarm result :4
W/ActivityManager( 9918): Permission Denial: get/set setting for user asks to run as user -2 but is calling from user 0; this requires android.permission.INTERACT_ACROSS_USERS_FULL
D/PowerManagerService( 9918): [api] acquire WakeLock flags=0x2000000a tag=WindowManager uid=1000 pid=9918
D/STATUSBAR-PhoneStatusBar(10162): removePlmnString
D/PhoneStatusBar(10162): setCarrierLabelVibibility : false
D/STATUSBAR-IconMerger(10162): checkOverflow(432), More:true, Req:false Child:3
D/STATUSBAR-IconMerger(10162): checkOverflow(504), More:false, Req:false Child:4
D/BatteryService( 9918): level:87, scale:100, status:2, health:2, present:true, voltage: 4158, temperature: 323, technology: Li-ion, AC powered:false, USB powered:true, Wireless powered:false, icon:17303669, invalid charger:0, online:4, current avg:360, charge type:2, power sharing:false, high voltage charger:false
D/BatteryService( 9918): Sending ACTION_BATTERY_CHANGED.
D/UiModeManager( 9918): mCoverManager.getCoverState() : true
D/STATUSBAR-PhoneStatusBar(10162):  mBrightnessEnablebySettings = false mBrightnessEnablebyBattery = true mBrightnessEnablebyDisableFlag = true mPmsBrightnessEnablebySettings = true
D/SViewCoverView(10849): BroadcastReceiver onReceive() : action : android.intent.action.BATTERY_CHANGED
D/SViewCoverView(10849): level :87 plugged : 2
D/BatteryMeterView(10162): ACTION_BATTERY_CHANGED : level:87 status:2 health:2
D/STATUSBAR-IconMerger(10162): checkOverflow(504), More:false, Req:false Child:4
D/PowerManagerService( 9918): [api] [s] userActivity : event: 0 flags: 0 (uid: 1000 pid: 9918) eventTime = 94296794
D/PowerManagerService( 9918): [api] release WakeLock flags=0x2000000a tag=WindowManager uid=1000 pid=9918 (0x0)
D/PowerManagerService( 9918): [api] applyWakeLockFlagsOnReleaseLocked : userActivityNoUpdateLocked is called : SCREEN_BRIGHT_WAKE_LOCK        'WindowManager' ON_AFTER_RELEASE (uid=1000, pid=9918, ws=WorkSource{10342}) (elapsedTime=3513)
W/ActivityManager( 9918): Permission Denial: get/set setting for user asks to run as user -2 but is calling from user 0; this requires android.permission.INTERACT_ACROSS_USERS_FULL
D/STATUSBAR-NetworkController(10162): refreshSignalCluster - setNWBoosterIndicators(false)
D/STATUSBAR-NetworkController(10162): refreshSignalCluster: data=-1 bt=false
D/STATUSBAR-IconMerger(10162): checkOverflow(504), More:false, Req:false Child:4
W/ActivityManager( 9918): Permission Denial: get/set setting for user asks to run as user -2 but is calling from user 0; this requires android.permission.INTERACT_ACROSS_USERS_FULL
D/CustomFrequencyManagerService( 9918): acquireDVFSLockLocked : type : DVFS_MIN_LIMIT  frequency : 1350000  uid : 1000  pid : 9918  pkgName : ACTIVITY_RESUME_BOOSTER@6
W/ActivityManager( 9918): mDVFSHelper.acquire()
V/SmartFaceService - 3rd party pause( 9918): onReceive [android.intent.action.ACTIVITY_STATE/com.example.demo_app2/pause]
W/InputMethodManagerService( 9918): Window already focused, ignoring focus gain of: com.android.internal.view.IInputMethodClient$Stub$Proxy@440f3d18 attribute=null, token = android.os.BinderProxy@43fb35a0
D/PowerManagerService( 9918): setKeyboardVisibility: false
V/SmartFaceService - 3rd party pause( 9918): onReceive [android.intent.action.ACTIVITY_STATE/com.example.demo_app2/create]
D/STATUSBAR-StatusBarManagerService( 9918): manageDisableList what=0x0 pkg=WindowManager.LayoutParams
D/StatusBarManagerService( 9918): semi p:30394,o:f
D/StatusBarManagerService( 9918): tr p:30394,o:f
D/CustomFrequencyManagerService( 9918): releaseDVFSLockLocked : Getting Lock type frm List : DVFS_MIN_LIMIT  frequency : 1350000  uid : 1000  pid : 9918  tag : ACTIVITY_RESUME_BOOSTER@6
W/ActivityManager( 9918): mDVFSHelper.release()
D/CustomFrequencyManagerService( 9918): acquireDVFSLockLocked : type : DVFS_MIN_LIMIT  frequency : 1350000  uid : 1000  pid : 9918  pkgName : ACTIVITY_RESUME_BOOSTER@10
D/CustomFrequencyManagerService( 9918): acquireDVFSLockLocked : type : DVFS_MIN_LIMIT  frequency : 1350000  uid : 1000  pid : 9918  pkgName : ACTIVITY_RESUME_BOOSTER@6
W/ActivityManager( 9918): mDVFSHelper.acquire()
V/SmartFaceService - 3rd party pause( 9918): onReceive [android.intent.action.ACTIVITY_STATE/com.example.demo_app2/pause]
W/ContextImpl( 9918): Calling a method in the system process without a qualified user: android.app.ContextImpl.sendBroadcast:1513 com.android.server.InputMethodManagerService$4.run:2773 java.lang.Thread.run:841 <bottom of call stack> <bottom of call stack> 
D/PowerManagerService( 9918): setKeyboardVisibility: false
V/SmartFaceService - 3rd party pause( 9918): onReceive [android.intent.action.ACTIVITY_STATE/com.google.android.gms/create]
D/MotionRecognitionService( 9918):  ssp status : true
D/StatusBarManagerService( 9918): semi p:6291,o:f
D/STATUSBAR-StatusBarManagerService( 9918): manageDisableList what=0x0 pkg=WindowManager.LayoutParams
W/ContextImpl( 9918): Calling a method in the system process without a qualified user: android.app.ContextImpl.sendBroadcast:1513 com.android.server.InputMethodManagerService$4.run:2773 java.lang.Thread.run:841 <bottom of call stack> <bottom of call stack> 
D/CustomFrequencyManagerService( 9918): releaseDVFSLockLocked : Getting Lock type frm List : DVFS_MIN_LIMIT  frequency : 1350000  uid : 1000  pid : 9918  tag : ACTIVITY_RESUME_BOOSTER@10
W/WifiP2pStateTracker( 9918): WifiP2pStateReceiver : android.net.wifi.LINK_CONFIGURATION_CHANGED
W/WifiP2pStateTracker( 9918): WifiP2pStateReceiver : android.net.wifi.LINK_CONFIGURATION_CHANGED
W/WifiP2pStateTracker( 9918): WifiP2pStateReceiver : android.net.wifi.LINK_CONFIGURATION_CHANGED
D/ConnectivityService( 9918): handleConnectivityChange: address are the same reset per doReset linkProperty[1]: resetMask=0
D/ConnectivityService( 9918): handleConnectivityChange: setting default proxy info 
D/ConnectivityService( 9918): updateSourceRoutes : no source routing conditions
D/ConnectivityService( 9918): handleConnectivityChange: address are the same reset per doReset linkProperty[1]: resetMask=0
D/ConnectivityService( 9918): handleConnectivityChange: setting default proxy info 
D/ConnectivityService( 9918): updateSourceRoutes : no source routing conditions
D/ConnectivityService( 9918): handleConnectivityChange: address are the same reset per doReset linkProperty[1]: resetMask=0
D/ConnectivityService( 9918): handleConnectivityChange: setting default proxy info 
D/ConnectivityService( 9918): updateSourceRoutes : no source routing conditions
D/CustomFrequencyManagerService( 9918): releaseDVFSLockLocked : Getting Lock type frm List : DVFS_MIN_LIMIT  frequency : 1350000  uid : 1000  pid : 9918  tag : ACTIVITY_RESUME_BOOSTER@6
W/ActivityManager( 9918): mDVFSHelper.release()
D/CustomFrequencyManagerService( 9918): acquireDVFSLockLocked : type : DVFS_MIN_LIMIT  frequency : 1350000  uid : 1000  pid : 9918  pkgName : ACTIVITY_RESUME_BOOSTER@10
D/CustomFrequencyManagerService( 9918): releaseDVFSLockLocked : Getting Lock type frm List : DVFS_MIN_LIMIT  frequency : 1350000  uid : 1000  pid : 9918  tag : ACTIVITY_RESUME_BOOSTER@10
V/AlarmManager( 9918): waitForAlarm result :8
D/KeyguardClockWidgetService(10802): onReceive action=android.intent.action.TIME_TICK
V/AlarmManager( 9918): ClockReceiver onReceive() ACTION_TIME_TICK
D/STATUSBAR-IconMerger(10162): checkOverflow(504), More:false, Req:false Child:4
D/SViewCoverWidget(10849): initClock() : TimeZone =libcore.util.ZoneInfo[id="America/Los_Angeles",mRawOffset=-28800000,mEarliestRawOffset=-28800000,mUseDst=true,mDstSavings=3600000,transitions=185]
D/STATUSBAR-NetworkController(10162): refreshSignalCluster - setNWBoosterIndicators(false)
D/STATUSBAR-NetworkController(10162): refreshSignalCluster: data=-1 bt=false
D/STATUSBAR-IconMerger(10162): checkOverflow(504), More:false, Req:false Child:4
W/ActivityManager( 9918): Permission Denial: get/set setting for user asks to run as user -2 but is calling from user 0; this requires android.permission.INTERACT_ACROSS_USERS_FULL
V/SmartFaceService - 3rd party pause( 9918): onReceive [android.intent.action.ACTIVITY_STATE/com.google.android.gms/pause]
D/CustomFrequencyManagerService( 9918): acquireDVFSLockLocked : type : DVFS_MIN_LIMIT  frequency : 1350000  uid : 1000  pid : 9918  pkgName : ACTIVITY_RESUME_BOOSTER@6
W/ActivityManager( 9918): mDVFSHelper.acquire()
D/PowerManagerService( 9918): setKeyboardVisibility: false
D/STATUSBAR-StatusBarManagerService( 9918): manageDisableList what=0x0 pkg=WindowManager.LayoutParams
D/CustomFrequencyManagerService( 9918): releaseDVFSLockLocked : Getting Lock type frm List : DVFS_MIN_LIMIT  frequency : 1350000  uid : 1000  pid : 9918  tag : ACTIVITY_RESUME_BOOSTER@6
D/CustomFrequencyManagerService( 9918): acquireDVFSLockLocked : type : DVFS_MIN_LIMIT  frequency : 1350000  uid : 1000  pid : 9918  pkgName : ACTIVITY_RESUME_BOOSTER@6
W/ActivityManager( 9918): mDVFSHelper.acquire()
V/SmartFaceService - 3rd party pause( 9918): onReceive [android.intent.action.ACTIVITY_STATE/com.example.demo_app2/resume]
V/SmartFaceService - 3rd party pause( 9918): onReceive [android.intent.action.ACTIVITY_STATE/com.example.demo_app2/pause]
D/StatusBarManagerService( 9918): semi p:30394,o:f
W/ContextImpl( 9918): Calling a method in the system process without a qualified user: android.app.ContextImpl.sendBroadcast:1513 com.android.server.InputMethodManagerService$4.run:2773 java.lang.Thread.run:841 <bottom of call stack> <bottom of call stack> 
D/PowerManagerService( 9918): setKeyboardVisibility: false
V/SmartFaceService - 3rd party pause( 9918): onReceive [android.intent.action.ACTIVITY_STATE/com.example.demo_app2/create]
D/StatusBarManagerService( 9918): tr p:30394,o:f
D/SSRMv2:SIOP( 9918): SIOP:: AP = 410 (0), Delta = 30
D/StatusBarManagerService( 9918): semi p:30394,o:f
D/STATUSBAR-StatusBarManagerService( 9918): manageDisableList what=0x0 pkg=WindowManager.LayoutParams
W/ContextImpl( 9918): Calling a method in the system process without a qualified user: android.app.ContextImpl.sendBroadcast:1513 com.android.server.InputMethodManagerService$4.run:2773 java.lang.Thread.run:841 <bottom of call stack> <bottom of call stack> 
D/CustomFrequencyManagerService( 9918): releaseDVFSLockLocked : Getting Lock type frm List : DVFS_MIN_LIMIT  frequency : 1350000  uid : 1000  pid : 9918  tag : ACTIVITY_RESUME_BOOSTER@6
W/ActivityManager( 9918): mDVFSHelper.release()
D/CustomFrequencyManagerService( 9918): acquireDVFSLockLocked : type : DVFS_MIN_LIMIT  frequency : 1350000  uid : 1000  pid : 9918  pkgName : ACTIVITY_RESUME_BOOSTER@10
V/AlarmManager( 9918): waitForAlarm result :4
V/AlarmManager( 9918): trigger ELAPSED_REALTIME_WAKEUP or RTC_WAKEUP
V/AlarmManager( 9918): trigger ELAPSED_REALTIME_WAKEUP or RTC_WAKEUP
D/CustomFrequencyManagerService( 9918): releaseDVFSLockLocked : Getting Lock type frm List : DVFS_MIN_LIMIT  frequency : 1350000  uid : 1000  pid : 9918  tag : ACTIVITY_RESUME_BOOSTER@10
D/STATUSBAR-NetworkController(10162): refreshSignalCluster - setNWBoosterIndicators(false)
D/STATUSBAR-NetworkController(10162): refreshSignalCluster: data=-1 bt=false
D/STATUSBAR-IconMerger(10162): checkOverflow(504), More:false, Req:false Child:4
I/ActivityManager( 9918): Killing 1285:com.android.settings/1000 (adj 15): empty #33
D/STATUSBAR-NetworkController(10162): onSignalStrengthsChanged signalStrength=SignalStrength: 16 -1 -1 -1 -1 -1 -1 99 2147483647 2147483647 2147483647 -1 2147483647 gsm|lte 0x4 level=4
D/STATUSBAR-NetworkController(10162): refreshSignalCluster - setNWBoosterIndicators(false)
D/STATUSBAR-NetworkController(10162): refreshSignalCluster: data=-1 bt=false
D/STATUSBAR-IconMerger(10162): checkOverflow(504), More:false, Req:false Child:4
D/STATUSBAR-NetworkController(10162): onSignalStrengthsChanged signalStrength=SignalStrength: 16 -1 -1 -1 -1 -1 -1 99 2147483647 2147483647 2147483647 -1 2147483647 gsm|lte 0x4 level=4
D/BatteryService( 9918): level:87, scale:100, status:2, health:2, present:true, voltage: 4157, temperature: 324, technology: Li-ion, AC powered:false, USB powered:true, Wireless powered:false, icon:17303669, invalid charger:0, online:4, current avg:360, charge type:2, power sharing:false, high voltage charger:false
D/BatteryService( 9918): Sending ACTION_BATTERY_CHANGED.
D/UiModeManager( 9918): mCoverManager.getCoverState() : true
D/SViewCoverView(10849): BroadcastReceiver onReceive() : action : android.intent.action.BATTERY_CHANGED
D/SViewCoverView(10849): level :87 plugged : 2
D/STATUSBAR-PhoneStatusBar(10162):  mBrightnessEnablebySettings = false mBrightnessEnablebyBattery = true mBrightnessEnablebyDisableFlag = true mPmsBrightnessEnablebySettings = true
D/BatteryMeterView(10162): ACTION_BATTERY_CHANGED : level:87 status:2 health:2
D/STATUSBAR-IconMerger(10162): checkOverflow(504), More:false, Req:false Child:4
W/ActivityManager( 9918): Permission Denial: get/set setting for user asks to run as user -2 but is calling from user 0; this requires android.permission.INTERACT_ACROSS_USERS_FULL
D/CustomFrequencyManagerService( 9918): acquireDVFSLockLocked : type : DVFS_MIN_LIMIT  frequency : 1350000  uid : 1000  pid : 9918  pkgName : ACTIVITY_RESUME_BOOSTER@6
W/ActivityManager( 9918): mDVFSHelper.acquire()
V/SmartFaceService - 3rd party pause( 9918): onReceive [android.intent.action.ACTIVITY_STATE/com.example.demo_app2/pause]
D/PowerManagerService( 9918): setKeyboardVisibility: false
V/SmartFaceService - 3rd party pause( 9918): onReceive [android.intent.action.ACTIVITY_STATE/com.example.demo_app2/create]
D/CustomFrequencyManagerService( 9918): releaseDVFSLockLocked : Getting Lock type frm List : DVFS_MIN_LIMIT  frequency : 1350000  uid : 1000  pid : 9918  tag : ACTIVITY_RESUME_BOOSTER@6
D/CustomFrequencyManagerService( 9918): acquireDVFSLockLocked : type : DVFS_MIN_LIMIT  frequency : 1350000  uid : 1000  pid : 9918  pkgName : ACTIVITY_RESUME_BOOSTER@6
W/ActivityManager( 9918): mDVFSHelper.acquire()
V/SmartFaceService - 3rd party pause( 9918): onReceive [android.intent.action.ACTIVITY_STATE/com.example.demo_app2/pause]
D/StatusBarManagerService( 9918): tr p:30394,o:f
D/StatusBarManagerService( 9918): semi p:30394,o:f
D/PowerManagerService( 9918): setKeyboardVisibility: false
V/SmartFaceService - 3rd party pause( 9918): onReceive [android.intent.action.ACTIVITY_STATE/com.google.android.gms/create]
D/MotionRecognitionService( 9918):  ssp status : true
D/StatusBarManagerService( 9918): semi p:6291,o:f
D/STATUSBAR-StatusBarManagerService( 9918): manageDisableList what=0x0 pkg=WindowManager.LayoutParams
W/ContextImpl( 9918): Calling a method in the system process without a qualified user: android.app.ContextImpl.sendBroadcast:1513 com.android.server.InputMethodManagerService$4.run:2773 java.lang.Thread.run:841 <bottom of call stack> <bottom of call stack> 
D/CustomFrequencyManagerService( 9918): releaseDVFSLockLocked : Getting Lock type frm List : DVFS_MIN_LIMIT  frequency : 1350000  uid : 1000  pid : 9918  tag : ACTIVITY_RESUME_BOOSTER@6
W/ActivityManager( 9918): mDVFSHelper.release()
D/CustomFrequencyManagerService( 9918): acquireDVFSLockLocked : type : DVFS_MIN_LIMIT  frequency : 1350000  uid : 1000  pid : 9918  pkgName : ACTIVITY_RESUME_BOOSTER@10
D/CustomFrequencyManagerService( 9918): releaseDVFSLockLocked : Getting Lock type frm List : DVFS_MIN_LIMIT  frequency : 1350000  uid : 1000  pid : 9918  tag : ACTIVITY_RESUME_BOOSTER@10
D/STATUSBAR-NetworkController(10162): onSignalStrengthsChanged signalStrength=SignalStrength: 16 -1 -1 -1 -1 -1 -1 99 2147483647 2147483647 2147483647 -1 2147483647 gsm|lte 0x4 level=4
W/ActivityManager( 9918): Permission Denial: get/set setting for user asks to run as user -2 but is calling from user 0; this requires android.permission.INTERACT_ACROSS_USERS_FULL
V/SmartFaceService - 3rd party pause( 9918): onReceive [android.intent.action.ACTIVITY_STATE/com.google.android.gms/pause]
D/CustomFrequencyManagerService( 9918): acquireDVFSLockLocked : type : DVFS_MIN_LIMIT  frequency : 1350000  uid : 1000  pid : 9918  pkgName : ACTIVITY_RESUME_BOOSTER@6
W/ActivityManager( 9918): mDVFSHelper.acquire()
D/PowerManagerService( 9918): setKeyboardVisibility: false
D/STATUSBAR-StatusBarManagerService( 9918): manageDisableList what=0x0 pkg=WindowManager.LayoutParams
V/SmartFaceService - 3rd party pause( 9918): onReceive [android.intent.action.ACTIVITY_STATE/com.example.demo_app2/resume]
D/CustomFrequencyManagerService( 9918): releaseDVFSLockLocked : Getting Lock type frm List : DVFS_MIN_LIMIT  frequency : 1350000  uid : 1000  pid : 9918  tag : ACTIVITY_RESUME_BOOSTER@6
D/CustomFrequencyManagerService( 9918): acquireDVFSLockLocked : type : DVFS_MIN_LIMIT  frequency : 1350000  uid : 1000  pid : 9918  pkgName : ACTIVITY_RESUME_BOOSTER@6
W/ActivityManager( 9918): mDVFSHelper.acquire()
V/SmartFaceService - 3rd party pause( 9918): onReceive [android.intent.action.ACTIVITY_STATE/com.example.demo_app2/pause]
D/StatusBarManagerService( 9918): semi p:30394,o:f
W/ContextImpl( 9918): Calling a method in the system process without a qualified user: android.app.ContextImpl.sendBroadcast:1513 com.android.server.InputMethodManagerService$4.run:2773 java.lang.Thread.run:841 <bottom of call stack> <bottom of call stack> 
D/PowerManagerService( 9918): setKeyboardVisibility: false
V/SmartFaceService - 3rd party pause( 9918): onReceive [android.intent.action.ACTIVITY_STATE/com.example.demo_app2/create]
D/StatusBarManagerService( 9918): tr p:30394,o:f
D/StatusBarManagerService( 9918): semi p:30394,o:f
D/STATUSBAR-StatusBarManagerService( 9918): manageDisableList what=0x0 pkg=WindowManager.LayoutParams
D/STATUSBAR-NetworkController(10162): refreshSignalCluster - setNWBoosterIndicators(false)
D/STATUSBAR-NetworkController(10162): refreshSignalCluster: data=-1 bt=false
D/STATUSBAR-IconMerger(10162): checkOverflow(504), More:false, Req:false Child:4
W/ContextImpl(10603): Calling a method in the system process without a qualified user: android.app.ContextImpl.sendBroadcast:1513 android.content.ContextWrapper.sendBroadcast:377 com.diotek.ime.framework.common.InputManagerImpl.sendInputLanguage:9765 com.diotek.ime.framework.common.InputManagerImpl.initDefaultLanguage:5146 com.diotek.ime.framework.common.InputManagerImpl.initSelectedLanguage:5387 
W/ContextImpl(10603): Calling a method in the system process without a qualified user: android.app.ContextImpl.sendBroadcast:1513 android.content.ContextWrapper.sendBroadcast:377 com.diotek.ime.framework.common.InputManagerImpl.sendInputLanguage:9765 com.diotek.ime.framework.common.InputManagerImpl.setLanguage:5715 com.diotek.ime.framework.common.InputManagerImpl.startInputViewContinue:3561 
W/ContextImpl(10603): Calling a method in the system process without a qualified user: android.app.ContextImpl.sendBroadcast:1513 android.content.ContextWrapper.sendBroadcast:377 com.diotek.ime.framework.common.InputManagerImpl.sendBroadcaseSIPShown:9575 com.diotek.ime.framework.common.InputManagerImpl.startInputView:3367 com.sec.android.inputmethod.SamsungKeypad.onStartInputView:335 
W/ContextImpl(10603): Calling a method in the system process without a qualified user: android.app.ContextImpl.sendBroadcast:1513 android.content.ContextWrapper.sendBroadcast:377 android.inputmethodservice.InputMethodService.sendInputViewShownState:408 android.inputmethodservice.InputMethodService.showWindow:1845 android.inputmethodservice.InputMethodService$InputMethodImpl.showSoftInput:559 
D/SSRMv2:TSP:AirViewOnOff( 9918): SettingsAirViewInfo:: 000000000
W/ContextImpl( 9918): Calling a method in the system process without a qualified user: android.app.ContextImpl.sendBroadcast:1527 com.android.server.StatusBarManagerService.sendNotification:987 com.android.server.StatusBarManagerService.addNotification:676 com.android.server.NotificationManagerService$7.run:2186 android.os.Handler.handleCallback:733 
D/STATUSBAR-StatusBarManagerService( 9918): sendNotification(1) - 17041272
D/SViewCoverView(10849): BroadcastReceiver onReceive() : action : com.android.server.NotificationManagerService.NotificationArrived
D/UserManagerService( 9918): User -1does not exists!!
E/PersonaManagerService( 9918): returning null in  getPersonasForUser
D/CustomFrequencyManagerService( 9918): releaseDVFSLockLocked : Getting Lock type frm List : DVFS_MIN_LIMIT  frequency : 1350000  uid : 1000  pid : 9918  tag : ACTIVITY_RESUME_BOOSTER@6
W/ActivityManager( 9918): mDVFSHelper.release()
D/CustomFrequencyManagerService( 9918): acquireDVFSLockLocked : type : DVFS_MIN_LIMIT  frequency : 1350000  uid : 1000  pid : 9918  pkgName : ACTIVITY_RESUME_BOOSTER@10
D/PhoneStatusBar(10162): tick(): knoxCustomManager = android.app.enterprise.knoxcustom.KnoxCustomManager@431a2b38
D/STATUSBAR-IconMerger(10162): checkOverflow(504), More:false, Req:false Child:5
D/CustomFrequencyManagerService( 9918): releaseDVFSLockLocked : Getting Lock type frm List : DVFS_MIN_LIMIT  frequency : 1350000  uid : 1000  pid : 9918  tag : ACTIVITY_RESUME_BOOSTER@10
E/Watchdog( 9918): !@Sync 3100
D/STATUSBAR-NetworkController(10162): refreshSignalCluster - setNWBoosterIndicators(false)
D/STATUSBAR-NetworkController(10162): refreshSignalCluster: data=-1 bt=false
D/STATUSBAR-IconMerger(10162): checkOverflow(504), More:false, Req:false Child:5
V/VibratorService( 9918): vibrateImmVibePatternMagnitudeType - magnitudeType: TouchMagnitude
D/VibratorService( 9918): ImmVibe vibratorOff()
V/VibratorService( 9918): vibrateImmVibePattern - package: com.sec.android.inputmethod, magnitude: 6000
V/VibratorService( 9918): vibrateImmVibePatternMagnitudeType - magnitudeType: TouchMagnitude
D/VibratorService( 9918): ImmVibe vibratorOff()
V/VibratorService( 9918): vibrateImmVibePattern - package: com.sec.android.inputmethod, magnitude: 6000
V/VibratorService( 9918): vibrateImmVibePatternMagnitudeType - magnitudeType: TouchMagnitude
D/VibratorService( 9918): ImmVibe vibratorOff()
V/VibratorService( 9918): vibrateImmVibePattern - package: com.sec.android.inputmethod, magnitude: 6000
V/AlarmManager( 9918): waitForAlarm result :4
V/AlarmManager( 9918): trigger ELAPSED_REALTIME_WAKEUP or RTC_WAKEUP
D/SSRMv2:SIOP( 9918): SIOP:: AP = 410 (0), Delta = 0
D/PowerManagerService( 9918): [api] userActivityFromNative : 10 (event: 2 flags: 0) eventTime = 94311379
V/VibratorService( 9918): vibrateImmVibePatternMagnitudeType - magnitudeType: TouchMagnitude
D/VibratorService( 9918): ImmVibe vibratorOff()
V/VibratorService( 9918): vibrateImmVibePattern - package: com.sec.android.inputmethod, magnitude: 6000
V/VibratorService( 9918): vibrateImmVibePatternMagnitudeType - magnitudeType: TouchMagnitude
D/VibratorService( 9918): ImmVibe vibratorOff()
V/VibratorService( 9918): vibrateImmVibePattern - package: com.sec.android.inputmethod, magnitude: 6000
V/VibratorService( 9918): vibrateImmVibePatternMagnitudeType - magnitudeType: TouchMagnitude
D/VibratorService( 9918): ImmVibe vibratorOff()
V/VibratorService( 9918): vibrateImmVibePattern - package: com.sec.android.inputmethod, magnitude: 6000
V/VibratorService( 9918): vibrateImmVibePatternMagnitudeType - magnitudeType: TouchMagnitude
D/VibratorService( 9918): ImmVibe vibratorOff()
V/VibratorService( 9918): vibrateImmVibePattern - package: com.sec.android.inputmethod, magnitude: 6000
W/ActivityManager( 9918): Permission Denial: get/set setting for user asks to run as user -2 but is calling from user 0; this requires android.permission.INTERACT_ACROSS_USERS_FULL
W/InputMethodManagerService( 9918): Window already focused, ignoring focus gain of: com.android.internal.view.IInputMethodClient$Stub$Proxy@43d1b1a8 attribute=null, token = android.os.BinderProxy@441738d8
W/ContextImpl( 9918): Calling a method in the system process without a qualified user: android.app.ContextImpl.sendBroadcast:1527 com.android.server.StatusBarManagerService.sendNotification:987 com.android.server.StatusBarManagerService.updateNotification:696 com.android.server.NotificationManagerService$7.run:2178 android.os.Handler.handleCallback:733 
D/STATUSBAR-StatusBarManagerService( 9918): sendNotification(2) - 17041272
D/SViewCoverView(10849): BroadcastReceiver onReceive() : action : com.android.server.NotificationManagerService.NotificationArrived
D/UserManagerService( 9918): User -1does not exists!!
E/PersonaManagerService( 9918): returning null in  getPersonasForUser
D/STATUSBAR-NetworkController(10162): onSignalStrengthsChanged signalStrength=SignalStrength: 16 -1 -1 -1 -1 -1 -1 99 2147483647 2147483647 2147483647 -1 2147483647 gsm|lte 0x4 level=4
D/STATUSBAR-NetworkController(10162): refreshSignalCluster - setNWBoosterIndicators(false)
D/STATUSBAR-NetworkController(10162): refreshSignalCluster: data=-1 bt=false
D/STATUSBAR-IconMerger(10162): checkOverflow(504), More:false, Req:false Child:5
D/CustomFrequencyManagerService( 9918): acquireDVFSLockLocked : type : DVFS_MIN_LIMIT  frequency : 1350000  uid : 1000  pid : 9918  pkgName : ACTIVITY_RESUME_BOOSTER@6
W/ActivityManager( 9918): mDVFSHelper.acquire()
V/SmartFaceService - 3rd party pause( 9918): onReceive [android.intent.action.ACTIVITY_STATE/com.example.demo_app2/pause]
W/InputMethodManagerService( 9918): Window already focused, ignoring focus gain of: com.android.internal.view.IInputMethodClient$Stub$Proxy@43c0e118 attribute=null, token = android.os.BinderProxy@441738d8
W/ContextImpl( 9918): Calling a method in the system process without a qualified user: android.app.ContextImpl.sendBroadcast:1527 com.android.server.StatusBarManagerService.sendNotification:987 com.android.server.StatusBarManagerService.updateNotification:696 com.android.server.NotificationManagerService$7.run:2178 android.os.Handler.handleCallback:733 
D/STATUSBAR-StatusBarManagerService( 9918): sendNotification(2) - 17041272
D/PowerManagerService( 9918): setKeyboardVisibility: false
D/UserManagerService( 9918): User -1does not exists!!
E/PersonaManagerService( 9918): returning null in  getPersonasForUser
D/SViewCoverView(10849): BroadcastReceiver onReceive() : action : com.android.server.NotificationManagerService.NotificationArrived
V/SmartFaceService - 3rd party pause( 9918): onReceive [android.intent.action.ACTIVITY_STATE/com.example.demo_app2/create]
D/StatusBarManagerService( 9918): tr p:30394,o:f
D/StatusBarManagerService( 9918): semi p:30394,o:f
D/STATUSBAR-StatusBarManagerService( 9918): manageDisableList what=0x0 pkg=WindowManager.LayoutParams
W/ContextImpl( 9918): Calling a method in the system process without a qualified user: android.app.ContextImpl.sendBroadcast:1513 com.android.server.InputMethodManagerService$4.run:2773 java.lang.Thread.run:841 <bottom of call stack> <bottom of call stack> 
W/ContextImpl(10603): Calling a method in the system process without a qualified user: android.app.ContextImpl.sendBroadcast:1513 android.content.ContextWrapper.sendBroadcast:377 android.inputmethodservice.InputMethodService.sendInputViewShownState:408 android.inputmethodservice.InputMethodService.hideWindow:1985 android.inputmethodservice.InputMethodService.doHideWindow:1963 
W/ContextImpl( 9918): Calling a method in the system process without a qualified user: android.app.ContextImpl.sendBroadcast:1527 com.android.server.StatusBarManagerService.sendNotification:987 com.android.server.StatusBarManagerService.removeNotification:712 com.android.server.NotificationManagerService.cancelNotificationLocked:2499 com.android.server.NotificationManagerService.access$5200:161 
D/STATUSBAR-StatusBarManagerService( 9918): sendNotification(3) - 17041272
D/NotificationService( 9918):  Sending broadcast for cancel notification = StatusBarNotification(pkg=android user=UserHandle{-1} id=17041272 tag=null score=0: Notification(pri=0 icon=10804ec contentView=android/0x1090083 vibrate=null sound=null defaults=0x0 flags=0x1002 when=0 ledARGB=0x0 contentIntent=Y deleteIntent=N contentTitle=19 contentText=16 originalPackageName=N originalUserId=0 tickerText=N kind=[android.system.imeswitcher]))
W/ContextImpl( 9918): Calling a method in the system process without a qualified user: android.app.ContextImpl.sendBroadcast:1513 com.android.server.NotificationManagerService.cancelNotificationLocked:2577 com.android.server.NotificationManagerService.access$5200:161 com.android.server.NotificationManagerService$8.run:2630 android.os.Handler.handleCallback:733 
D/LightsService( 9918): [api] [SvcLED] turnOff:: id = 4 (uid: 1000 pid: 9918) 
D/LightsService( 9918): [SvcLED] setSvcLedStateLocked:: SvcLEDState : 0x0 -> 0x0 | SvcLED(id=4) set Off
D/LightsService( 9918): [SvcLED] Lux failed to be updated in 700ms. -> handleForcedSvcLEDTasK
D/LightsService( 9918): [SvcLED]  setSvcLedLightLocked :: Current SvcLED(id=4) maintains its priority right
D/SSRMv2:TSP:AirViewOnOff( 9918): SettingsAirViewInfo:: 000000000
D/UserManagerService( 9918): User -1does not exists!!
D/STATUSBAR-IconMerger(10162): checkOverflow(504), More:false, Req:false Child:4
D/CustomFrequencyManagerService( 9918): releaseDVFSLockLocked : Getting Lock type frm List : DVFS_MIN_LIMIT  frequency : 1350000  uid : 1000  pid : 9918  tag : ACTIVITY_RESUME_BOOSTER@6
W/ActivityManager( 9918): mDVFSHelper.release()
D/CustomFrequencyManagerService( 9918): acquireDVFSLockLocked : type : DVFS_MIN_LIMIT  frequency : 1350000  uid : 1000  pid : 9918  pkgName : ACTIVITY_RESUME_BOOSTER@10
D/CustomFrequencyManagerService( 9918): releaseDVFSLockLocked : Getting Lock type frm List : DVFS_MIN_LIMIT  frequency : 1350000  uid : 1000  pid : 9918  tag : ACTIVITY_RESUME_BOOSTER@10
D/STATUSBAR-NetworkController(10162): refreshSignalCluster - setNWBoosterIndicators(false)
D/STATUSBAR-NetworkController(10162): refreshSignalCluster: data=-1 bt=false
D/STATUSBAR-IconMerger(10162): checkOverflow(504), More:false, Req:false Child:4
W/ContextImpl(10603): Calling a method in the system process without a qualified user: android.app.ContextImpl.sendBroadcast:1513 android.content.ContextWrapper.sendBroadcast:377 com.diotek.ime.framework.common.InputManagerImpl.sendInputLanguage:9765 com.diotek.ime.framework.common.InputManagerImpl.initDefaultLanguage:5146 com.diotek.ime.framework.common.InputManagerImpl.initSelectedLanguage:5387 
W/ContextImpl(10603): Calling a method in the system process without a qualified user: android.app.ContextImpl.sendBroadcast:1513 android.content.ContextWrapper.sendBroadcast:377 com.diotek.ime.framework.common.InputManagerImpl.sendInputLanguage:9765 com.diotek.ime.framework.common.InputManagerImpl.setLanguage:5715 com.diotek.ime.framework.common.InputManagerImpl.startInputViewContinue:3561 
W/ContextImpl(10603): Calling a method in the system process without a qualified user: android.app.ContextImpl.sendBroadcast:1513 android.content.ContextWrapper.sendBroadcast:377 com.diotek.ime.framework.common.InputManagerImpl.sendBroadcaseSIPShown:9575 com.diotek.ime.framework.common.InputManagerImpl.startInputView:3367 com.sec.android.inputmethod.SamsungKeypad.onStartInputView:335 
W/ContextImpl(10603): Calling a method in the system process without a qualified user: android.app.ContextImpl.sendBroadcast:1513 android.content.ContextWrapper.sendBroadcast:377 android.inputmethodservice.InputMethodService.sendInputViewShownState:408 android.inputmethodservice.InputMethodService.showWindow:1845 android.inputmethodservice.InputMethodService$InputMethodImpl.showSoftInput:559 
D/SSRMv2:TSP:AirViewOnOff( 9918): SettingsAirViewInfo:: 000000000
W/ContextImpl( 9918): Calling a method in the system process without a qualified user: android.app.ContextImpl.sendBroadcast:1527 com.android.server.StatusBarManagerService.sendNotification:987 com.android.server.StatusBarManagerService.addNotification:676 com.android.server.NotificationManagerService$7.run:2186 android.os.Handler.handleCallback:733 
D/STATUSBAR-StatusBarManagerService( 9918): sendNotification(1) - 17041272
D/SViewCoverView(10849): BroadcastReceiver onReceive() : action : com.android.server.NotificationManagerService.NotificationArrived
D/UserManagerService( 9918): User -1does not exists!!
E/PersonaManagerService( 9918): returning null in  getPersonasForUser
D/PhoneStatusBar(10162): tick(): knoxCustomManager = android.app.enterprise.knoxcustom.KnoxCustomManager@431a2b38
D/STATUSBAR-IconMerger(10162): checkOverflow(504), More:false, Req:false Child:5
V/VibratorService( 9918): vibrateImmVibePatternMagnitudeType - magnitudeType: TouchMagnitude
D/VibratorService( 9918): ImmVibe vibratorOff()
V/VibratorService( 9918): vibrateImmVibePattern - package: com.sec.android.inputmethod, magnitude: 6000
V/VibratorService( 9918): vibrateImmVibePatternMagnitudeType - magnitudeType: TouchMagnitude
D/VibratorService( 9918): ImmVibe vibratorOff()
V/VibratorService( 9918): vibrateImmVibePattern - package: com.sec.android.inputmethod, magnitude: 6000
D/STATUSBAR-NetworkController(10162): refreshSignalCluster - setNWBoosterIndicators(false)
D/STATUSBAR-NetworkController(10162): refreshSignalCluster: data=-1 bt=false
D/STATUSBAR-IconMerger(10162): checkOverflow(504), More:false, Req:false Child:5
V/VibratorService( 9918): vibrateImmVibePatternMagnitudeType - magnitudeType: TouchMagnitude
D/VibratorService( 9918): ImmVibe vibratorOff()
V/VibratorService( 9918): vibrateImmVibePattern - package: com.sec.android.inputmethod, magnitude: 6000
V/AlarmManager( 9918): waitForAlarm result :8
V/VibratorService( 9918): vibrateImmVibePatternMagnitudeType - magnitudeType: TouchMagnitude
D/VibratorService( 9918): ImmVibe vibratorOff()
V/VibratorService( 9918): vibrateImmVibePattern - package: com.sec.android.inputmethod, magnitude: 6000
V/AlarmManager( 9918): waitForAlarm result :4
V/AlarmManager( 9918): trigger ELAPSED_REALTIME_WAKEUP or RTC_WAKEUP
D/BatteryService( 9918): level:87, scale:100, status:2, health:2, present:true, voltage: 4128, temperature: 325, technology: Li-ion, AC powered:false, USB powered:true, Wireless powered:false, icon:17303669, invalid charger:0, online:4, current avg:360, charge type:2, power sharing:false, high voltage charger:false
D/BatteryService( 9918): Sending ACTION_BATTERY_CHANGED.
D/UiModeManager( 9918): mCoverManager.getCoverState() : true
D/SViewCoverView(10849): BroadcastReceiver onReceive() : action : android.intent.action.BATTERY_CHANGED
D/SViewCoverView(10849): level :87 plugged : 2
D/STATUSBAR-PhoneStatusBar(10162):  mBrightnessEnablebySettings = false mBrightnessEnablebyBattery = true mBrightnessEnablebyDisableFlag = true mPmsBrightnessEnablebySettings = true
D/BatteryMeterView(10162): ACTION_BATTERY_CHANGED : level:87 status:2 health:2
D/STATUSBAR-IconMerger(10162): checkOverflow(504), More:false, Req:false Child:5
V/VibratorService( 9918): vibrateImmVibePatternMagnitudeType - magnitudeType: TouchMagnitude
D/VibratorService( 9918): ImmVibe vibratorOff()
V/VibratorService( 9918): vibrateImmVibePattern - package: com.sec.android.inputmethod, magnitude: 6000
D/STATUSBAR-NetworkController(10162): refreshSignalCluster - setNWBoosterIndicators(false)
D/STATUSBAR-NetworkController(10162): refreshSignalCluster: data=-1 bt=false
D/STATUSBAR-IconMerger(10162): checkOverflow(504), More:false, Req:false Child:5
V/VibratorService( 9918): vibrateImmVibePatternMagnitudeType - magnitudeType: TouchMagnitude
D/VibratorService( 9918): ImmVibe vibratorOff()
V/VibratorService( 9918): vibrateImmVibePattern - package: com.sec.android.inputmethod, magnitude: 6000
V/VibratorService( 9918): vibrateImmVibePatternMagnitudeType - magnitudeType: TouchMagnitude
D/VibratorService( 9918): ImmVibe vibratorOff()
V/VibratorService( 9918): vibrateImmVibePattern - package: com.sec.android.inputmethod, magnitude: 6000
V/VibratorService( 9918): vibrateImmVibePatternMagnitudeType - magnitudeType: TouchMagnitude
D/VibratorService( 9918): ImmVibe vibratorOff()
V/VibratorService( 9918): vibrateImmVibePattern - package: com.sec.android.inputmethod, magnitude: 6000
D/SSRMv2:SIOP( 9918): SIOP:: AP = 420 (0), Delta = 10
D/PowerManagerService( 9918): [api] userActivityFromNative : 20 (event: 2 flags: 0) eventTime = 94321343
W/ContextImpl(10603): Calling a method in the system process without a qualified user: android.app.ContextImpl.sendBroadcast:1513 android.content.ContextWrapper.sendBroadcast:377 android.inputmethodservice.InputMethodService.sendInputViewShownState:408 android.inputmethodservice.InputMethodService.showWindow:1845 android.inputmethodservice.InputMethodService$InputMethodImpl.showSoftInput:559 
D/SSRMv2:TSP:AirViewOnOff( 9918): SettingsAirViewInfo:: 000000000
W/ContextImpl( 9918): Calling a method in the system process without a qualified user: android.app.ContextImpl.sendBroadcast:1527 com.android.server.StatusBarManagerService.sendNotification:987 com.android.server.StatusBarManagerService.updateNotification:696 com.android.server.NotificationManagerService$7.run:2178 android.os.Handler.handleCallback:733 
D/STATUSBAR-StatusBarManagerService( 9918): sendNotification(2) - 17041272
D/SViewCoverView(10849): BroadcastReceiver onReceive() : action : com.android.server.NotificationManagerService.NotificationArrived
D/UserManagerService( 9918): User -1does not exists!!
E/PersonaManagerService( 9918): returning null in  getPersonasForUser
D/STATUSBAR-NetworkController(10162): refreshSignalCluster - setNWBoosterIndicators(false)
D/STATUSBAR-NetworkController(10162): refreshSignalCluster: data=-1 bt=false
D/STATUSBAR-IconMerger(10162): checkOverflow(504), More:false, Req:false Child:5
W/ActivityManager( 9918): Permission Denial: get/set setting for user asks to run as user -2 but is calling from user 0; this requires android.permission.INTERACT_ACROSS_USERS_FULL
W/ContextImpl(10603): Calling a method in the system process without a qualified user: android.app.ContextImpl.sendBroadcast:1513 android.content.ContextWrapper.sendBroadcast:377 com.diotek.ime.framework.common.InputManagerImpl.sendBroadcaseSIPShown:9575 com.diotek.ime.framework.common.InputManagerImpl.startInputView:3367 com.sec.android.inputmethod.SamsungKeypad.onStartInputView:335 
W/ContextImpl(10603): Calling a method in the system process without a qualified user: android.app.ContextImpl.sendBroadcast:1513 android.content.ContextWrapper.sendBroadcast:377 android.inputmethodservice.InputMethodService.sendInputViewShownState:408 android.inputmethodservice.InputMethodService.showWindow:1845 android.inputmethodservice.InputMethodService$InputMethodImpl.showSoftInput:559 
D/SSRMv2:TSP:AirViewOnOff( 9918): SettingsAirViewInfo:: 000000000
W/ContextImpl( 9918): Calling a method in the system process without a qualified user: android.app.ContextImpl.sendBroadcast:1527 com.android.server.StatusBarManagerService.sendNotification:987 com.android.server.StatusBarManagerService.updateNotification:696 com.android.server.NotificationManagerService$7.run:2178 android.os.Handler.handleCallback:733 
D/STATUSBAR-StatusBarManagerService( 9918): sendNotification(2) - 17041272
D/SViewCoverView(10849): BroadcastReceiver onReceive() : action : com.android.server.NotificationManagerService.NotificationArrived
D/UserManagerService( 9918): User -1does not exists!!
E/PersonaManagerService( 9918): returning null in  getPersonasForUser
W/ContextImpl(10603): Calling a method in the system process without a qualified user: android.app.ContextImpl.sendBroadcast:1513 android.content.ContextWrapper.sendBroadcast:377 com.diotek.ime.framework.common.InputManagerImpl.sendBroadcaseSIPShown:9575 com.diotek.ime.framework.common.InputManagerImpl.startInputView:3367 com.sec.android.inputmethod.SamsungKeypad.onStartInputView:335 
W/ContextImpl(10603): Calling a method in the system process without a qualified user: android.app.ContextImpl.sendBroadcast:1513 android.content.ContextWrapper.sendBroadcast:377 android.inputmethodservice.InputMethodService.sendInputViewShownState:408 android.inputmethodservice.InputMethodService.showWindow:1845 android.inputmethodservice.InputMethodService$InputMethodImpl.showSoftInput:559 
D/SSRMv2:TSP:AirViewOnOff( 9918): SettingsAirViewInfo:: 000000000
W/ContextImpl( 9918): Calling a method in the system process without a qualified user: android.app.ContextImpl.sendBroadcast:1527 com.android.server.StatusBarManagerService.sendNotification:987 com.android.server.StatusBarManagerService.updateNotification:696 com.android.server.NotificationManagerService$7.run:2178 android.os.Handler.handleCallback:733 
D/STATUSBAR-StatusBarManagerService( 9918): sendNotification(2) - 17041272
D/UserManagerService( 9918): User -1does not exists!!
