V/AwesomePlayer( 9491): reset_l() mAudioPlayer successfully deleted
I/SecMediaClock( 9491): SecMediaClock destructor
V/AwesomePlayer( 9491): mSecMediaClock clear
V/StagefrightPlayer( 9491): ~StagefrightPlayer
V/StagefrightPlayer( 9491): reset
V/AwesomePlayer( 9491): reset_l()
V/AwesomePlayer( 9491): notifyListner_l() msg (8-MEDIA_STOPPED), ext1 (0), ext2 (0)
V/AwesomePlayer( 9491): cancelPlayerEvents (keepNotifications=0)
V/AwesomePlayer( 9491): mAudioTrackVector clear
V/AwesomePlayer( 9491): reset_l() mAudioPlayer successfully deleted
V/AwesomePlayer( 9491): mSecMediaClock clear
V/AwesomePlayer( 9491): destructor
V/AwesomePlayer( 9491): reset_l()
V/AwesomePlayer( 9491): notifyListner_l() msg (8-MEDIA_STOPPED), ext1 (0), ext2 (0)
V/AwesomePlayer( 9491): cancelPlayerEvents (keepNotifications=0)
V/AwesomePlayer( 9491): mAudioTrackVector clear
V/AwesomePlayer( 9491): reset_l() mAudioPlayer successfully deleted
V/AwesomePlayer( 9491): mSecMediaClock clear
V/MediaPlayer(10162): decode(104, 6760808, 24449)
V/MediaPlayerService( 9491): decode(43, 6760808, 24449)
V/MediaPlayerService( 9491): player type = 3
V/AwesomePlayer( 9491): setDefault
V/AwesomePlayer( 9491): constructor
V/AwesomePlayer( 9491): setDefault
V/AwesomePlayer( 9491): reset_l()
V/AwesomePlayer( 9491): notifyListner_l() msg (8-MEDIA_STOPPED), ext1 (0), ext2 (0)
V/AwesomePlayer( 9491): cancelPlayerEvents (keepNotifications=0)
V/AwesomePlayer( 9491): mAudioTrackVector clear
V/AwesomePlayer( 9491): reset_l() mAudioPlayer successfully deleted
V/AwesomePlayer( 9491): mSecMediaClock clear
I/ExtendedUtils( 9491): AV Sync late margin : Intended=40ms Using=0ms
V/StagefrightPlayer( 9491): StagefrightPlayer
V/AwesomePlayer( 9491): setListener
V/StagefrightPlayer( 9491): initCheck
V/AwesomePlayer( 9491): setAudioSink
V/StagefrightPlayer( 9491): setDataSource(43, 6760808, 24449)
D/AwesomePlayer( 9491): Before reset_l
V/AwesomePlayer( 9491): reset_l()
V/AwesomePlayer( 9491): notifyListner_l() msg (8-MEDIA_STOPPED), ext1 (0), ext2 (0)
V/AudioCache( 9491): notify(0xb7c61000, 8, 0, 0)
V/AudioCache( 9491): ignored
V/AwesomePlayer( 9491): cancelPlayerEvents (keepNotifications=0)
V/AwesomePlayer( 9491): mAudioTrackVector clear
V/AwesomePlayer( 9491): reset_l() mAudioPlayer successfully deleted
V/AwesomePlayer( 9491): mSecMediaClock clear
V/AwesomePlayer( 9491): track of type 'audio/vorbis' does not publish bitrate
V/AwesomePlayer( 9491): mBitrate = -1 bits/sec
V/AwesomePlayer( 9491): current audio track index (0) is added to vector
V/AwesomePlayer( 9491): setDataSource_l: Audio(1), Video(0)
I/AwesomePlayer( 9491): AwesomePlayer::setDataSource_l():: This is not a DRM content
V/MediaPlayerService( 9491): prepare
V/AwesomePlayer( 9491): prepareAsync
V/MediaPlayerService( 9491): wait for prepare
V/AwesomePlayer( 9491): onPrepareAsyncEvent
I/SecMediaClock( 9491): SecMediaClock constructor
I/SecMediaClock( 9491): reset
V/AwesomePlayer( 9491): initAudioDecoder
V/AwesomePlayer( 9491): checkOffloadExceptions is true
V/AudioPolicyManagerBase( 9491): isOffloadSupported: SR=44100, CM=0x3, Format=0x7000000, StreamType=-1, BitRate=4294967295, duration=2000000 us, has_video=0
V/AudioPolicyManagerBase( 9491): isOffloadSupported: stream_type != MUSIC, returning false
V/AwesomePlayer( 9491): nchannels 2;LPA will be skipped if nchannels is > 2 or nchannels == 0
I/AwesomePlayer( 9491): AwesomePlayer::initAudioDecoder Sample Rate= 44100 
W/AudioPolicyManagerBase( 9491): stream type [13], return media strategy
W/AudioPolicyManagerBase( 9491): stream type [13], return media strategy
W/AudioPolicyManagerBase( 9491): stream type [13], return media strategy
W/AudioPolicyManagerBase( 9491): stream type [13], return media strategy
W/AudioPolicyManagerBase( 9491): stream type [13], return media strategy
W/AudioPolicyManagerBase( 9491): stream type [13], return media strategy
V/AudioPolicyManagerBase( 9491): getNewDevice() selected device 0
I/AudioPolicyManagerBase( 9491): ### curdevice : 2
D/AwesomePlayer( 9491): maxPossible tunnels = 1
D/AwesomePlayer( 9491): Normal Audio Playback
I/OMXCodec( 9491): Attempting to allocate OMX node 'OMX.google.vorbis.decoder'
I/OMXCodec( 9491): Successfully allocated OMX node 'OMX.google.vorbis.decoder'
I/OMXCodec( 9491): [OMX.google.vorbis.decoder] OMXCodec::start mState=1
I/OMXCodec( 9491): [OMX.google.vorbis.decoder] allocating 4 buffers of size 8192 on input port
I/OMXCodec( 9491): [OMX.google.vorbis.decoder] allocating 4 buffers of size 32768 on output port
I/OMXCodec( 9491): [OMX.google.vorbis.decoder] Now Idle. Component sends idle done Event 
V/AwesomePlayer( 9491): finishAsyncPrepare_l
V/AwesomePlayer( 9491): notifyListner_l() msg (200-MEDIA_INFO), ext1 (973), ext2 (0)
V/AudioCache( 9491): notify(0xb7c61000, 200, 973, 0)
V/AudioCache( 9491): ignored
V/AwesomePlayer( 9491): notifyListner_l() msg (5-MEDIA_SET_VIDEO_SIZE), ext1 (0), ext2 (0)
V/AudioCache( 9491): notify(0xb7c61000, 5, 0, 0)
V/AudioCache( 9491): ignored
V/AwesomePlayer( 9491): notifyListner_l() msg (1-MEDIA_PREPARED), ext1 (0), ext2 (0)
V/AudioCache( 9491): notify(0xb7c61000, 1, 0, 0)
V/AudioCache( 9491): prepared
V/AudioCache( 9491): wait - success
V/MediaPlayerService( 9491): start
V/StagefrightPlayer( 9491): start
V/AwesomePlayer( 9491): play
V/AwesomePlayer( 9491): AwesomePlayer::play_l():: This is not a DRM content
W/AwesomePlayer( 9491): Trying to create tunnel player mIsTunnelAudio 0,             TunnelPlayer::mTunnelObjectsAlive = 0,            (mAudioPlayer == NULL) 1
V/AwesomePlayer( 9491): nchannels 1;LPA will be skipped if nchannels is > 2 or nchannels == 0
V/AwesomePlayer( 9491): startAudioPlayer_l, sendErrorNotification (0)
I/OMXNodeInstance( 9491): OMX_FreeBuffer for buffer header 0xb7c6d0c0 successful
I/OMXNodeInstance( 9491): OMX_FreeBuffer for buffer header 0xb7c6d2d0 successful
I/OMXNodeInstance( 9491): OMX_FreeBuffer for buffer header 0xb7c6d410 successful
I/OMXNodeInstance( 9491): OMX_FreeBuffer for buffer header 0xb7c6d538 successful
I/OMXCodec( 9491): [OMX.google.vorbis.decoder] 0onCmdComplete  mState =  7
I/OMXCodec( 9491): [OMX.google.vorbis.decoder] PORT_DISABLED(1)
I/OMXCodec( 9491): [OMX.google.vorbis.decoder] allocating 4 buffers of size 32768 on output port
I/AudioPlayer( 9491): Audio channels(2)
I/AudioPlayer( 9491):  Audioplayer kKeyAudioPCMFormat:1, 2, 0
I/AudioPlayer( 9491):  Audioplayer kKeyAudioPCMFormat read fail(2, 1)
V/AudioCache( 9491): open(44100, 2, 0x0, 1, 4)
V/AwesomePlayer( 9491): notifyListner_l() msg (6-MEDIA_STARTED), ext1 (0), ext2 (0)
V/AudioCache( 9491): notify(0xb7c61000, 6, 0, 0)
V/AudioCache( 9491): ignored
V/AwesomePlayer( 9491): addBatteryData
V/MediaPlayerService( 9491): wait for playback complete
D/TwCheckBox(16099): setButtonDrawable(Drawable d) mButtonBgHasBeenSet=false
D/TwCheckBox(16099): setChecked(1) checked=false, mCheckBoxAnimationEnabled=true, mIsAttached=false
D/TwCheckBox(16099): animationEnabled=true, usesDeviceDefaultBg=true, usesDeviceDefaultAnimResBg=true
D/Mms/Synchronizer(16099): [start]    dbSync()
I/OMXCodec( 9491): [OMX.google.vorbis.decoder] End Of Stream
V/AwesomePlayer( 9491): postAudioEOS delayUs (0)
V/AwesomePlayer( 9491): onCheckAudioStatus
V/AwesomePlayer( 9491): onCheckAudioStatus() set AUDIO_AT_EOS flag
V/AwesomePlayer( 9491): onStreamDone
V/AwesomePlayer( 9491): MEDIA_PLAYBACK_COMPLETE
V/AwesomePlayer( 9491): notifyListner_l() msg (2-MEDIA_PLAYBACK_COMPLETE), ext1 (0), ext2 (0)
V/AudioCache( 9491): notify(0xb7c61000, 2, 0, 0)
V/AudioCache( 9491): playback complete - thread will wake up later
V/AwesomePlayer( 9491): notifyListner_l() msg (7-MEDIA_PAUSED), ext1 (0), ext2 (0)
V/AudioCache( 9491): notify(0xb7c61000, 7, 0, 0)
V/AudioCache( 9491): ignored
V/AwesomePlayer( 9491): cancelPlayerEvents (keepNotifications=1)
V/AwesomePlayer( 9491): addBatteryData
V/AudioCache( 9491): wait - success
V/StagefrightPlayer( 9491): reset
V/AwesomePlayer( 9491): reset_l()
V/AwesomePlayer( 9491): notifyListner_l() msg (8-MEDIA_STOPPED), ext1 (0), ext2 (0)
V/AudioCache( 9491): notify(0xb7c61000, 8, 0, 0)
V/AudioCache( 9491): ignored
V/AwesomePlayer( 9491): cancelPlayerEvents (keepNotifications=0)
V/AwesomePlayer( 9491): mAudioTrackVector clear
I/OMXCodec( 9491): [OMX.google.vorbis.decoder] stop mState=4
I/OMXCodec( 9491): [OMX.google.vorbis.decoder] stop() sendCommand(0x358, OMX_CommandStateSet, OMX_StateIdle)
I/OMXCodec( 9491): [OMX.google.vorbis.decoder] Now Idle. Component sends idle done Event 
I/OMXNodeInstance( 9491): OMX_FreeBuffer for buffer header 0xb7c6cf50 successful
I/OMXNodeInstance( 9491): OMX_FreeBuffer for buffer header 0xb7c6a9b8 successful
I/OMXNodeInstance( 9491): OMX_FreeBuffer for buffer header 0xb7c6a8e8 successful
I/OMXNodeInstance( 9491): OMX_FreeBuffer for buffer header 0xb7c6a730 successful
I/OMXNodeInstance( 9491): OMX_FreeBuffer for buffer header 0xb7c6d228 successful
I/OMXNodeInstance( 9491): OMX_FreeBuffer for buffer header 0xb7c6d0e8 successful
I/OMXNodeInstance( 9491): OMX_FreeBuffer for buffer header 0xb7c6cfa8 successful
I/OMXNodeInstance( 9491): OMX_FreeBuffer for buffer header 0xb7c92920 successful
I/OMXCodec( 9491): [OMX.google.vorbis.decoder] stopOmxComponent_l() mstate = 1
I/OMX     ( 9491): instance freeNode
I/AudioPlayer( 9491): reset out
V/AwesomePlayer( 9491): reset_l() mAudioPlayer successfully deleted
I/SecMediaClock( 9491): SecMediaClock destructor
V/AwesomePlayer( 9491): mSecMediaClock clear
V/StagefrightPlayer( 9491): ~StagefrightPlayer
V/StagefrightPlayer( 9491): reset
V/AwesomePlayer( 9491): reset_l()
V/AwesomePlayer( 9491): notifyListner_l() msg (8-MEDIA_STOPPED), ext1 (0), ext2 (0)
V/AwesomePlayer( 9491): cancelPlayerEvents (keepNotifications=0)
V/AwesomePlayer( 9491): mAudioTrackVector clear
V/AwesomePlayer( 9491): reset_l() mAudioPlayer successfully deleted
V/AwesomePlayer( 9491): mSecMediaClock clear
V/AwesomePlayer( 9491): destructor
V/AwesomePlayer( 9491): reset_l()
V/AwesomePlayer( 9491): notifyListner_l() msg (8-MEDIA_STOPPED), ext1 (0), ext2 (0)
V/AwesomePlayer( 9491): cancelPlayerEvents (keepNotifications=0)
V/AwesomePlayer( 9491): mAudioTrackVector clear
V/AwesomePlayer( 9491): reset_l() mAudioPlayer successfully deleted
V/AwesomePlayer( 9491): mSecMediaClock clear
D/KeyguardUpdateMonitor(10162): sendKeyguardVisibilityChanged(true)
D/KeyguardUpdateMonitor(10162): sendKeyguardVisibilityChanged(true)
D/PointerIcon( 9918): setMouseIconStyle1 pointerType: 1001iconType:101 flag:0
D/PointerIcon( 9918): setMouseCustomIcon IconType is same.101
D/PointerIcon( 9918): setHoveringSpenIconStyle1 pointerType: 10001iconType:1 flag:0
D/PointerIcon( 9918): setHoveringSpenCustomIcon IconType is same.1
D/PowerManagerService( 9918): [api] setUserActivityTimeoutOverrideFromWindowManagerInternal: timeoutMillis: 10000
D/PowerManagerService( 9918): [api] setScreenDimDurationOverrideFromWindowManagerInternal: timeoutMillis: 0
D/PowerManagerService( 9918): [api] setButtonTimeoutOverrideFromWindowManagerInternal: timeoutMillis: 10000
W/View    (10162): requestLayout() improperly called by android.widget.TextView{4680aa90 V.ED.... ......ID 543,104-657,204 #7f0b002e app:id/ampm} during layout: running second layout pass
W/View    (10162): requestLayout() improperly called by android.widget.TextView{44fee0b0 VFED.... ......ID 0,0-361,68 #7f0b002f app:id/date} during layout: running second layout pass
W/View    (10162): requestLayout() improperly called by android.widget.TextView{4650d3a0 VFED.... ..S...ID 0,0-0,68 #7f0b0057 app:id/owner_info_text} during layout: running second layout pass
D/TP/MmsSmsProvider(10344): match 0:Elapsed time : 5.127 ms
D/KeyguardUpdateMonitor(10162): handleKeyguardVisibilityChanged(1)
D/KeyguardUpdateMonitor(10162): handleKeyguardVisibilityChanged(1)
D/PhoneStatusBar(10162): disable: < expand icons alerts ticker system_info BACK* HOME* RECENT* clock SEARCH* >
D/Launcher.Workspace(10369): exitWidgetResizeMode State: NORMAL, newDragStarted: false
W/ContextImpl(10802): Implicit intents with startService are not safe: Intent { act=keyguardclock.action.startservice } android.content.ContextWrapper.startService:506 android.content.ContextWrapper.startService:506 com.sec.android.app.keyguard.KeyguardClockWidgetProvider.onReceive:106 
D/KeyguardUpdateMonitor(10162): handleKeyguardVisibilityChanged(1)
D/KeyguardUpdateMonitor(10162): handleKeyguardVisibilityChanged(1)
D/KeyguardHostView(10162): Window is focused
D/STATUSBAR-PhoneStatusBar(10162):      ACTION_SCREEN_OFF is received!!!! 
D/STATUSBAR-PhoneStatusBar(10162): makeExpandedInvisible
D/PhoneStatusBarView(10162): marqueeStatusBar:18-9, mClearCover:0
D/STATUSBAR-PhoneStatusBar(10162):      ACTION_SCREEN_OFF is finished!!!! 
D/STATUSBAR-NetworkController(10162): onSignalStrengthsChanged signalStrength=SignalStrength: 22 -1 -1 -1 -1 -1 -1 99 2147483647 2147483647 2147483647 -1 2147483647 gsm|lte 0x5 level=5
D/KeyguardClockWidgetProvider(10802): onReceive action=android.appwidget.action.APPWIDGET_UPDATE_OPTIONS
D/STATUSBAR-AirplaneModeQuickSettingButton(10162): onReceive : android.intent.action.CLOSE_SYSTEM_DIALOGS
D/PhoneStatusBar(10162): disable(): knoxCustomManager = android.app.enterprise.knoxcustom.KnoxCustomManager@431a2b38
D/TP/MmsSmsProvider(10344): update uri: content://mms-sms/db_synchronization
V/TP/MmsSmsProvider(10344): syncDBData start
D/KeyguardHostView(10162): isPreloadedWallpaper=true
D/KeyguardUnlockView(10162): Window is focused
D/accuweather(10739): [Accuweather J]>>> SWW:80 [0:0] =============== BR act = androidintentactionSCREEN_OFF
D/StatusBarManagerService( 9918): tr p:10162,o:t
D/KeyguardClockWidgetService(10802): onReceive action=com.sec.android.widgetapp.KeyguardClock_Start
D/KeyguardClockWidgetProvider(10802): refreshSingleClock :{Home} Hour = 12, Min = 07
E/qdmemalloc( 9488): heap_msk=3000000 flags=1
E/qdmemalloc( 9488):  
V/TP/MmsSmsProvider(10344): syncDBData sms end
V/TP/MmsSmsProvider(10344): syncDBData mms end
V/TP/MmsSmsProvider(10344): syncDBData end
E/qdmemalloc( 9488): heap_msk=40000000 flags=1
E/qdmemalloc( 9488):  
E/qdmemalloc( 9488): heap_msk=3000000 flags=1
E/qdmemalloc( 9488):  
I/SELinux (16346): Function: selinux_android_load_priority , priority [3] , priority version is VE=SEPF_SAMSUNG-SGH-I337_4.4.4_0031
E/dalvikvm(16346): >>>>> Normal User
E/dalvikvm(16346): >>>>> com.sec.android.provider.badge [ userId:0 | appId:10077 ]
D/KeyguardUpdateMonitor(10162): sendKeyguardVisibilityChanged(true)
D/STATUSBAR-IconMerger(10162): checkOverflow(504), More:false, Req:false Child:4
D/PhoneStatusBar(10162): setTransGradationMode=true, mTransparentMode=true, mSemiTransparentMode=false, mMultiWindowMode=false
D/KeyguardViewMediator(10162): handleKeyguardDoneDrawing
D/KeyguardUpdateMonitor(10162): handleKeyguardVisibilityChanged(1)
D/Mms/Synchronizer(16099): [end]    dbSync()
D/KeyguardClockWidgetProvider(10802): desc Message = It is 12:7 PM
D/SViewCoverView(10849): BroadcastReceiver onReceive() : action : android.intent.action.SCREEN_OFF
I/MDPP    ( 9918): Property: Ready
D/KeyguardUpdateMonitor(10162): sendKeyguardVisibilityChanged(true)
E/qdmemalloc( 9488): heap_msk=40000000 flags=1
E/qdmemalloc( 9488):  
D/KeyguardUpdateMonitor(10162): sendKeyguardVisibilityChanged(true)
W/InputMethodManagerService( 9918): Focus gain on non-focused client com.android.internal.view.IInputMethodClient$Stub$Proxy@454a80d8 (uid=10342 pid=16149)
W/InputMethodManagerService( 9918): calledFromValidUser : true, (mCurFocusedWindow == windowToken) : false, (attribute != null) : true
D/KeyguardUpdateMonitor(10162): handleKeyguardVisibilityChanged(1)
I/SELinux (16357): Function: selinux_android_load_priority , priority [3] , priority version is VE=SEPF_SAMSUNG-SGH-I337_4.4.4_0031
E/dalvikvm(16357): >>>>> Normal User
E/dalvikvm(16357): >>>>> com.sec.android.gallery3d [ userId:0 | appId:10045 ]
W/InputMethodManagerService( 9918): (mCurClient != cs) : true, mCurFocusedWindow : android.os.BinderProxy@43cb38b0, windowToken : android.os.BinderProxy@44014448
V/InputMethodManagerService( 9918): Focus gain on non-focused client mCurClient info is ClientState{43e0dc38 uid 10009 pid 10369}
I/MDPP    ( 9918): Property: Ready
D/KeyguardUpdateMonitor(10162): handleKeyguardVisibilityChanged(1)
D/KeyguardUpdateMonitor(10162): sendKeyguardVisibilityChanged(true)
D/KeyguardUpdateMonitor(10162): handleKeyguardVisibilityChanged(1)
E/qdmemalloc( 9488): heap_msk=3000000 flags=1
E/qdmemalloc( 9488):  
D/CustomFrequencyManagerService( 9918): releaseDVFSLockLocked : Getting Lock type frm List : DVFS_MIN_LIMIT  frequency : 1350000  uid : 1000  pid : 9918  tag : ACTIVITY_RESUME_BOOSTER@6
W/ActivityManager( 9918): mDVFSHelper.release()
I/SurfaceFlinger( 9488): id=3049 Removed eemo_app2 (8/12)
I/SurfaceFlinger( 9488): id=3049 Removed eemo_app2 (-2/12)
E/qdmemalloc( 9488): heap_msk=40000000 flags=1
E/qdmemalloc( 9488):  
D/CustomFrequencyManagerService( 9918): acquireDVFSLockLocked : type : DVFS_MIN_LIMIT  frequency : 1350000  uid : 1000  pid : 9918  pkgName : ACTIVITY_RESUME_BOOSTER@10
D/KeyguardUpdateMonitor(10162): sendKeyguardVisibilityChanged(true)
D/KeyguardUpdateMonitor(10162): handleKeyguardVisibilityChanged(1)
I/ActivityManager( 9918): Killing 31503:com.att.android.digitallocker/u0a64 (adj 15): empty #33
I/ActivityManager( 9918): Killing 31283:com.sec.android.app.samsungapps/u0a39 (adj 15): empty #33
D/BadgeProvider(16346): onCreate
D/BadgeProvider(16346): DatabaseHelper
D/MdnsClient(10994): Multicast lock held. Releasing
D/PowerManagerService( 9918): [PWL] sb release: PowerManagerService.Broadcasts
D/Mms/MessagingNotification(16099): checkBadgeCount unreadCount=0 badgeCount=0
D/TP/MmsSmsProvider(10344): match 6:Elapsed time : 1.099 ms
W/System.err(16357): java.lang.NoSuchFieldException: SYSTEM_UI_FLAG_REMOVE_NAVIGATION
W/System.err(16357): 	at java.lang.Class.getField(Class.java:724)
W/System.err(16357): 	at com.sec.android.gallery3d.util.GalleryFeature.checkSystemUiVisibility(GalleryFeature.java:1713)
W/System.err(16357): 	at com.sec.android.gallery3d.util.GalleryFeature.init(GalleryFeature.java:342)
W/System.err(16357): 	at com.sec.android.gallery3d.app.GalleryAppImpl.getDataManager(GalleryAppImpl.java:237)
W/System.err(16357): 	at com.sec.android.gallery3d.provider.GalleryProvider.onCreate(GalleryProvider.java:126)
W/System.err(16357): 	at android.content.ContentProvider.attachInfo(ContentProvider.java:1591)
W/System.err(16357): 	at android.content.ContentProvider.attachInfo(ContentProvider.java:1562)
W/System.err(16357): 	at android.app.ActivityThread.installProvider(ActivityThread.java:5235)
W/System.err(16357): 	at android.app.ActivityThread.installContentProviders(ActivityThread.java:4813)
W/System.err(16357): 	at android.app.ActivityThread.handleBindApplication(ActivityThread.java:4753)
W/System.err(16357): 	at android.app.ActivityThread.access$1600(ActivityThread.java:170)
W/System.err(16357): 	at android.app.ActivityThread$H.handleMessage(ActivityThread.java:1364)
W/System.err(16357): 	at android.os.Handler.dispatchMessage(Handler.java:102)
W/System.err(16357): 	at android.os.Looper.loop(Looper.java:146)
W/System.err(16357): 	at android.app.ActivityThread.main(ActivityThread.java:5635)
W/System.err(16357): 	at java.lang.reflect.Method.invokeNative(Native Method)
W/System.err(16357): 	at java.lang.reflect.Method.invoke(Method.java:515)
W/System.err(16357): 	at com.android.internal.os.ZygoteInit$MethodAndArgsCaller.run(ZygoteInit.java:1291)
W/System.err(16357): 	at com.android.internal.os.ZygoteInit.main(ZygoteInit.java:1107)
W/System.err(16357): 	at dalvik.system.NativeStart.main(Native Method)
W/System.err(16357): android.content.pm.PackageManager$NameNotFoundException: com.sec.android.cloudagent
W/System.err(16357): 	at android.app.ApplicationPackageManager.getPackageInfo(ApplicationPackageManager.java:98)
W/System.err(16357): 	at com.sec.android.gallery3d.cloud.CloudRefer.isCloudAgentExist(CloudRefer.java:98)
W/System.err(16357): 	at com.sec.android.gallery3d.util.GalleryFeature.checkUseCloud(GalleryFeature.java:872)
W/System.err(16357): 	at com.sec.android.gallery3d.util.GalleryFeature.init(GalleryFeature.java:358)
W/System.err(16357): 	at com.sec.android.gallery3d.app.GalleryAppImpl.getDataManager(GalleryAppImpl.java:237)
W/System.err(16357): 	at com.sec.android.gallery3d.provider.GalleryProvider.onCreate(GalleryProvider.java:126)
W/System.err(16357): 	at android.content.ContentProvider.attachInfo(ContentProvider.java:1591)
W/System.err(16357): 	at android.content.ContentProvider.attachInfo(ContentProvider.java:1562)
W/System.err(16357): 	at android.app.ActivityThread.installProvider(ActivityThread.java:5235)
W/System.err(16357): 	at android.app.ActivityThread.installContentProviders(ActivityThread.java:4813)
W/System.err(16357): 	at android.app.ActivityThread.handleBindApplication(ActivityThread.java:4753)
W/System.err(16357): 	at android.app.ActivityThread.access$1600(ActivityThread.java:170)
W/System.err(16357): 	at android.app.ActivityThread$H.handleMessage(ActivityThread.java:1364)
W/System.err(16357): 	at android.os.Handler.dispatchMessage(Handler.java:102)
W/System.err(16357): 	at android.os.Looper.loop(Looper.java:146)
W/System.err(16357): 	at android.app.ActivityThread.main(ActivityThread.java:5635)
W/System.err(16357): 	at java.lang.reflect.Method.invokeNative(Native Method)
W/System.err(16357): 	at java.lang.reflect.Method.invoke(Method.java:515)
W/System.err(16357): 	at com.android.internal.os.ZygoteInit$MethodAndArgsCaller.run(ZygoteInit.java:1291)
W/System.err(16357): 	at com.android.internal.os.ZygoteInit.main(ZygoteInit.java:1107)
W/System.err(16357): 	at dalvik.system.NativeStart.main(Native Method)
D/dalvikvm( 9918): GC_CONCURRENT freed 5891K, 23% free 59814K/76720K, paused 18ms+18ms, total 276ms
D/Spen    (16357): SpenSdk version level = 55
D/Spen    (16357): SpenSdk jar version = 3.0.121
D/Spen    (16357): SPEN SDK 3.0 1559136
D/Spen    (16357): SpenSdk apk version = 3.0.121
D/Spen    (16357): Server UPDATE Check
E/asset   ( 9918): !@+++ closed '/mnt/asec/mobi.mgeek.TunnyBrowser-4/pkg.apk' by system_server(FinalizerDaemon)
W/linker  (16357): libSPenBase.so has text relocations. This is wasting memory and is a security risk. Please fix.
D/SPenError(16357): JNI_OnLoad
D/JNI_Bitmap(16357): Init .. Done
D/SPenSpiDecoder(16357): JNI_OnLoad .. Done
D/SPenError(16357): JNI_OnLoad Success
D/PluginManager(16357): Registering com/samsung/android/sdk/pen/plugin/framework/JniPluginManager natives
D/PluginManager(16357): Registering com/samsung/android/sdk/pen/plugin/framework/SpenPluginManager$PluginListener natives
D/Init_SPenSdk_Jni(16357): JNI_OnLoad
D/Init_SPenSdk_Jni(16357): JNI_OnLoad .. Done
D/Model_ObjectBase_Jni(16357): JNI_OnLoad .. Done
D/Model_ObjectStroke_Jni(16357): JNI_OnLoad .. Done
D/Model_ObjectImage_Jni(16357): JNI_OnLoad .. Done
D/Model_ObjectText_Jni(16357): JNI_OnLoad .. Done
D/Model_ObjectContainer_Jni(16357): JNI_OnLoad .. Done
D/Model_PageDoc_Jni(16357): JNI_OnLoad .. Done
D/Model_NoteDoc_Jni(16357): check build type eng[0]
D/Model_NoteDoc_Jni(16357): JNI_OnLoad .. Done
D/Model_NoteFile_Jni(16357): JNI_OnLoad .. Done
D/Model_ObjectUtil_Jni(16357): JNI_OnLoad .. Done
D/Model   (16357): OnLoad class Done
D/CustomFrequencyManagerService( 9918): releaseDVFSLockLocked : Getting Lock type frm List : DVFS_MIN_LIMIT  frequency : 1350000  uid : 1000  pid : 9918  tag : ACTIVITY_RESUME_BOOSTER@10
D/dalvikvm(16357): No JNI_OnLoad found in /system/lib/libSPenSkia.so 0x42a0ed00, skipping init
D/SPen_Library(16357): Draw Engine JNI_OnLoad enter!!
D/SPen_Library(16357): Canvas JNI_OnLoad enter!!
D/SPen_Library(16357): Canvas JNI_OnLoad Success
D/SPen_Library(16357): TextView JNI_OnLoad enter!!
D/SPen_Library(16357): TextView JNI_OnLoad Success
D/SPen_Library(16357): Text JNI_OnLoad enter!!
D/SPen_Library(16357): Text JNI_OnLoad Success
D/SPen_Library(16357): FontManager JNI_OnLoad enter!!
D/SPen_Library(16357): FontManager JNI_OnLoad Success
D/SPen_Library(16357): CapturePage JNI_OnLoad enter!!
D/SPen_Library(16357): CapturePage JNI_OnLoad Success
D/SPen_Library(16357): Multi JNI_OnLoad enter!!
D/SPen_Library(16357): Multi JNI_OnLoad Success
D/SPen_Library(16357): Draw Engine JNI_OnLoad Success
D/SPen_Library(16357): Brush JNI_OnLoad enter!!
D/SPen_Library(16357): Brush JNI_OnLoad Success
D/SPen_Library(16357): ChineseBrush JNI_OnLoad enter!!
D/SPen_Library(16357): ChineseBrush JNI_OnLoad Success
D/SPen_Library(16357): InkPen JNI_OnLoad enter!!
D/SPen_Library(16357): InkPen JNI_OnLoad Success
D/SPen_Library(16357): Marker JNI_OnLoad enter!!
D/SPen_Library(16357): Marker JNI_OnLoad Success
D/SPen_Library(16357): Pencil JNI_OnLoad enter!!
D/SPen_Library(16357): Pencil JNI_OnLoad Success
D/SPen_Library(16357): NativePen JNI_OnLoad enter!!
D/SPen_Library(16357): NativePen JNI_OnLoad Success
D/SPen_Library(16357): MagicPen JNI_OnLoad enter!!
D/SPen_Library(16357): MagicPen JNI_OnLoad Success
W/linker  (16357): libSPenHSV.so has text relocations. This is wasting memory and is a security risk. Please fix.
D/dalvikvm(16357): No JNI_OnLoad found in /system/lib/libSPenHSV.so 0x42a0ed00, skipping init
D/dalvikvm(16357): No JNI_OnLoad found in /system/lib/libSPenVIRecognition.so 0x42a0ed00, skipping init
D/dalvikvm(16357): No JNI_OnLoad found in /system/lib/libSPenVITextAll.so 0x42a0ed00, skipping init
D/Spen    (16357): SpenSdk Libraries are loaded.
D/Init_SPenSdk_Jni(16357): SPenSdk_init2
D/Init_SPenSdk(16357): Init - screen_width = 1080, screen_height = 1920, maxCacheSize = 5 M
D/Init_SPenSdk(16357): Total S Pen SDK Directory Size = 0
D/Spen    (16357): initialize complete
D/RCPManagerService( 9918): exchangeData() failure , invalid userId
D/RCPManagerService( 9918): exchangeData() failure , invalid userId
I/PackageManager( 9918): findPreferredActivity: No PreferredActivities set
W/ContextImpl(16357): Implicit intents with startService are not safe: Intent { act=com.sec.knox.containeragent.service.containerinstallermanager.ContainerInstallerManagerService } android.content.ContextWrapper.bindService:529 com.sec.knox.containeragent.ContainerInstallerManager.<init>:64 com.sec.android.gallery3d.util.GalleryUtils.setKNOXInstallMode:2222 
W/ActivityManager( 9918): Unable to start service Intent { act=com.sec.knox.containeragent.service.containerinstallermanager.ContainerInstallerManagerService } U=0: not found
D/NearbySource(16357): Nearby Source Create!
I/FA      (16149): Tag Manager is not found and thus will not be used
D/NearbyContext(16357): Nearby Context Create!
D/dalvikvm(16357): No JNI_OnLoad found in /system/lib/libXIVGallery2013.so 0x42a0ed00, skipping init
D/ContactProvider(16357): getAllContactInfoList Start
I/AudioService( 9918): getStreamVolume 0 index 0
D/BackupManagerService( 9918): Now staging backup of com.android.providers.settings
I/AudioService( 9918): getStreamVolume 0 index 0
I/SELinux (16383): Function: selinux_android_load_priority , priority [3] , priority version is VE=SEPF_SAMSUNG-SGH-I337_4.4.4_0031
E/dalvikvm(16383): >>>>> Normal User
E/dalvikvm(16383): >>>>> com.sec.android.SimpleWidget [ userId:0 | appId:10055 ]
I/ActivityManager( 9918): Killing 31578:com.att.mobiletransfer/u0a171 (adj 15): empty #33
I/SELinux (16395): Function: selinux_android_load_priority , priority [3] , priority version is VE=SEPF_SAMSUNG-SGH-I337_4.4.4_0031
E/dalvikvm(16395): >>>>> Normal User
E/dalvikvm(16395): >>>>> com.samsung.android.intelligenceservice [ userId:0 | appId:10237 ]
I/ActivityManager( 9918): Killing 31605:flipboard.app/u0a107 (adj 15): empty #33
E/DataRouter(  296): Opening of the USB File failed fd is -1 & errno is 2
I/person  (16357): thread: 21115, name = 
I/person  (16357): thread: 21115, id = 
I/person  (16357): thread: 21115, key = 
D/ContactProvider(16357): getAllContactInfoList End
I/syncContacts(16357): thread: 21115, sync time = 215
D/UserAnalysis.PlaceProvider(16395): Create SecureDbHelper
D/UserAnalysis.UserAnalysisBroadcastReceiver(16395): Create SecureDbHelper
I/PowerManagerService-JNI( 9918): CheckForString returning : -1
D/CustomFrequencyManagerService( 9918): releaseDVFSLockLocked : Getting Lock type frm List : DVFS_MIN_LIMIT  frequency : 1890000  uid : 1000  pid : 9918  tag : SSRM_PKG_OPT@22
I/SELinux (16407): Function: selinux_android_load_priority , priority [3] , priority version is VE=SEPF_SAMSUNG-SGH-I337_4.4.4_0031
E/dalvikvm(16407): >>>>> Normal User
E/dalvikvm(16407): >>>>> com.samsung.android.app.assistantmenu [ userId:0 | appId:1000 ]
I/ActivityManager( 9918): Killing 31794:com.sec.spp.push:RemoteDlcProcess/u0a38 (adj 15): empty #33
D/SSRMv2:SIOP( 9918): SIOP:: AP = 470 (0), Delta = 70
W/ContextImpl(16407): Calling a method in the system process without a qualified user: android.app.ContextImpl.startService:1869 android.content.ContextWrapper.startService:506 android.content.ContextWrapper.startService:506 com.samsung.android.app.assistantmenu.AssistantMenuReceiver.onReceive:162 android.app.ActivityThread.handleReceiver:2669 
I/SELinux (16421): Function: selinux_android_load_priority , priority [3] , priority version is VE=SEPF_SAMSUNG-SGH-I337_4.4.4_0031
E/dalvikvm(16421): >>>>> Normal User
E/dalvikvm(16421): >>>>> com.sec.android.service.cm [ userId:0 | appId:10084 ]
I/ActivityManager( 9918): Killing 30988:com.groupon/u0a214 (adj 15): empty #33
D/SSRMv2:SIOP( 9918): SIOP:: AP = 470 (0), Delta = 0
D/CapabilityManagerService New(16421): Receiver Broadcast:android.intent.action.PACKAGE_REMOVED
D/CapabilityManagerService New(16421): The package(com.example.demo_app2) updated
I/SELinux (16439): Function: selinux_android_load_priority , priority [3] , priority version is VE=SEPF_SAMSUNG-SGH-I337_4.4.4_0031
E/dalvikvm(16439): >>>>> Normal User
E/dalvikvm(16439): >>>>> com.sec.knox.bridge [ userId:0 | appId:1000 ]
I/ActivityManager( 9918): Killing 30874:com.sec.chaton/u0a86 (adj 15): empty #33
I/SELinux (16454): Function: selinux_android_load_priority , priority [3] , priority version is VE=SEPF_SAMSUNG-SGH-I337_4.4.4_0031
E/dalvikvm(16454): >>>>> Normal User
E/dalvikvm(16454): >>>>> com.samsung.android.app.filterinstaller [ userId:0 | appId:1000 ]
I/ActivityManager( 9918): Killing 373:com.sec.android.app.sbrowser/u0a149 (adj 15): empty #33
D/dalvikvm( 9489): GC_EXPLICIT freed 43K, 38% free 16822K/26788K, paused 2ms+2ms, total 25ms
D/dalvikvm( 9489): GC_EXPLICIT freed <1K, 38% free 16822K/26788K, paused 2ms+3ms, total 20ms
W/ContextImpl(16454): Calling a method in the system process without a qualified user: android.app.ContextImpl.startService:1869 android.content.ContextWrapper.startService:506 android.content.ContextWrapper.startService:506 com.samsung.android.app.filterinstaller.PackageIntentReceiver.onReceive:55 android.app.ActivityThread.handleReceiver:2669 
D/dalvikvm( 9489): GC_EXPLICIT freed <1K, 38% free 16822K/26788K, paused 1ms+3ms, total 19ms
I/SELinux (16467): Function: selinux_android_load_priority , priority [3] , priority version is VE=SEPF_SAMSUNG-SGH-I337_4.4.4_0031
E/dalvikvm(16467): >>>>> Normal User
E/dalvikvm(16467): >>>>> com.samsung.android.app.watchmanagerstub [ userId:0 | appId:10109 ]
I/SELinux (16479): Function: selinux_android_load_priority , priority [3] , priority version is VE=SEPF_SAMSUNG-SGH-I337_4.4.4_0031
E/dalvikvm(16479): >>>>> Normal User
E/dalvikvm(16479): >>>>> com.samsung.android.provider.filterprovider [ userId:0 | appId:10105 ]
I/SELinux (16492): Function: selinux_android_load_priority , priority [3] , priority version is VE=SEPF_SAMSUNG-SGH-I337_4.4.4_0031
E/dalvikvm(16492): >>>>> Normal User
E/dalvikvm(16492): >>>>> com.samsung.helphub [ userId:0 | appId:1000 ]
I/ActivityManager( 9918): Killing 428:com.android.browser.provider/u0a83 (adj 15): empty #33
I/ActivityManager( 9918): Killing 1861:com.soundcloud.android/u0a229 (adj 15): empty #33
I/AndroidRuntime(16454): VM exiting with result code 0, cleanup skipped.
W/ContextImpl(16454): Calling a method in the system process without a qualified user: android.app.ContextImpl.sendBroadcast:1513 android.content.ContextWrapper.sendBroadcast:377 com.samsung.android.app.filterinstaller.FilterUninstaller.uninstallFilters:44 com.samsung.android.app.filterinstaller.FilterPackageService$ServiceHandler.handleMessage:132 android.os.Handler.dispatchMessage:102 
I/ActivityManager( 9918): Process com.samsung.android.app.filterinstaller (pid 16454) (adj 0) has died.
I/SELinux (16506): Function: selinux_android_load_priority , priority [3] , priority version is VE=SEPF_SAMSUNG-SGH-I337_4.4.4_0031
E/dalvikvm(16506): >>>>> Normal User
E/dalvikvm(16506): >>>>> com.sec.android.app.controlpanel [ userId:0 | appId:10119 ]
I/ActivityManager( 9918): Killing 3895:com.mobeam.barcodeService/1000 (adj 15): empty #33
I/SELinux (16518): Function: selinux_android_load_priority , priority [3] , priority version is VE=SEPF_SAMSUNG-SGH-I337_4.4.4_0031
E/dalvikvm(16518): >>>>> Normal User
E/dalvikvm(16518): >>>>> com.android.keychain [ userId:0 | appId:1000 ]
I/ActivityManager( 9918): Killing 31674:com.instagram.android/u0a260 (adj 15): empty #33
W/ContextImpl(16518): Calling a method in the system process without a qualified user: android.app.ContextImpl.startService:1869 android.content.ContextWrapper.startService:506 android.content.ContextWrapper.startService:506 com.android.keychain.KeyChainBroadcastReceiver.onReceive:12 android.app.ActivityThread.handleReceiver:2669 
I/SELinux (16532): Function: selinux_android_load_priority , priority [3] , priority version is VE=SEPF_SAMSUNG-SGH-I337_4.4.4_0031
E/dalvikvm(16532): >>>>> Normal User
E/dalvikvm(16532): >>>>> com.nuance.swype.input [ userId:0 | appId:10181 ]
D/PackageManager( 9918): [MSG] CHECK_PENDING_VERIFICATION
I/ActivityManager( 9918): Killing 30716:com.facebook.katana/u0a191 (adj 15): empty #33
I/SELinux (16552): Function: selinux_android_load_priority , priority [3] , priority version is VE=SEPF_SAMSUNG-SGH-I337_4.4.4_0031
I/ActivityManager( 9918): Killing 7954:com.sec.knox.seandroid/1000 (adj 15): empty #33
E/dalvikvm(16552): >>>>> Normal User
E/dalvikvm(16552): >>>>> com.sec.kidsplat.installer [ userId:0 | appId:10250 ]
D/KidsModeInstallReceiver(16552): onReceive intent data =  package:com.example.demo_app2
I/SELinux (16564): Function: selinux_android_load_priority , priority [3] , priority version is VE=SEPF_SAMSUNG-SGH-I337_4.4.4_0031
E/dalvikvm(16564): >>>>> Normal User
E/dalvikvm(16564): >>>>> com.google.android.apps.plus [ userId:0 | appId:10145 ]
I/ActivityManager( 9918): Killing 8009:com.qualcomm.timeservice/u0a184 (adj 15): empty #33
E/DataRouter(  296): Opening of the USB File failed fd is -1 & errno is 2
I/SELinux (16576): Function: selinux_android_load_priority , priority [3] , priority version is VE=SEPF_SAMSUNG-SGH-I337_4.4.4_0031
E/dalvikvm(16576): >>>>> Normal User
E/dalvikvm(16576): >>>>> flipboard.app [ userId:0 | appId:10107 ]
I/dalvikvm(16576): Could not find method android.webkit.WebView.enableSlowWholeDocumentDraw, referenced from method flipboard.app.FlipboardApplication.onCreate
W/dalvikvm(16576): VFY: unable to resolve static method 14018: Landroid/webkit/WebView;.enableSlowWholeDocumentDraw ()V
D/dalvikvm(16576): VFY: replacing opcode 0x71 at 0x029a
I/MultiDex(16576): VM with version 1.6.0 does not have multidex support
I/MultiDex(16576): install
I/MultiDex(16576): MultiDexExtractor.load(/data/app/flipboard.app-35.apk, false)
I/MultiDex(16576): loading existing secondary dex files
I/MultiDex(16576): load found 0 secondary dex files
I/MultiDex(16576): install done
I/dalvikvm(16576): Could not find method android.content.pm.PackageManager.getPackageInstaller, referenced from method com.google.android.gms.common.zze.zzi
W/dalvikvm(16576): VFY: unable to resolve virtual method 618: Landroid/content/pm/PackageManager;.getPackageInstaller ()Landroid/content/pm/PackageInstaller;
D/dalvikvm(16576): VFY: replacing opcode 0x6e at 0x000b
I/GMPM    (16576): App measurement is starting up, version: 8487
I/GMPM    (16576): To enable debug logging run: adb shell setprop log.tag.GMPM VERBOSE
E/GMPM    (16576): GoogleService failed to initialize, status: 10, Missing an expected resource: 'R.string.google_app_id' for initializing Google services.  Possible causes are missing google-services.json or com.google.gms.google-services gradle plugin.
E/GMPM    (16576): Scheduler not set. Not logging error/warn.
E/GMPM    (16576): Uploading is not possible. App measurement disabled
I/SELinux (16601): Function: selinux_android_load_priority , priority [3] , priority version is VE=SEPF_SAMSUNG-SGH-I337_4.4.4_0031
E/dalvikvm(16601): >>>>> Normal User
E/dalvikvm(16601): >>>>> com.facebook.katana [ userId:0 | appId:10191 ]
I/dalvikvm(16564): Could not find method android.content.Context.getSystemService, referenced from method ly.a
W/dalvikvm(16564): VFY: unable to resolve virtual method 3255: Landroid/content/Context;.getSystemService (Ljava/lang/Class;)Ljava/lang/Object;
D/dalvikvm(16564): VFY: replacing opcode 0x6e at 0x0002
D/FlipboardApplication(16576): NewSettingsFragment.tryUpgradePreferences - Upgrading 0 preference(s).
E/dalvikvm(16564): Could not find class 'android.app.Notification$Action$Builder', referenced from method ly.a
W/dalvikvm(16564): VFY: unable to resolve new-instance 413 (Landroid/app/Notification$Action$Builder;) in Lly;
D/dalvikvm(16564): VFY: replacing opcode 0x22 at 0x0000
I/dalvikvm(16564): Could not find method android.content.Context.getDrawable, referenced from method ly.a
W/dalvikvm(16564): VFY: unable to resolve virtual method 3241: Landroid/content/Context;.getDrawable (I)Landroid/graphics/drawable/Drawable;
D/dalvikvm(16564): VFY: replacing opcode 0x6e at 0x0000
E/dalvikvm(16564): Could not find class 'android.graphics.drawable.RippleDrawable', referenced from method ly.a
W/dalvikvm(16564): VFY: unable to resolve new-instance 581 (Landroid/graphics/drawable/RippleDrawable;) in Lly;
D/dalvikvm(16564): VFY: replacing opcode 0x22 at 0x0008
I/dalvikvm(16564): Could not find method android.widget.CompoundButton.getButtonDrawable, referenced from method ly.a
W/dalvikvm(16564): VFY: unable to resolve virtual method 7226: Landroid/widget/CompoundButton;.getButtonDrawable ()Landroid/graphics/drawable/Drawable;
D/dalvikvm(16564): VFY: replacing opcode 0x6e at 0x0000
I/dalvikvm(16564): Could not find method android.app.RemoteInput.getResultsFromIntent, referenced from method ly.a
W/dalvikvm(16564): VFY: unable to resolve static method 3103: Landroid/app/RemoteInput;.getResultsFromIntent (Landroid/content/Intent;)Landroid/os/Bundle;
D/dalvikvm(16564): VFY: replacing opcode 0x71 at 0x0000
D/flip    (16576): [DEBUG:0] Config settings not loaded: creating null settings: flipboard.toolbox.Format$Exception: dump stack, Log:a:87, Log:a:127, FlipboardManager:y:2085, NetworkManager:<init>:135, FlipboardManager:<init>:545, FlipboardApplication:onCreate:275, ...
E/dalvikvm(16564): Could not find class 'android.media.MediaDescription$Builder', referenced from method ly.a
W/dalvikvm(16564): VFY: unable to resolve new-instance 599 (Landroid/media/MediaDescription$Builder;) in Lly;
D/dalvikvm(16564): VFY: replacing opcode 0x22 at 0x0000
I/dalvikvm(16564): Could not find method android.view.accessibility.AccessibilityNodeInfo$CollectionItemInfo.obtain, referenced from method ly.a
W/dalvikvm(16564): VFY: unable to resolve static method 6924: Landroid/view/accessibility/AccessibilityNodeInfo$CollectionItemInfo;.obtain (IIIIZZ)Landroid/view/accessibility/AccessibilityNodeInfo$CollectionItemInfo;
D/dalvikvm(16564): VFY: replacing opcode 0x77 at 0x0000
I/dalvikvm(16564): Could not find method android.view.accessibility.AccessibilityNodeInfo$CollectionInfo.obtain, referenced from method ly.a
W/dalvikvm(16564): VFY: unable to resolve static method 6922: Landroid/view/accessibility/AccessibilityNodeInfo$CollectionInfo;.obtain (IIZI)Landroid/view/accessibility/AccessibilityNodeInfo$CollectionInfo;
D/dalvikvm(16564): VFY: replacing opcode 0x71 at 0x0000
E/dalvikvm(16564): Could not find class 'android.view.accessibility.AccessibilityNodeInfo$AccessibilityAction', referenced from method ly.a
W/dalvikvm(16564): VFY: unable to resolve new-instance 906 (Landroid/view/accessibility/AccessibilityNodeInfo$AccessibilityAction;) in Lly;
D/dalvikvm(16564): VFY: replacing opcode 0x22 at 0x0000
E/dalvikvm(16564): Could not find class 'android.media.session.MediaController', referenced from method ly.a
W/dalvikvm(16564): VFY: unable to resolve new-instance 624 (Landroid/media/session/MediaController;) in Lly;
D/dalvikvm(16564): VFY: replacing opcode 0x22 at 0x0000
W/dalvikvm(16564): VFY: unable to resolve static field 1669 (CREATOR) in Landroid/media/MediaDescription;
D/dalvikvm(16564): VFY: replacing opcode 0x62 at 0x0000
W/dalvikvm(16564): Unable to resolve superclass of Llx; (622)
W/dalvikvm(16564): Link of class 'Llx;' failed
E/dalvikvm(16564): Could not find class 'lx', referenced from method ly.a
W/dalvikvm(16564): VFY: unable to resolve new-instance 10222 (Llx;) in Lly;
D/dalvikvm(16564): VFY: replacing opcode 0x22 at 0x0000
W/dalvikvm(16601): VFY: unable to resolve static field 2695 (a) in Lcom/facebook/katana/app/WorkAppTypes;
D/dalvikvm(16601): VFY: replacing opcode 0x62 at 0x000c
I/dalvikvm(16601): DexOpt: unable to optimize static field ref 0x0a88 at 0x0e in Lcom/facebook/katana/app/FacebookApplication;.m
I/dalvikvm(16601): DexOpt: unable to optimize static field ref 0x0a89 at 0x10 in Lcom/facebook/katana/app/FacebookApplication;.m
I/dalvikvm(16601): Could not find method android.os.PowerManager.isInteractive, referenced from method com.facebook.base.lwperf.perfstats.BackgroundChecker.b
W/dalvikvm(16601): VFY: unable to resolve virtual method 1410: Landroid/os/PowerManager;.isInteractive ()Z
D/dalvikvm(16601): VFY: replacing opcode 0x6e at 0x0020
E/dalvikvm(16564): Could not find class 'android.app.Notification$Action$Builder', referenced from method ly.a
W/dalvikvm(16564): VFY: unable to resolve new-instance 413 (Landroid/app/Notification$Action$Builder;) in Lly;
D/dalvikvm(16564): VFY: replacing opcode 0x22 at 0x0000
V/CatchMeIfYouCan(16601): initializing CMIYC, flags = 0x00000002
I/CatchMeIfYouCan(16601): found 0 crashes in last 14400 seconds: need remedy level 0
D/AppStateLogger(16601): Attempting to open app state logging file
I/AppStateLoggerExceptionHandler(16601): Installed uncaught exception handler for app state logging
D/ACRA    (16601): ACRA init; reportURL: https://b-www.facebook.com/mobile/android_crash_logs/
D/ACRA    (16601): ACRA is enabled for com.facebook.katana, intializing...
W/dalvikvm(16564): Unable to resolve superclass of Lga; (802)
W/dalvikvm(16564): Link of class 'Lga;' failed
E/dalvikvm(16564): Could not find class 'ga', referenced from method ly.a
W/dalvikvm(16564): VFY: unable to resolve new-instance 5580 (Lga;) in Lly;
D/dalvikvm(16564): VFY: replacing opcode 0x22 at 0x0002
W/dalvikvm(16564): VFY: unable to resolve static field 2385 (BOUNDS) in Landroid/view/ViewOutlineProvider;
D/dalvikvm(16564): VFY: replacing opcode 0x62 at 0x0000
I/dalvikvm(16564): Could not find method android.view.ViewParent.onStopNestedScroll, referenced from method ly.a
W/dalvikvm(16564): VFY: unable to resolve interface method 6838: Landroid/view/ViewParent;.onStopNestedScroll (Landroid/view/View;)V
D/dalvikvm(16564): VFY: replacing opcode 0x72 at 0x0000
I/dalvikvm(16564): Could not find method android.view.ViewParent.onNestedScroll, referenced from method ly.a
W/dalvikvm(16564): VFY: unable to resolve interface method 6835: Landroid/view/ViewParent;.onNestedScroll (Landroid/view/View;IIII)V
D/dalvikvm(16564): VFY: replacing opcode 0x78 at 0x0000
I/dalvikvm(16564): Could not find method android.view.ViewParent.onNestedPreScroll, referenced from method ly.a
W/dalvikvm(16564): VFY: unable to resolve interface method 6834: Landroid/view/ViewParent;.onNestedPreScroll (Landroid/view/View;II[I)V
D/dalvikvm(16564): VFY: replacing opcode 0x72 at 0x0000
I/dalvikvm(16564): Could not find method android.widget.CompoundButton.setButtonTintList, referenced from method ly.a
W/dalvikvm(16564): VFY: unable to resolve virtual method 7246: Landroid/widget/CompoundButton;.setButtonTintList (Landroid/content/res/ColorStateList;)V
D/dalvikvm(16564): VFY: replacing opcode 0x6e at 0x0000
I/dalvikvm(16564): Could not find method android.widget.CompoundButton.setButtonTintMode, referenced from method ly.a
W/dalvikvm(16564): VFY: unable to resolve virtual method 7247: Landroid/widget/CompoundButton;.setButtonTintMode (Landroid/graphics/PorterDuff$Mode;)V
D/dalvikvm(16564): VFY: replacing opcode 0x6e at 0x0000
I/dalvikvm(16564): Could not find method android.widget.PopupWindow.setOverlapAnchor, referenced from method ly.a
W/dalvikvm(16564): VFY: unable to resolve virtual method 7680: Landroid/widget/PopupWindow;.setOverlapAnchor (Z)V
D/dalvikvm(16564): VFY: replacing opcode 0x6e at 0x0000
E/dalvikvm(16564): Could not find class 'android.media.MediaDescription$Builder', referenced from method ly.a
W/dalvikvm(16564): VFY: unable to resolve check-cast 599 (Landroid/media/MediaDescription$Builder;) in Lly;
D/dalvikvm(16564): VFY: replacing opcode 0x1f at 0x0000
E/dalvikvm(16564): Could not find class 'android.media.MediaDescription$Builder', referenced from method ly.a
W/dalvikvm(16564): VFY: unable to resolve check-cast 599 (Landroid/media/MediaDescription$Builder;) in Lly;
D/dalvikvm(16564): VFY: replacing opcode 0x1f at 0x0000
E/dalvikvm(16564): Could not find class 'android.media.MediaDescription$Builder', referenced from method ly.a
W/dalvikvm(16564): VFY: unable to resolve check-cast 599 (Landroid/media/MediaDescription$Builder;) in Lly;
D/dalvikvm(16564): VFY: replacing opcode 0x1f at 0x0000
E/dalvikvm(16564): Could not find class 'android.media.MediaDescription', referenced from method ly.a
W/dalvikvm(16564): VFY: unable to resolve check-cast 600 (Landroid/media/MediaDescription;) in Lly;
D/dalvikvm(16564): VFY: replacing opcode 0x1f at 0x0000
W/dalvikvm(16564): Unable to resolve superclass of Lfy; (802)
W/dalvikvm(16564): Link of class 'Lfy;' failed
E/dalvikvm(16564): Could not find class 'fy', referenced from method ly.a
W/dalvikvm(16564): VFY: unable to resolve new-instance 5525 (Lfy;) in Lly;
D/dalvikvm(16564): VFY: replacing opcode 0x22 at 0x0006
E/dalvikvm(16564): Could not find class 'android.media.MediaDescription$Builder', referenced from method ly.a
W/dalvikvm(16564): VFY: unable to resolve check-cast 599 (Landroid/media/MediaDescription$Builder;) in Lly;
D/dalvikvm(16564): VFY: replacing opcode 0x1f at 0x0000
E/dalvikvm(16564): Could not find class 'android.media.session.MediaController', referenced from method ly.a
W/dalvikvm(16564): VFY: unable to resolve check-cast 624 (Landroid/media/session/MediaController;) in Lly;
D/dalvikvm(16564): VFY: replacing opcode 0x1f at 0x0000
E/dalvikvm(16564): Could not find class 'android.media.session.MediaController', referenced from method ly.a
W/dalvikvm(16564): VFY: unable to resolve check-cast 624 (Landroid/media/session/MediaController;) in Lly;
D/dalvikvm(16564): VFY: replacing opcode 0x1f at 0x0000
E/dalvikvm(16564): Could not find class 'android.media.MediaDescription$Builder', referenced from method ly.a
W/dalvikvm(16564): VFY: unable to resolve check-cast 599 (Landroid/media/MediaDescription$Builder;) in Lly;
D/dalvikvm(16564): VFY: replacing opcode 0x1f at 0x0000
I/dalvikvm(16564): Could not find method android.transition.TransitionSet.getTransitionCount, referenced from method ly.a
W/dalvikvm(16564): VFY: unable to resolve virtual method 6220: Landroid/transition/TransitionSet;.getTransitionCount ()I
D/dalvikvm(16564): VFY: replacing opcode 0x6e at 0x0008
I/dalvikvm(16564): Could not find method android.view.ViewGroup.isTransitionGroup, referenced from method ly.a
W/dalvikvm(16564): VFY: unable to resolve virtual method 6778: Landroid/view/ViewGroup;.isTransitionGroup ()Z
D/dalvikvm(16564): VFY: replacing opcode 0x6e at 0x000c
I/dalvikvm(16564): Could not find method android.view.View.getTransitionName, referenced from method ly.a
W/dalvikvm(16564): VFY: unable to resolve virtual method 6583: Landroid/view/View;.getTransitionName ()Ljava/lang/String;
D/dalvikvm(16564): VFY: replacing opcode 0x6e at 0x0006
D/AppStateLogger(16601): Successfully opened app state logging file: /data/user/0/com.facebook.katana/app_state_logs/7a65510b-8def-f780-daf0-87a3a63f96c6.txt
D/AppStateLogger(16601): Successfully dumped app state to log file
I/dalvikvm(16564): Could not find method android.transition.Transition.getTargetNames, referenced from method ly.a
W/dalvikvm(16564): VFY: unable to resolve virtual method 6210: Landroid/transition/Transition;.getTargetNames ()Ljava/util/List;
D/dalvikvm(16564): VFY: replacing opcode 0x6e at 0x000a
I/dalvikvm(16564): Could not find method android.view.ViewParent.onNestedPreFling, referenced from method ly.a
W/dalvikvm(16564): VFY: unable to resolve interface method 6833: Landroid/view/ViewParent;.onNestedPreFling (Landroid/view/View;FF)Z
D/dalvikvm(16564): VFY: replacing opcode 0x72 at 0x0000
I/dalvikvm(16564): Could not find method android.view.ViewParent.onNestedFling, referenced from method ly.a
W/dalvikvm(16564): VFY: unable to resolve interface method 6832: Landroid/view/ViewParent;.onNestedFling (Landroid/view/View;FFZ)Z
D/dalvikvm(16564): VFY: replacing opcode 0x72 at 0x0000
I/dalvikvm(16564): Could not find method android.view.ViewParent.onStartNestedScroll, referenced from method ly.a
