W/PackageManager( 9918): Unknown permission com.sec.android.daemonapp.ap.yahoostock.stockclock.permission.YAHOO_DAEMON_ACCESS_INTENT in package com.sec.android.app.clockpackage
W/PackageManager( 9918): Unknown permission com.sec.android.daemonapp.ap.yahoonews.permission.YAHOO_DAEMON_ACCESS_INTENT in package com.sec.android.app.clockpackage
W/PackageManager( 9918): Unknown permission com.sec.android.daemonapp.ap.kweather.permission.KW_DAEMON_ACCESS_INTENT in package com.sec.android.app.clockpackage
W/PackageManager( 9918): Unknown permission com.sec.android.widgetapp.ap.edaily.stockclock.permission.EDAILY_DAEMON_ACCESS_PROVIDER in package com.sec.android.app.clockpackage
W/PackageManager( 9918): Unknown permission com.sec.android.widgetapp.ap.edaily.stockclock.permission.EDAILY_DAEMON_ACCESS_INTENT in package com.sec.android.app.clockpackage
W/PackageManager( 9918): Unknown permission com.sec.android.daemonapp.ap.yonhapnews.permission.YONHAP_DAEMON_ACCESS_PROVIDER in package com.sec.android.app.clockpackage
W/PackageManager( 9918): Unknown permission com.sec.android.widgetapp.ap.yonhapnews.permission.YONHAP_DAEMON_ACCESS_INTENT in package com.sec.android.app.clockpackage
W/PackageManager( 9918): Unknown permission com.sec.android.daemonapp.ap.sinaweather.permission.SINA_DAEMON_ACCESS_INTENT in package com.sec.android.app.clockpackage
W/PackageManager( 9918): Unknown permission com.sec.android.widgetapp.ap.sinastock.stockclock.permission.SINA_DAEMON_ACCESS_PROVIDER in package com.sec.android.app.clockpackage
W/PackageManager( 9918): Unknown permission com.sec.android.widgetapp.ap.sinastock.stockclock.permission.SINA_DAEMON_ACCESS_INTENT in package com.sec.android.app.clockpackage
W/PackageManager( 9918): Unknown permission com.sec.android.daemonapp.ap.sinanews.permission.SINA_DAEMON_ACCESS_PROVIDER in package com.sec.android.app.clockpackage
W/PackageManager( 9918): Unknown permission com.sec.android.widgetapp.ap.sinanews.permission.SINA_DAEMON_ACCESS_INTENT in package com.sec.android.app.clockpackage
W/PackageManager( 9918): Unknown permission com.sec.android.daemonapp.ap.camobile.permission.CAMOBILE_DAEMON_ACCESS_PROVIDER in package com.sec.android.app.clockpackage
W/PackageManager( 9918): Unknown permission com.sec.android.daemonapp.cmaweather.CMAWEATHER_DAEMON_ACCESS_PROVIDER in package com.sec.android.app.clockpackage
W/PackageManager( 9918): Unknown permission com.sec.android.daemonapp.ap.kweather.KWEATHER_DAEMON_ACCESS_PROVIDER in package com.sec.android.app.clockpackage
W/PackageManager( 9918): Unknown permission com.sec.android.daemonapp.ap.weathernewsjp.WEATHERNEWS_DAEMON_ACCESS_PROVIDER in package com.sec.android.app.clockpackage
W/PackageManager( 9918): Unknown permission android.permission.ACCESS_GPS in package com.sec.android.app.clockpackage
W/PackageManager( 9918): Unknown permission com.samsung.wmanager.ENABLE_NOTIFICATION in package com.sec.android.app.clockpackage
W/PackageManager( 9918): Unknown permission com.sec.android.app.calendar.permission.CHANGE_CALENDAR_PREFERENCE in package com.sec.android.app.clockpackage
W/PackageManager( 9918): Unknown permission com.sec.android.permission.LAUNCH_PERSONAL_PAGE_SERVICE in package com.android.systemui
W/PackageManager( 9918): Unknown permission com.samsung.tmowfc.wfcprovider.permission.READ_WFCPROVIDER in package com.android.systemui
W/PackageManager( 9918): Unknown permission com.samsung.tmowfc.wfcprovider.permission.WRITE_REGISTER in package com.android.systemui
W/PackageManager( 9918): Unknown permission com.sec.android.emergencymode.permission.LAUNCH_EMERGENCYMODE_SERVICE in package com.android.systemui
D/EnterpriseDeviceManagerService( 9918): updateAdminPermissions
W/PackageManager( 9918): Unknown permission com.sec.android.app.setupwizard.SHOW_SIM_TYPE_POPUP in package com.android.systemui
W/PackageManager( 9918): Unknown permission com.sec.android.app.sbrowser.operatorbookmarks.permission.READ_OPERATOR_BOOKMARKS in package com.samsung.sec.android.application.csc
W/PackageManager( 9918): Unknown permission com.sec.android.app.sbrowser.operatorbookmarks.permission.WRITE_OPERATOR_BOOKMARKS in package com.samsung.sec.android.application.csc
W/PackageManager( 9918): Unknown permission com.sec.android.app.sbrowser.permission.QUICKACCESS in package com.samsung.sec.android.application.csc
W/PackageManager( 9918): Unknown permission com.sec.android.permission.READ_MEMO in package com.samsung.sec.android.application.csc
W/PackageManager( 9918): Unknown permission com.sec.android.permission.WRITE_MEMO in package com.samsung.sec.android.application.csc
W/PackageManager( 9918): Unknown permission com.sec.android.widgetapp.q1_penmemo.permission.READ in package com.samsung.sec.android.application.csc
W/PackageManager( 9918): Unknown permission com.sec.android.widgetapp.q1_penmemo.permission.WRITE in package com.samsung.sec.android.application.csc
W/PackageManager( 9918): Unknown permission com.samsung.android.memo.READ in package com.samsung.sec.android.application.csc
W/PackageManager( 9918): Unknown permission android.permission.ACCESS_DRM in package com.sec.android.app.videoplayer
W/PackageManager( 9918): Unknown permission com.sec.android.cloudagent.permission.WRITE in package com.sec.android.app.videoplayer
W/PackageManager( 9918): Unknown permission com.sec.android.cloudagent.permission.READ in package com.sec.android.app.videoplayer
W/PackageManager( 9918): Unknown permission com.sec.android.app.twdvfs.DVFS_BOOSTER_PERMISSION in package com.sec.android.app.videoplayer
W/PackageManager( 9918): Unknown permission com.sec.android.permission.VIDEOHUB in package com.sec.android.app.videoplayer
W/PackageManager( 9918): Unknown permission android.permission.SYSTEM_ALERT in package com.sec.android.app.videoplayer
W/PackageManager( 9918): Unknown permission com.sec.pcw.provider.PCloudContentProvider.READ_CONTENT in package com.sec.android.app.videoplayer
W/PackageManager( 9918): Unknown permission sstream.app.StoryProvider.WRITE.PERMISSION in package com.sec.android.app.videoplayer
W/PackageManager( 9918): Unknown permission com.sec.android.permission.READ_MEMO in package com.sec.android.app.DataCreate
W/PackageManager( 9918): Unknown permission com.sec.android.permission.WRITE_MEMO in package com.sec.android.app.DataCreate
W/PackageManager( 9918): Unknown permission com.sec.android.widgetapp.q1_penmemo.permission.READ in package com.sec.android.app.DataCreate
W/PackageManager( 9918): Unknown permission com.sec.android.widgetapp.q1_penmemo.permission.WRITE in package com.sec.android.app.DataCreate
W/PackageManager( 9918): Unknown permission com.samsung.android.memo.READ in package com.sec.android.app.DataCreate
W/PackageManager( 9918): Unknown permission com.samsung.android.memo.WRITE in package com.sec.android.app.DataCreate
W/PackageManager( 9918): Unknown permission com.google.android.calendar.permission.READ_OOBE in package com.google.android.gm
W/PackageManager( 9918): Unknown permission com.google.android.email.permission.READ_ATTACHMENT in package com.google.android.gm
W/PackageManager( 9918): Unknown permission com.google.android.email.permission.ACCESS_PROVIDER in package com.google.android.gm
W/PackageManager( 9918): Unknown permission com.google.android.gm.exchange.BIND in package com.google.android.gm
W/PackageManager( 9918): Unknown permission com.android.email.partnerprovider.PARTNER_PROVIDER in package com.google.android.gm
W/PackageManager( 9918): Not granting permission android.permission.WRITE_SECURE_SETTINGS to package com.sec.android.widgetapp.dualclockdigital (protectionLevel=50 flags=0x88be45)
W/PackageManager( 9918): Not granting permission android.permission.CHANGE_CONFIGURATION to package com.blurb.checkout (protectionLevel=50 flags=0x88be45)
W/PackageManager( 9918): Not granting permission android.permission.MOUNT_UNMOUNT_FILESYSTEMS to package com.blurb.checkout (protectionLevel=18 flags=0x88be45)
W/PackageManager( 9918): Not granting permission com.samsung.android.app.episodes.permission.PUBLISH_IMAGES_COMPLETE to package com.blurb.checkout (protectionLevel=18 flags=0x88be45)
W/PackageManager( 9918): Not granting permission android.permission.MANAGE_DOCUMENTS to package com.google.android.youtube (protectionLevel=2 flags=0xd83ec5)
W/PackageManager( 9918): Unknown permission android.permission.START_BACKGROUND_SERVICE in package com.beatsmusic.android.client
W/PackageManager( 9918): Unknown permission .permission.C2D_MESSAGE in package com.pinterest
W/PackageManager( 9918): Unknown permission com.chrome.permission.DEVICE_EXTRAS in package com.android.chrome
W/PackageManager( 9918): Unknown permission com.sec.android.permission.KNOX in package com.sec.knox.seandroid
W/PackageManager( 9918): Unknown permission sstream.app.StoryProvider.WRITE.PERMISSION in package com.samsung.android.app.episodes
W/PackageManager( 9918): Unknown permission com.sec.android.cloudagent.permission.ACCESS in package com.samsung.android.app.episodes
W/PackageManager( 9918): Unknown permission android.permission.ACCESS_DEV_STORAGE in package com.samsung.android.app.episodes
W/PackageManager( 9918): Unknown permission com.sec.android.app.twdvfs.DVFS_BOOSTER_PERMISSION in package com.samsung.android.app.episodes
W/PackageManager( 9918): Unknown permission com.diotek.penmemo.util.PenMemoProvider.permission.READ in package com.samsung.android.app.episodes
W/PackageManager( 9918): Unknown permission com.diotek.penmemo.util.PenMemoProvider.permission.WRITE in package com.samsung.android.app.episodes
W/PackageManager( 9918): Unknown permission com.samsung.android.app.episodes.permission.START_SERVICE in package com.samsung.android.app.episodes
W/PackageManager( 9918): Unknown permission com.blurb.shadow.permission.START_ACTIVITY in package com.samsung.android.app.episodes
W/PackageManager( 9918): Unknown permission com.blurb.shadow.permission.SEND_IMAGES in package com.samsung.android.app.episodes
I/chromium(  373): [INFO:top_sites_impl.cc(926)]  VLOG NotifyTopSitesChanged
I/chromium(  373): [INFO:quicklaunch_model.cc(235)]  VLOG  Top Sites Changed Notification Received, need to decide for app to update or not.
D/PackageManager( 9918): checkUidPermission - Execution time: 324 ms
D/PackageManager( 9918): checkUidPermission - Execution time: 318 ms
D/PackageManager( 9918): checkUidPermission - Execution time: 317 ms
I/dalvikvm-heap( 9918): Grow heap (frag case) to 69.588MB for 5577640-byte allocation
D/Launcher.HomeView(10369): onResume
D/KeyguardUpdateMonitor(10162): sendKeyguardVisibilityChanged(true)
D/PhoneStatusBar(10162): setTransGradationMode=true, mTransparentMode=true, mSemiTransparentMode=false, mMultiWindowMode=false
D/StatusBarManagerService( 9918): tr p:10369,o:t
D/BackupManagerService( 9918): Now staging backup of android
D/PackageManager( 9918): doPostInstall for uid{10342}
D/PackageManager( 9918): + starting rerstore round-trip 142
D/PackageManager( 9918): No resotre for backup - queue post-install for 142
I/PowerManagerService-JNI( 9918): >>>>>>>>in native...
D/MenuAppsGridFragment(10369): onResume
D/CustomFrequencyManagerService( 9918): releaseDVFSLockLocked : Getting Lock type frm List : DVFS_MIN_LIMIT  frequency : 1350000  uid : 1000  pid : 9918  tag : ACTIVITY_RESUME_BOOSTER@6
W/ActivityManager( 9918): mDVFSHelper.release()
D/CustomFrequencyManagerService( 9918): acquireDVFSLockLocked : type : DVFS_MIN_LIMIT  frequency : 1350000  uid : 1000  pid : 9918  pkgName : ACTIVITY_RESUME_BOOSTER@10
D/SurfaceWidgetClient$ISurfaceWidgetStub(10739): [237392/5] Surface widget visibility changed visibility = true on instance = 1
D/SurfaceWidgetClient$ISurfaceWidgetStub(10752): [237392/5] Surface widget visibility changed visibility = true on instance = 1
D/SurfaceWidget.Renderer(10739): [237392/5] SurfaceWidget drawing first frame
D/SurfaceWidget.Renderer(10752): [237392/5] SurfaceWidget drawing first frame
D/KeyguardUpdateMonitor(10162): handleKeyguardVisibilityChanged(1)
I/SurfaceFlinger( 9488): id=3046 createSurf (1080x1920),1 flag=4, Mauncher
I/SpenGestureManager( 9918): setFocusWindow21005
D/KeyguardUpdateMonitor(10162): sendKeyguardVisibilityChanged(true)
D/STATUSBAR-StatusBarManagerService( 9918): manageDisableList what=0x0 pkg=WindowManager.LayoutParams
I/SELinux (16099): Function: selinux_android_load_priority , priority [3] , priority version is VE=SEPF_SAMSUNG-SGH-I337_4.4.4_0031
E/dalvikvm(16099): >>>>> Normal User
E/dalvikvm(16099): >>>>> com.android.mms [ userId:0 | appId:10047 ]
D/PointerIcon( 9918): setMouseIconStyle1 pointerType: 1001iconType:101 flag:0
D/PointerIcon( 9918): setMouseCustomIcon IconType is same.101
D/PointerIcon( 9918): setHoveringSpenIconStyle1 pointerType: 10001iconType:1 flag:0
D/PointerIcon( 9918): setHoveringSpenCustomIcon IconType is same.1
D/KeyguardUpdateMonitor(10162): handleKeyguardVisibilityChanged(1)
D/StatusBarManagerService( 9918): tr p:10369,o:t
W/ContextImpl( 9918): Calling a method in the system process without a qualified user: android.app.ContextImpl.sendBroadcast:1513 com.android.server.InputMethodManagerService$4.run:2773 java.lang.Thread.run:841 <bottom of call stack> <bottom of call stack> 
W/InputMethodManagerService( 9918): Got RemoteException sending setActive(false) notification to pid 30394 uid 10342
D/PhoneStatusBar(10162): setTransGradationMode=true, mTransparentMode=true, mSemiTransparentMode=false, mMultiWindowMode=false
E/qdmemalloc( 9488): heap_msk=3000000 flags=1
E/qdmemalloc( 9488):  
W/dalvikvm(16099): Refusing to reopen boot DEX '/system/framework/seccamera.jar'
E/qdmemalloc( 9488): heap_msk=40000000 flags=1
E/qdmemalloc( 9488):  
D/KeyguardUpdateMonitor(10162): sendKeyguardVisibilityChanged(true)
D/KeyguardUpdateMonitor(10162): sendKeyguardVisibilityChanged(true)
D/KeyguardUpdateMonitor(10162): sendKeyguardVisibilityChanged(true)
D/KeyguardUpdateMonitor(10162): sendKeyguardVisibilityChanged(true)
D/STATUSBAR-StatusBarManagerService( 9918): manageDisableList what=0x0 pkg=WindowManager.LayoutParams
D/KeyguardUpdateMonitor(10162): sendKeyguardVisibilityChanged(true)
I/PackageManager( 9918):   Action: "android.intent.action.SENDTO"
I/PackageManager( 9918):   Category: "android.intent.category.DEFAULT"
I/PackageManager( 9918):   Scheme: "sms"
D/KeyguardUpdateMonitor(10162): handleKeyguardVisibilityChanged(1)
D/KeyguardUpdateMonitor(10162): handleKeyguardVisibilityChanged(1)
D/KeyguardUpdateMonitor(10162): handleKeyguardVisibilityChanged(1)
I/PackageManager( 9918): Adding preferred activity ComponentInfo{com.android.mms/com.android.mms.ui.ConversationComposer} for user 0 :
D/KeyguardUpdateMonitor(10162): handleKeyguardVisibilityChanged(1)
D/KeyguardUpdateMonitor(10162): handleKeyguardVisibilityChanged(1)
D/Mms/MmsApp(16099): [start]    onCreate()
D/Mms/TelephonyPermission(16099): start operation mode monitor
E/DataRouter(  296): Opening of the USB File failed fd is -1 & errno is 2
D/CustomFrequencyManagerService( 9918): releaseDVFSLockLocked : Getting Lock type frm List : DVFS_MIN_LIMIT  frequency : 1350000  uid : 1000  pid : 9918  tag : ACTIVITY_RESUME_BOOSTER@10
D/dalvikvm( 9918): GC_CONCURRENT freed 6643K, 20% free 60948K/75884K, paused 7ms+25ms, total 328ms
I/PackageManager( 9918):   Action: "android.intent.action.SENDTO"
I/PackageManager( 9918):   Category: "android.intent.category.DEFAULT"
I/PackageManager( 9918):   Scheme: "smsto"
I/PackageManager( 9918): Adding preferred activity ComponentInfo{com.android.mms/com.android.mms.ui.ConversationComposer} for user 0 :
D/KeyguardUpdateMonitor(10162): sendKeyguardVisibilityChanged(true)
D/KeyguardUpdateMonitor(10162): handleKeyguardVisibilityChanged(1)
D/Mms/TelephonyPermission(16099): DefaultSmsApp is com.android.mms
D/Mms/TelephonyPermission(16099): isDefault true
D/Mms/MmsApp(16099): onCreate() com.android.mmspref Exist true
D/KeyguardUpdateMonitor(10162): sendKeyguardVisibilityChanged(true)
D/KeyguardUpdateMonitor(10162): handleKeyguardVisibilityChanged(1)
I/PackageManager( 9918):   Action: "android.intent.action.SENDTO"
I/PackageManager( 9918):   Category: "android.intent.category.DEFAULT"
I/PackageManager( 9918):   Scheme: "mms"
I/PackageManager( 9918): Adding preferred activity ComponentInfo{com.android.mms/com.android.mms.ui.ConversationComposer} for user 0 :
D/KeyguardUpdateMonitor(10162): sendKeyguardVisibilityChanged(true)
D/KeyguardUpdateMonitor(10162): handleKeyguardVisibilityChanged(1)
D/Mms/MmsConfig(16099): before partial update
D/Mms/MmsConfig(16099): Load Resize quality : 100
D/Mms/MmsConfig(16099):  mUserAgent is SAMSUNG-SGH-I337/I337UCUFNJ5 Mozilla/5.0 SMM-MMS/1.2.0
D/Mms/MmsConfig(16099):  UaProfURL is http://wap.samsungmobile.com/uaprof/SGH-I337.xml
D/Mms/MmsConfig(16099):  enable multiwindow = true
E/Mms/MessageUtils(16099): setCountryDetector : update country detector info 
I/PackageManager( 9918):   Action: "android.intent.action.SENDTO"
I/PackageManager( 9918):   Category: "android.intent.category.DEFAULT"
I/PackageManager( 9918):   Scheme: "mmsto"
I/PackageManager( 9918): Adding preferred activity ComponentInfo{com.android.mms/com.android.mms.ui.ConversationComposer} for user 0 :
E/Mms/MessageUtils(16099): updateCountryIso : update country iso info 
D/STATUSBAR-NetworkController(10162): refreshSignalCluster - setNWBoosterIndicators(false)
D/STATUSBAR-NetworkController(10162): refreshSignalCluster: data=-1 bt=false
D/STATUSBAR-IconMerger(10162): checkOverflow(504), More:false, Req:false Child:4
D/PackageManager( 9918): [MSG] MCS_UNBIND
I/PackageManager( 9918): calling disconnectService()
D/PackageManager( 9918): Trying to unbind to DefaultContainerService
I/ActivityManager( 9918): Killing 30509:com.samsung.android.app.assistantmenu/1000 (adj 15): empty #33
D/PackageManager( 9918): [MSG] POST_INSTALL: observer{1140506024}
D/PackageManager( 9918):           Handling post-install for 142
D/PackageManager( 9918): Sending to user 0: act=android.intent.action.PACKAGE_REMOVED dat=package:com.example.demo_app2 flg=0x4000000 Bundle[{android.intent.extra.REMOVED_FOR_ALL_USERS=false, android.intent.extra.UID=10342, android.intent.extra.DATA_REMOVED=false, android.intent.extra.REPLACING=true, android.intent.extra.user_handle=0}]
I/HarmonyEASService( 9918): Updating for all 1
E/SamsungIME(10603): mOCRHelper is null
W/ActivityManager( 9918): Permission Denial: Accessing service ComponentInfo{com.google.android.music/com.google.android.music.dial.DialMediaRouteProviderService} from pid=1861, uid=10229 that is not exported from uid 10135
D/DynamicService(10354): Ignoring package intent due to package being replaced.
D/dalvikvm( 4342): GC_EXPLICIT freed 1564K, 28% free 19365K/26792K, paused 6ms+5ms, total 60ms
D/PackageManager( 9918): Sending to user 0: act=android.intent.action.PACKAGE_ADDED dat=package:com.example.demo_app2 flg=0x4000000 Bundle[{android.intent.extra.UID=10342, android.intent.extra.REPLACING=true, android.intent.extra.user_handle=0}]
D/RCPManagerService( 9918): exchangeData() failure , invalid userId
D/RCPManagerService( 9918): exchangeData() failure , invalid userId
D/RCPManagerService( 9918): exchangeData() failure , invalid userId
I/InputReader( 9918): Reconfiguring input devices.  changes=0x00000010
D/RCPManagerService( 9918): exchangeData() failure , invalid userId
I/PackageManager( 9918):   Action: "android.intent.action.SENDTO"
I/PackageManager( 9918):   Category: "android.intent.category.DEFAULT"
I/PackageManager( 9918):   Scheme: "sms"
I/PackageManager( 9918): Adding preferred activity ComponentInfo{com.android.mms/com.android.mms.ui.ConversationComposer} for user 0 :
D/RCPManagerService( 9918): exchangeData() failure , invalid userId
D/RCPManagerService( 9918): exchangeData() failure , invalid userId
D/RCPManagerService( 9918): exchangeData() failure , invalid userId
D/RCPManagerService( 9918): exchangeData() failure , invalid userId
D/RCPManagerService( 9918): exchangeData() failure , invalid userId
D/RCPManagerService( 9918): exchangeData() failure , invalid userId
D/RCPManagerService( 9918): exchangeData() failure , invalid userId
D/RCPManagerService( 9918): exchangeData() failure , invalid userId
D/RCPManagerService( 9918): exchangeData() failure , invalid userId
D/RCPManagerService( 9918): exchangeData() failure , invalid userId
D/RCPManagerService( 9918): exchangeData() failure , invalid userId
D/RCPManagerService( 9918): exchangeData() failure , invalid userId
D/RCPManagerService( 9918): exchangeData() failure , invalid userId
D/RCPManagerService( 9918): exchangeData() failure , invalid userId
D/RCPManagerService( 9918): exchangeData() failure , invalid userId
D/dalvikvm( 6291): GC_EXPLICIT freed 3472K, 22% free 21143K/26788K, paused 4ms+11ms, total 107ms
D/RCPManagerService( 9918): exchangeData() failure , invalid userId
D/RCPManagerService( 9918): exchangeData() failure , invalid userId
D/RCPManagerService( 9918): exchangeData() failure , invalid userId
D/RCPManagerService( 9918): exchangeData() failure , invalid userId
D/dalvikvm(10354): GC_CONCURRENT freed 2247K, 34% free 17808K/26788K, paused 3ms+2ms, total 28ms
D/dalvikvm(10354): WAIT_FOR_CONCURRENT_GC blocked 16ms
D/RCPManagerService( 9918): exchangeData() failure , invalid userId
D/RCPManagerService( 9918): exchangeData() failure , invalid userId
D/RCPManagerService( 9918): exchangeData() failure , invalid userId
D/RCPManagerService( 9918): exchangeData() failure , invalid userId
D/RCPManagerService( 9918): exchangeData() failure , invalid userId
D/RCPManagerService( 9918): exchangeData() failure , invalid userId
D/RCPManagerService( 9918): exchangeData() failure , invalid userId
D/RCPManagerService( 9918): exchangeData() failure , invalid userId
D/RCPManagerService( 9918): exchangeData() failure , invalid userId
E/DataBuffer( 6291): Internal data leak within a DataBuffer object detected!  Be sure to explicitly call release() on all DataBuffer extending objects when you are done with them. (internal object: com.google.android.gms.common.data.DataHolder@430b2b30)
D/dalvikvm(10994): GC_EXPLICIT freed 1128K, 22% free 23190K/29716K, paused 4ms+25ms, total 188ms
D/dalvikvm(19747): GC_EXPLICIT freed 1753K, 27% free 19586K/26788K, paused 2ms+6ms, total 176ms
D/PackageManager( 9918): getApplicationInfo - Execution time: 148 ms
D/PackageManager( 9918): getApplicationInfo - Execution time: 157 ms
D/RCPManagerService( 9918): exchangeData() failure , invalid userId
D/RCPManagerService( 9918): exchangeData() failure , invalid userId
D/RCPManagerService( 9918): exchangeData() failure , invalid userId
D/RCPManagerService( 9918): exchangeData() failure , invalid userId
D/dalvikvm(17159): GC_CONCURRENT freed 2053K, 36% free 17231K/26788K, paused 2ms+2ms, total 109ms
D/RCPManagerService( 9918): exchangeData() failure , invalid userId
D/RCPManagerService( 9918): exchangeData() failure , invalid userId
D/RCPManagerService( 9918): exchangeData() failure , invalid userId
D/RCPManagerService( 9918): exchangeData() failure , invalid userId
I/PackageManager( 9918):   Action: "android.intent.action.SENDTO"
I/PackageManager( 9918):   Category: "android.intent.category.DEFAULT"
I/PackageManager( 9918):   Scheme: "smsto"
I/PackageManager( 9918): Adding preferred activity ComponentInfo{com.android.mms/com.android.mms.ui.ConversationComposer} for user 0 :
D/PackageManager( 9918): Sending to user 0: act=android.intent.action.PACKAGE_REPLACED dat=package:com.example.demo_app2 flg=0x4000000 Bundle[{android.intent.extra.UID=10342, android.intent.extra.REPLACING=true, android.intent.extra.user_handle=0}]
D/Mms/Conversation(16099): init()
E/SamsungIME(10603): mOCRHelper is null
I/InputReader( 9918): Reconfiguring input devices.  changes=0x00000010
I/PackageManager( 9918):   Action: "android.intent.action.SENDTO"
I/PackageManager( 9918):   Category: "android.intent.category.DEFAULT"
I/PackageManager( 9918):   Scheme: "mms"
D/TP/MmsSmsProvider(10344): match 13:Elapsed time : 1.740 ms
I/PackageManager( 9918): Adding preferred activity ComponentInfo{com.android.mms/com.android.mms.ui.ConversationComposer} for user 0 :
W/ResourceType(17159): getEntry failing because entryIndex 5744 is beyond type entryCount 2512
W/ResourceType(17159): Failure getting entry for 0x7f021670 (t=1 e=5744) in package 0 (error -2147483647)
W/ResourceType(17159): getEntry failing because entryIndex 5744 is beyond type entryCount 2512
W/ResourceType(17159): Failure getting entry for 0x7f021670 (t=1 e=5744) in package 0 (error -2147483647)
W/ResourceType(17159): getEntry failing because entryIndex 5745 is beyond type entryCount 2512
W/ResourceType(17159): Failure getting entry for 0x7f021671 (t=1 e=5745) in package 0 (error -2147483647)
W/ResourceType(17159): getEntry failing because entryIndex 5746 is beyond type entryCount 2512
W/ResourceType(17159): Failure getting entry for 0x7f021672 (t=1 e=5746) in package 0 (error -2147483647)
D/RCPManagerService( 9918): exchangeData() failure , invalid userId
D/RCPManagerService( 9918): exchangeData() failure , invalid userId
D/PackageManager( 9918): getApplicationInfo - Execution time: 110 ms
D/RCPManagerService( 9918): PackageReceiver onReceive()
I/HarmonyEASService( 9918): onReceive : android.intent.action.PACKAGE_REMOVED for 0
D/PackageManager( 9918): queryIntentReceivers - Execution time: 119 ms
I/PackageManager( 9918):   Action: "android.intent.action.SENDTO"
I/PackageManager( 9918):   Category: "android.intent.category.DEFAULT"
I/PackageManager( 9918):   Scheme: "mmsto"
D/PackageManager( 9918): Sending to user 0: act=android.intent.action.MY_PACKAGE_REPLACED flg=0x4000000 pkg=com.example.demo_app2 Bundle[{android.intent.extra.user_handle=0}]
I/PackageManager( 9918): Adding preferred activity ComponentInfo{com.android.mms/com.android.mms.ui.ConversationComposer} for user 0 :
D/RCPManagerService( 9918): exchangeData() failure , invalid userId
D/RCPManagerService( 9918): exchangeData() failure , invalid userId
D/RCPManagerService( 9918): exchangeData() failure , invalid userId
W/ActivityManager( 9918): Permission Denial: Accessing service ComponentInfo{com.google.android.music/com.google.android.music.dial.DialMediaRouteProviderService} from pid=1861, uid=10229 that is not exported from uid 10135
D/RCPManagerService( 9918): exchangeData() failure , invalid userId
I/InputReader( 9918): Reconfiguring input devices.  changes=0x00000010
D/WallpaperManager(10369): SEC_PRODUCT_FEATURE_COMMON_ENABLE_TEXTURE_COMPRESSION is false
D/WallpaperManager(10369): SEC_PRODUCT_FEATURE_COMMON_ENABLE_TEXTURE_COMPRESSION is false
W/ActivityManager( 9918): Permission Denial: Accessing service ComponentInfo{com.google.android.music/com.google.android.music.dial.DialMediaRouteProviderService} from pid=1861, uid=10229 that is not exported from uid 10135
D/WallpaperManager(10369): SEC_PRODUCT_FEATURE_COMMON_ENABLE_TEXTURE_COMPRESSION is false
D/TP/MmsSmsProvider(10344): deleteConversation threadId: 9223372036854775807
I/PackageManager( 9918):   Action: "android.intent.action.SENDTO"
I/PackageManager( 9918):   Category: "android.intent.category.DEFAULT"
I/PackageManager( 9918):   Scheme: "sms"
I/PackageManager( 9918): Adding preferred activity ComponentInfo{com.android.mms/com.android.mms.ui.ConversationComposer} for user 0 :
D/WallpaperManager(10369): SEC_PRODUCT_FEATURE_COMMON_ENABLE_TEXTURE_COMPRESSION is false
D/WallpaperManager(10369): SEC_PRODUCT_FEATURE_COMMON_ENABLE_TEXTURE_COMPRESSION is false
D/WallpaperManager(10369): SEC_PRODUCT_FEATURE_COMMON_ENABLE_TEXTURE_COMPRESSION is false
D/TP/MmsSmsProvider(10344): delete URI_CONVERSATIONS_MESSAGES affectedRows=0
W/ResourceType(17159): Failure getting entry for 0x7f020196 (t=1 e=406) in package 0 (error -75)
D/RCPManagerService( 9918): exchangeData() failure , invalid userId
D/TP/MmsSmsProvider(10344): delete threadId: 9223372036854775807
D/TP/MmsSmsProvider(10344): need read changed broadcast:false
D/RCPManagerService( 9918): exchangeData() failure , invalid userId
E/DataRouter(  296): Opening of the USB File failed fd is -1 & errno is 2
E/qdmemalloc( 9488): heap_msk=3000000 flags=1
E/qdmemalloc( 9488):  
E/qdmemalloc( 9488): heap_msk=40000000 flags=1
E/qdmemalloc( 9488):  
D/TP/MmsSmsProvider(10344): match 12:Elapsed time : 3.265 ms
I/PackageManager( 9918):   Action: "android.intent.action.SENDTO"
I/PackageManager( 9918):   Category: "android.intent.category.DEFAULT"
I/PackageManager( 9918):   Scheme: "smsto"
E/qdmemalloc( 9488): heap_msk=3000000 flags=1
E/qdmemalloc( 9488):  
I/PackageManager( 9918): Adding preferred activity ComponentInfo{com.android.mms/com.android.mms.ui.ConversationComposer} for user 0 :
E/qdmemalloc( 9488): heap_msk=40000000 flags=1
E/qdmemalloc( 9488):  
D/RCPManagerService( 9918): exchangeData() failure , invalid userId
D/RCPManagerService( 9918): exchangeData() failure , invalid userId
D/RCPManagerService( 9918): exchangeData() failure , invalid userId
D/RCPManagerService( 9918): exchangeData() failure , invalid userId
D/RCPManagerService( 9918): exchangeData() failure , invalid userId
D/RCPManagerService( 9918): exchangeData() failure , invalid userId
D/RCPManagerService( 9918): exchangeData() failure , invalid userId
D/RCPManagerService( 9918): exchangeData() failure , invalid userId
D/RCPManagerService( 9918): exchangeData() failure , invalid userId
D/RCPManagerService( 9918): exchangeData() failure , invalid userId
I/Mms/ReservationManager(16099): ReservationManager()
I/Mms/ReservationManager(16099): resetAfterConnected()
I/PackageManager( 9918):   Action: "android.intent.action.SENDTO"
I/PackageManager( 9918):   Category: "android.intent.category.DEFAULT"
I/PackageManager( 9918):   Scheme: "mms"
D/TP/MmsSmsProvider(10344): match 7:Elapsed time : 1.709 ms
D/RCPManagerService( 9918): exchangeData() failure , invalid userId
I/PackageManager( 9918): Adding preferred activity ComponentInfo{com.android.mms/com.android.mms.ui.ConversationComposer} for user 0 :
D/RCPManagerService( 9918): exchangeData() failure , invalid userId
I/Mms/ReservationManager(16099): getReservedSendMessageCount(): retMessageCount=0
D/Mms/MmsApp(16099): [end]    onCreate()
D/Mms/UIEventReceiver(16099): ui event
D/Mms/DownloadManager(16099): Service state changed: Bundle[mParcelledData.dataSize=760]
D/Mms/DownloadManager(16099): roaming ------> false
D/Mms/DownloadManager(16099): mAutoDownload ------> true
D/dalvikvm( 9918): GC_EXPLICIT freed 2744K, 22% free 59858K/75884K, paused 7ms+22ms, total 303ms
D/PackageManager( 9918): delete sourFile : 
I/PackageManager( 9918):   Action: "android.intent.action.SENDTO"
I/PackageManager( 9918):   Category: "android.intent.category.DEFAULT"
I/PackageManager( 9918):   Scheme: "mmsto"
D/RCPManagerService( 9918): exchangeData() failure , invalid userId
I/PackageManager( 9918): Adding preferred activity ComponentInfo{com.android.mms/com.android.mms.ui.ConversationComposer} for user 0 :
D/RCPManagerService( 9918): exchangeData() failure , invalid userId
D/RCPManagerService( 9918): exchangeData() failure , invalid userId
D/RCPManagerService( 9918): exchangeData() failure , invalid userId
D/RCPManagerService( 9918): exchangeData() failure , invalid userId
D/RCPManagerService( 9918): exchangeData() failure , invalid userId
I/SELinux (16119): Function: selinux_android_load_priority , priority [3] , priority version is VE=SEPF_SAMSUNG-SGH-I337_4.4.4_0031
E/dalvikvm(16119): >>>>> Normal User
E/dalvikvm(16119): >>>>> com.android.settings [ userId:0 | appId:1000 ]
D/RCPManagerService( 9918): exchangeData() failure , invalid userId
D/RCPManagerService( 9918): exchangeData() failure , invalid userId
W/InputMethodUtils( 9918): Found no subtypes in a system IME: com.callpod.android_apps.keeper
D/PackageManager( 9918): delete native library directory: 
I/ActivityManager( 9918): Killing 30607:com.sec.android.app.controlpanel/u0a119 (adj 15): empty #33
D/AndroidRuntime(16015): Shutting down VM
D/jdwp    (16015): Got wake-up signal, bailing out of select
D/dalvikvm(16015): Debugger has detached; object registry had 1 entries
D/PackageManager( 9918): delete null
D/PackageManager( 9918): return install result to caller: 1140506024
D/PackageManager( 9918): returnCode: 1
D/RCPManagerService( 9918): exchangeData() failure , invalid userId
D/RCPManagerService( 9918): exchangeData() failure , invalid userId
D/BackupManagerService( 9918): Received broadcast Intent { act=android.intent.action.PACKAGE_REMOVED dat=package:com.example.demo_app2 flg=0x4000010 (has extras) }
D/PackageManager( 9918): queryContentProviders - Execution time: 165 ms
W/ResourceType(17159): Failure getting entry for 0x7f0202be (t=1 e=702) in package 0 (error -75)
I/PackageManager( 9918):   Action: "android.intent.action.SENDTO"
I/PackageManager( 9918):   Category: "android.intent.category.DEFAULT"
I/PackageManager( 9918):   Scheme: "sms"
I/PackageManager( 9918): Adding preferred activity ComponentInfo{com.android.mms/com.android.mms.ui.ConversationComposer} for user 0 :
D/EnterpriseDeviceManagerService( 9918): onPackageUpdateFinished - packageName: com.example.demo_app2, uid: 10342
D/EnterpriseDeviceManagerService( 9918): Package has changed for user 0
I/PackageManager( 9918):   Action: "android.intent.action.SENDTO"
I/PackageManager( 9918):   Category: "android.intent.category.DEFAULT"
I/PackageManager( 9918):   Scheme: "smsto"
I/PackageManager( 9918): Adding preferred activity ComponentInfo{com.android.mms/com.android.mms.ui.ConversationComposer} for user 0 :
I/PackageManager( 9918):   Action: "android.intent.action.SENDTO"
I/PackageManager( 9918):   Category: "android.intent.category.DEFAULT"
I/PackageManager( 9918):   Scheme: "mms"
I/PackageManager( 9918): Adding preferred activity ComponentInfo{com.android.mms/com.android.mms.ui.ConversationComposer} for user 0 :
D/RCPManagerService( 9918): PackageReceiver onReceive()
D/RCPManagerService( 9918): App Installed with packageNAme = com.example.demo_app2
D/RCPManagerService( 9918):  PackageReceiver onReceive() bundle Bundle[{com.google.android.gms.version=9452000}]
D/RCPManagerService( 9918):  PackageReceiver onReceive() proxyName null proxyService null
I/PackageManager( 9918):   Action: "android.intent.action.SENDTO"
I/PackageManager( 9918):   Category: "android.intent.category.DEFAULT"
I/PackageManager( 9918):   Scheme: "mmsto"
I/PackageManager( 9918): Adding preferred activity ComponentInfo{com.android.mms/com.android.mms.ui.ConversationComposer} for user 0 :
D/BackupManagerService( 9918): Received broadcast Intent { act=android.intent.action.PACKAGE_ADDED dat=package:com.example.demo_app2 flg=0x4000010 (has extras) }
V/BackupManagerService( 9918): removePackageParticipantsLocked: uid=10342 #1
W/Resources( 9918): Converting to string: TypedValue{t=0x12/d=0xffffffff a=-1}
W/Resources( 9918): Converting to string: TypedValue{t=0x12/d=0xffffffff a=-1}
V/BackupManagerService( 9918): addPackageParticipantsLocked: #1
I/PackageManager( 9918):   Action: "android.intent.action.SENDTO"
I/PackageManager( 9918):   Category: "android.intent.category.DEFAULT"
I/PackageManager( 9918):   Scheme: "sms"
D/PersonaPolicyManagerService( 9918): PersonaPolicyReceiver Receiver : android.intent.action.PACKAGE_ADDED
I/PackageManager( 9918): Adding preferred activity ComponentInfo{com.android.mms/com.android.mms.ui.ConversationComposer} for user 0 :
D/AndroidRuntime(16136): 
D/AndroidRuntime(16136): >>>>>> AndroidRuntime START com.android.internal.os.RuntimeInit <<<<<<
D/AndroidRuntime(16136): CheckJNI is OFF
D/AndroidRuntime(16136): setted country_code = USA
D/AndroidRuntime(16136): setted countryiso_code = US
D/AndroidRuntime(16136): setted sales_code = ATT
D/AndroidRuntime(16136): readGMSProperty: start
D/AndroidRuntime(16136): readGMSProperty: already setted!!
D/AndroidRuntime(16136): readGMSProperty: end
D/AndroidRuntime(16136): addProductProperty: start
D/dalvikvm(16136): Trying to load lib libjavacore.so 0x0
D/dalvikvm(16136): Added shared lib libjavacore.so 0x0
D/dalvikvm(16136): Trying to load lib libnativehelper.so 0x0
D/dalvikvm(16136): Added shared lib libnativehelper.so 0x0
D/dalvikvm(16136): No JNI_OnLoad found in libnativehelper.so 0x0, skipping init
E/DataRouter(  296): Opening of the USB File failed fd is -1 & errno is 2
E/Watchdog( 9918): !@Sync 3107
E/memtrack(16136): Couldn't load memtrack module (No such file or directory)
E/android.os.Debug(16136): failed to load memtrack module: -2
D/dalvikvm(16136): Note: class Landroid/app/ActivityManagerNative; has 193 unimplemented (abstract) methods
D/AndroidRuntime(16136): Calling main entry com.android.commands.am.Am
I/ApplicationUsage( 9918): Done Updating Usage Statistics in DB @ 1471288059281
E/DataRouter(  296): Opening of the USB File failed fd is -1 & errno is 2
I/Mms/MmsApp(16099):  start initViewCache mms
D/PackageManager( 9918): getApplicationInfo - Execution time: 1230 ms
D/PackageManager( 9918): resolveContentProvider - Execution time: 1186 ms
D/PackageManager( 9918): checkUidPermission - Execution time: 828 ms
V/ApplicationPolicy( 9918): isApplicationStateBlocked userId 0 pkgname com.example.demo_app2
I/PackageManager( 9918):   Action: "android.intent.action.SENDTO"
I/PackageManager( 9918):   Category: "android.intent.category.DEFAULT"
I/PackageManager( 9918):   Scheme: "smsto"
I/PackageManager( 9918): Adding preferred activity ComponentInfo{com.android.mms/com.android.mms.ui.ConversationComposer} for user 0 :
I/SurfaceFlinger( 9488): id=3047 createSurf (16x16),-1 flag=20004, EimLayer
D/PackageManager( 9918): resolveContentProvider - Execution time: 1147 ms
W/Resources( 9918): Converting to string: TypedValue{t=0x12/d=0x0 a=-1}
W/Resources( 9918): Converting to string: TypedValue{t=0x12/d=0xffffffff a=-1}
I/SurfaceFlinger( 9488): id=3048 createSurf (16x16),-1 flag=20004, EimLayer
D/KeyguardUpdateMonitor(10162): sendKeyguardVisibilityChanged(true)
D/KeyguardUpdateMonitor(10162): handleKeyguardVisibilityChanged(1)
D/CustomFrequencyManagerService( 9918): acquireDVFSLockLocked : type : DVFS_MIN_LIMIT  frequency : 1350000  uid : 1000  pid : 9918  pkgName : ACTIVITY_RESUME_BOOSTER@6
W/ActivityManager( 9918): mDVFSHelper.acquire()
I/PackageManager( 9918):   Action: "android.intent.action.SENDTO"
I/PackageManager( 9918):   Category: "android.intent.category.DEFAULT"
I/PackageManager( 9918):   Scheme: "mms"
D/Launcher.HomeView(10369): onPause
I/PackageManager( 9918): Adding preferred activity ComponentInfo{com.android.mms/com.android.mms.ui.ConversationComposer} for user 0 :
D/STATUSBAR-NetworkController(10162): refreshSignalCluster - setNWBoosterIndicators(false)
D/STATUSBAR-NetworkController(10162): refreshSignalCluster: data=-1 bt=false
D/AndroidRuntime(16136): Shutting down VM
D/jdwp    (16136): Got wake-up signal, bailing out of select
D/dalvikvm(16136): Debugger has detached; object registry had 1 entries
D/Launcher.Workspace(10369): exitWidgetResizeMode State: NORMAL, newDragStarted: false
V/SmartFaceService - 3rd party pause( 9918): onReceive [android.intent.action.ACTIVITY_STATE/com.sec.android.app.launcher/pause]
D/StatusBarManagerService( 9918): tr p:10369,o:f
D/PhoneStatusBar(10162): setTransGradationMode=false, mTransparentMode=false, mSemiTransparentMode=false, mMultiWindowMode=false
D/STATUSBAR-IconMerger(10162): checkOverflow(504), More:false, Req:false Child:4
D/PackageManager( 9918): getApplicationInfo - Execution time: 137 ms
W/Resources( 9918): Converting to string: TypedValue{t=0x12/d=0xffffffff a=-1}
I/PackageManager( 9918):   Action: "android.intent.action.SENDTO"
I/PackageManager( 9918):   Category: "android.intent.category.DEFAULT"
I/PackageManager( 9918):   Scheme: "mmsto"
I/SurfaceFlinger( 9488): id=3049 createSurf (1x1),1 flag=404, eemo_app2
D/StatusBarManagerService( 9918): tr p:9918,o:f
I/ActivityManager( 9918): Killing 30637:com.nuance.swype.input/u0a181 (adj 15): empty #33
I/PackageManager( 9918): Adding preferred activity ComponentInfo{com.android.mms/com.android.mms.ui.ConversationComposer} for user 0 :
D/RCPManagerService( 9918): exchangeData() failure , invalid userId
D/KeyguardUpdateMonitor(10162): sendKeyguardVisibilityChanged(true)
D/RCPManagerService( 9918): exchangeData() failure , invalid userId
D/RCPManagerService( 9918): exchangeData() failure , invalid userId
D/RCPManagerService( 9918): exchangeData() failure , invalid userId
D/PhoneStatusBar(10162): setTransGradationMode=false, mTransparentMode=false, mSemiTransparentMode=false, mMultiWindowMode=false
D/RCPManagerService( 9918): exchangeData() failure , invalid userId
D/RCPManagerService( 9918): exchangeData() failure , invalid userId
D/RCPManagerService( 9918): exchangeData() failure , invalid userId
D/RCPManagerService( 9918): exchangeData() failure , invalid userId
D/RCPManagerService( 9918): exchangeData() failure , invalid userId
D/RCPManagerService( 9918): exchangeData() failure , invalid userId
D/RCPManagerService( 9918): exchangeData() failure , invalid userId
D/RCPManagerService( 9918): exchangeData() failure , invalid userId
D/RCPManagerService( 9918): exchangeData() failure , invalid userId
D/RCPManagerService( 9918): exchangeData() failure , invalid userId
D/RCPManagerService( 9918): exchangeData() failure , invalid userId
D/RCPManagerService( 9918): exchangeData() failure , invalid userId
D/RCPManagerService( 9918): exchangeData() failure , invalid userId
D/RCPManagerService( 9918): exchangeData() failure , invalid userId
D/KeyguardUpdateMonitor(10162): sendKeyguardVisibilityChanged(true)
D/RCPManagerService( 9918): exchangeData() failure , invalid userId
D/RCPManagerService( 9918): exchangeData() failure , invalid userId
D/RCPManagerService( 9918): exchangeData() failure , invalid userId
D/RCPManagerService( 9918): exchangeData() failure , invalid userId
D/RCPManagerService( 9918): exchangeData() failure , invalid userId
D/PointerIcon( 9918): setMouseIconStyle1 pointerType: 1001iconType:101 flag:0
D/RCPManagerService( 9918): exchangeData() failure , invalid userId
D/PointerIcon( 9918): setMouseCustomIcon IconType is same.101
D/PointerIcon( 9918): setHoveringSpenIconStyle1 pointerType: 10001iconType:1 flag:0
D/PointerIcon( 9918): setHoveringSpenCustomIcon IconType is same.1
D/KeyguardUpdateMonitor(10162): handleKeyguardVisibilityChanged(1)
D/RCPManagerService( 9918): exchangeData() failure , invalid userId
D/RCPManagerService( 9918): exchangeData() failure , invalid userId
D/RCPManagerService( 9918): exchangeData() failure , invalid userId
D/RCPManagerService( 9918): exchangeData() failure , invalid userId
D/RCPManagerService( 9918): exchangeData() failure , invalid userId
D/RCPManagerService( 9918): exchangeData() failure , invalid userId
D/RCPManagerService( 9918): exchangeData() failure , invalid userId
D/RCPManagerService( 9918): exchangeData() failure , invalid userId
E/qdmemalloc( 9488): heap_msk=3000000 flags=1
E/qdmemalloc( 9488):  
D/KeyguardUpdateMonitor(10162): handleKeyguardVisibilityChanged(1)
E/qdmemalloc( 9488): heap_msk=40000000 flags=1
E/qdmemalloc( 9488):  
D/KeyguardUpdateMonitor(10162): sendKeyguardVisibilityChanged(true)
D/KeyguardUpdateMonitor(10162): handleKeyguardVisibilityChanged(1)
D/RCPManagerService( 9918): exchangeData() failure , invalid userId
D/RCPManagerService( 9918): exchangeData() failure , invalid userId
D/RCPManagerService( 9918): exchangeData() failure , invalid userId
D/Mms/ComposeMessageFragment(16099): fillCache, easy = false
D/RCPManagerService( 9918): exchangeData() failure , invalid userId
D/RCPManagerService( 9918): exchangeData() failure , invalid userId
D/RCPManagerService( 9918): exchangeData() failure , invalid userId
D/RCPManagerService( 9918): exchangeData() failure , invalid userId
D/RCPManagerService( 9918): exchangeData() failure , invalid userId
I/SELinux (16149): Function: selinux_android_load_priority , priority [3] , priority version is VE=SEPF_SAMSUNG-SGH-I337_4.4.4_0031
E/dalvikvm(16149): >>>>> Normal User
E/dalvikvm(16149): >>>>> com.example.demo_app2 [ userId:0 | appId:10342 ]
D/dalvikvm(16149): Late-enabling CheckJNI
W/Resources( 9918): Converting to string: TypedValue{t=0x12/d=0xffffffff a=-1}
I/PackageManager( 9918):   Action: "android.intent.action.SENDTO"
I/PackageManager( 9918):   Category: "android.intent.category.DEFAULT"
I/PackageManager( 9918):   Scheme: "sms"
I/PackageManager( 9918): Adding preferred activity ComponentInfo{com.android.mms/com.android.mms.ui.ConversationComposer} for user 0 :
V/TaskCloserActivity(31775): TaskCloserActivity onReceive() - com.sec.android.intent.action.HOME_RESUME
W/ResourceType(17159): getEntry failing because entryIndex 5744 is beyond type entryCount 2512
W/ResourceType(17159): Failure getting entry for 0x7f021670 (t=1 e=5744) in package 0 (error -2147483647)
W/ResourceType(17159): getEntry failing because entryIndex 5744 is beyond type entryCount 2512
W/ResourceType(17159): Failure getting entry for 0x7f021670 (t=1 e=5744) in package 0 (error -2147483647)
W/ResourceType(17159): getEntry failing because entryIndex 5745 is beyond type entryCount 2512
W/ResourceType(17159): Failure getting entry for 0x7f021671 (t=1 e=5745) in package 0 (error -2147483647)
W/ResourceType(17159): getEntry failing because entryIndex 5746 is beyond type entryCount 2512
W/ResourceType(17159): Failure getting entry for 0x7f021672 (t=1 e=5746) in package 0 (error -2147483647)
D/RCPManagerService( 9918): exchangeData() failure , invalid userId
D/RCPManagerService( 9918): exchangeData() failure , invalid userId
I/PackageManager( 9918):   Action: "android.intent.action.SENDTO"
I/PackageManager( 9918):   Category: "android.intent.category.DEFAULT"
I/PackageManager( 9918):   Scheme: "smsto"
I/SELinux (16165): Function: selinux_android_load_priority , priority [3] , priority version is VE=SEPF_SAMSUNG-SGH-I337_4.4.4_0031
I/PackageManager( 9918): Adding preferred activity ComponentInfo{com.android.mms/com.android.mms.ui.ConversationComposer} for user 0 :
E/dalvikvm(16165): >>>>> Normal User
E/dalvikvm(16165): >>>>> com.android.email [ userId:0 | appId:10169 ]
D/RCPManagerService( 9918): exchangeData() failure , invalid userId
D/RCPManagerService( 9918): exchangeData() failure , invalid userId
D/dalvikvm( 9489): GC_EXPLICIT freed 43K, 38% free 16822K/26788K, paused 2ms+2ms, total 26ms
D/dalvikvm( 9489): GC_EXPLICIT freed <1K, 38% free 16822K/26788K, paused 1ms+3ms, total 21ms
D/dalvikvm( 9489): GC_EXPLICIT freed <1K, 38% free 16822K/26788K, paused 1ms+2ms, total 20ms
I/PackageManager( 9918):   Action: "android.intent.action.SENDTO"
I/PackageManager( 9918):   Category: "android.intent.category.DEFAULT"
I/PackageManager( 9918):   Scheme: "mms"
D/RCPManagerService( 9918): exchangeData() failure , invalid userId
D/RCPManagerService( 9918): exchangeData() failure , invalid userId
D/TwCheckBox(16099): setButtonDrawable(Drawable d) mButtonBgHasBeenSet=false
I/PackageManager( 9918): Adding preferred activity ComponentInfo{com.android.mms/com.android.mms.ui.ConversationComposer} for user 0 :
D/TwCheckBox(16099): setChecked(1) checked=false, mCheckBoxAnimationEnabled=true, mIsAttached=false
D/TwCheckBox(16099): animationEnabled=true, usesDeviceDefaultBg=true, usesDeviceDefaultAnimResBg=true
V/WindowOrientationListener( 9918): mSContextAutoRotationListener.getProposedRotation, mbResultFaceDectection: false
V/WindowOrientationListener( 9918): mSContextAutoRotationListener.getProposedRotation, Rotation: 0
V/WindowOrientationListener( 9918): mSContextAutoRotationListener.getProposedRotation, mbResultFaceDectection: false
V/WindowOrientationListener( 9918): mSContextAutoRotationListener.getProposedRotation, Rotation: 0
V/WindowManager( 9918): rotationForOrientationLw(orient=-1, last=0); user=0 USER_ROTATION_LOCKED sensorRotation=0 mLidState=-1 mDockMode=0 mHdmiPlugged=false mAccelerometerDefault=false gripRotationLock=false
D/PackageManager( 9918): getApplicationInfo - Execution time: 155 ms
W/ResourceType(17159): Failure getting entry for 0x7f020196 (t=1 e=406) in package 0 (error -75)
D/RCPManagerService( 9918): exchangeData() failure , invalid userId
D/RCPManagerService( 9918): exchangeData() failure , invalid userId
D/PowerManagerService( 9918): setKeyboardVisibility: false
I/PackageManager( 9918):   Action: "android.intent.action.SENDTO"
I/PackageManager( 9918):   Category: "android.intent.category.DEFAULT"
I/PackageManager( 9918):   Scheme: "mmsto"
D/KeyguardUpdateMonitor(10162): sendKeyguardVisibilityChanged(true)
D/KeyguardUpdateMonitor(10162): handleKeyguardVisibilityChanged(1)
D/Launcher.HomeView(10369): onStop
D/SurfaceWidgetClient$ISurfaceWidgetStub(10739): [237392/5] Surface widget visibility changed visibility = false on instance = 1
D/KeyguardUpdateMonitor(10162): sendKeyguardVisibilityChanged(true)
D/Launcher(10369): onTrimMemory. Level: 20
I/PackageManager( 9918): Adding preferred activity ComponentInfo{com.android.mms/com.android.mms.ui.ConversationComposer} for user 0 :
D/STATUSBAR-StatusBarManagerService( 9918): manageDisableList what=0x0 pkg=WindowManager.LayoutParams
D/SurfaceWidgetView(10369): destroyHardwareResources():1118463576
D/SurfaceWidgetView(10369): destroyHardwareResources():1120891768
D/SurfaceWidgetClient$ISurfaceWidgetStub(10752): [237392/5] Surface widget visibility changed visibility = false on instance = 1
D/KeyguardUpdateMonitor(10162): sendKeyguardVisibilityChanged(true)
D/KeyguardUpdateMonitor(10162): handleKeyguardVisibilityChanged(1)
D/KeyguardUpdateMonitor(10162): sendKeyguardVisibilityChanged(true)
D/KeyguardUpdateMonitor(10162): sendKeyguardVisibilityChanged(true)
