W/WifiP2pStateTracker( 9918): WifiP2pStateReceiver : android.net.wifi.LINK_CONFIGURATION_CHANGED
D/ConnectivityService( 9918): handleConnectivityChange: address are the same reset per doReset linkProperty[1]: resetMask=0
D/ConnectivityService( 9918): handleConnectivityChange: setting default proxy info 
D/STATUSBAR-NetworkController(10162): refreshSignalCluster - setNWBoosterIndicators(false)
D/STATUSBAR-NetworkController(10162): refreshSignalCluster: data=-1 bt=false
D/ConnectivityService( 9918): updateSourceRoutes : no source routing conditions
D/STATUSBAR-IconMerger(10162): checkOverflow(504), More:false, Req:false Child:4
D/ConnectivityService( 9918): handleConnectivityChange: address are the same reset per doReset linkProperty[1]: resetMask=0
D/ConnectivityService( 9918): handleConnectivityChange: setting default proxy info 
D/ConnectivityService( 9918): updateSourceRoutes : no source routing conditions
D/ConnectivityService( 9918): handleConnectivityChange: address are the same reset per doReset linkProperty[1]: resetMask=0
D/ConnectivityService( 9918): handleConnectivityChange: setting default proxy info 
D/ConnectivityService( 9918): updateSourceRoutes : no source routing conditions
D/STATUSBAR-NetworkController(10162): onSignalStrengthsChanged signalStrength=SignalStrength: 22 -1 -1 -1 -1 -1 -1 99 2147483647 2147483647 2147483647 -1 2147483647 gsm|lte 0x5 level=5
E/DataRouter(  296): Opening of the USB File failed fd is -1 & errno is 2
D/ALSADevice( 9491): standby: handle 0xb7c3f418 h 0x0
V/ALSADevice( 9491): standby handle h 0xb7c60770
D/STATUSBAR-NetworkController(10162): refreshSignalCluster - setNWBoosterIndicators(false)
D/STATUSBAR-NetworkController(10162): refreshSignalCluster: data=-1 bt=false
D/STATUSBAR-IconMerger(10162): checkOverflow(504), More:false, Req:false Child:4
D/alsa_ucm( 9491): snd_use_case_set(): uc_mgr 0xb7bfd250 identifier _verb value Inactive
D/alsa_ucm( 9491): Set mixer controls for HiFi enable 0
D/alsa_ucm( 9491): Setting mixer control: SLIMBUS_0_RX Audio Mixer MultiMedia1, value: 0
V/ALSADevice( 9491): Number of modifiers 0
V/ALSADevice( 9491): usecase_type is 0
D/alsa_ucm( 9491): snd_use_case_set(): uc_mgr 0xb7bfd250 identifier _disdev value Main Mic
D/alsa_ucm( 9491): disdev: device Main Mic not enabled, no need to disable
D/alsa_ucm( 9491): snd_use_case_set(): uc_mgr 0xb7bfd250 identifier _disdev value Speaker
D/alsa_ucm( 9491): Set mixer controls for Speaker enable 0
D/alsa_ucm( 9491): Setting mixer control: RX5 MIX1 INP1, value: ZERO
D/alsa_ucm( 9491): Setting mixer control: RX5 MIX1 INP2, value: ZERO
D/alsa_ucm( 9491): Setting mixer control: LINEOUT2 Volume, value: 0
D/alsa_ucm( 9491): Setting mixer control: LINEOUT4 Volume, value: 0
D/alsa_ucm( 9491): Setting mixer control: RX5 Digital Volume, value: 0
E/DataRouter(  296): Opening of the USB File failed fd is -1 & errno is 2
D/STATUSBAR-NetworkController(10162): refreshSignalCluster - setNWBoosterIndicators(false)
D/STATUSBAR-NetworkController(10162): refreshSignalCluster: data=-1 bt=false
D/STATUSBAR-IconMerger(10162): checkOverflow(504), More:false, Req:false Child:4
D/lights  ( 9918): button : 0 +
D/lights  ( 9918): button : 0 -
E/DataRouter(  296): Opening of the USB File failed fd is -1 & errno is 2
D/STATUSBAR-NetworkController(10162): refreshSignalCluster - setNWBoosterIndicators(false)
D/STATUSBAR-NetworkController(10162): refreshSignalCluster: data=-1 bt=false
D/STATUSBAR-IconMerger(10162): checkOverflow(504), More:false, Req:false Child:4
E/DataRouter(  296): Opening of the USB File failed fd is -1 & errno is 2
D/STATUSBAR-NetworkController(10162): refreshSignalCluster - setNWBoosterIndicators(false)
D/STATUSBAR-NetworkController(10162): refreshSignalCluster: data=-1 bt=false
D/STATUSBAR-IconMerger(10162): checkOverflow(504), More:false, Req:false Child:4
D/STATUSBAR-NetworkController(10162): onSignalStrengthsChanged signalStrength=SignalStrength: 22 -1 -1 -1 -1 -1 -1 99 2147483647 2147483647 2147483647 -1 2147483647 gsm|lte 0x5 level=5
D/SSRMv2:SIOP( 9918): SIOP:: AP = 410 (0), Delta = 20
E/DataRouter(  296): Opening of the USB File failed fd is -1 & errno is 2
E/DataRouter(  296): Opening of the USB File failed fd is -1 & errno is 2
E/DataRouter(  296): Opening of the USB File failed fd is -1 & errno is 2
E/DataRouter(  296): Opening of the USB File failed fd is -1 & errno is 2
D/STATUSBAR-NetworkController(10162): refreshSignalCluster - setNWBoosterIndicators(false)
D/STATUSBAR-NetworkController(10162): refreshSignalCluster: data=-1 bt=false
D/STATUSBAR-IconMerger(10162): checkOverflow(504), More:false, Req:false Child:4
E/DataRouter(  296): Opening of the USB File failed fd is -1 & errno is 2
V/AlarmManager( 9918): waitForAlarm result :8
E/DataRouter(  296): Opening of the USB File failed fd is -1 & errno is 2
D/STATUSBAR-NetworkController(10162): refreshSignalCluster - setNWBoosterIndicators(false)
D/STATUSBAR-NetworkController(10162): refreshSignalCluster: data=-1 bt=false
D/STATUSBAR-IconMerger(10162): checkOverflow(504), More:false, Req:false Child:4
E/DataRouter(  296): Opening of the USB File failed fd is -1 & errno is 2
D/STATUSBAR-NetworkController(10162): refreshSignalCluster - setNWBoosterIndicators(false)
D/STATUSBAR-NetworkController(10162): refreshSignalCluster: data=-1 bt=false
D/STATUSBAR-IconMerger(10162): checkOverflow(504), More:false, Req:false Child:4
E/DataRouter(  296): Opening of the USB File failed fd is -1 & errno is 2
E/DataRouter(  296): Opening of the USB File failed fd is -1 & errno is 2
D/STATUSBAR-NetworkController(10162): refreshSignalCluster - setNWBoosterIndicators(false)
D/STATUSBAR-NetworkController(10162): refreshSignalCluster: data=-1 bt=false
D/STATUSBAR-IconMerger(10162): checkOverflow(504), More:false, Req:false Child:4
E/DataRouter(  296): Opening of the USB File failed fd is -1 & errno is 2
D/STATUSBAR-NetworkController(10162): refreshSignalCluster - setNWBoosterIndicators(false)
D/STATUSBAR-NetworkController(10162): refreshSignalCluster: data=-1 bt=false
D/STATUSBAR-IconMerger(10162): checkOverflow(504), More:false, Req:false Child:4
D/SSRMv2:SIOP( 9918): SIOP:: AP = 400 (0), Delta = -10
E/DataRouter(  296): Opening of the USB File failed fd is -1 & errno is 2
W/ProcessCpuTracker( 9918): Skipping unknown process pid 15922
D/STATUSBAR-NetworkController(10162): refreshSignalCluster - setNWBoosterIndicators(false)
D/STATUSBAR-NetworkController(10162): refreshSignalCluster: data=-1 bt=false
D/STATUSBAR-IconMerger(10162): checkOverflow(504), More:false, Req:false Child:4
E/DataRouter(  296): Opening of the USB File failed fd is -1 & errno is 2
D/STATUSBAR-NetworkController(10162): refreshSignalCluster - setNWBoosterIndicators(false)
D/STATUSBAR-NetworkController(10162): refreshSignalCluster: data=-1 bt=false
D/STATUSBAR-IconMerger(10162): checkOverflow(504), More:false, Req:false Child:4
E/DataRouter(  296): Opening of the USB File failed fd is -1 & errno is 2
D/STATUSBAR-NetworkController(10162): refreshSignalCluster - setNWBoosterIndicators(false)
D/STATUSBAR-NetworkController(10162): refreshSignalCluster: data=-1 bt=false
D/STATUSBAR-IconMerger(10162): checkOverflow(504), More:false, Req:false Child:4
W/WifiP2pStateTracker( 9918): WifiP2pStateReceiver : android.net.wifi.LINK_CONFIGURATION_CHANGED
W/WifiP2pStateTracker( 9918): WifiP2pStateReceiver : android.net.wifi.LINK_CONFIGURATION_CHANGED
W/WifiP2pStateTracker( 9918): WifiP2pStateReceiver : android.net.wifi.LINK_CONFIGURATION_CHANGED
D/ConnectivityService( 9918): handleConnectivityChange: address are the same reset per doReset linkProperty[1]: resetMask=0
D/ConnectivityService( 9918): handleConnectivityChange: setting default proxy info 
D/ConnectivityService( 9918): updateSourceRoutes : no source routing conditions
D/ConnectivityService( 9918): handleConnectivityChange: address are the same reset per doReset linkProperty[1]: resetMask=0
D/ConnectivityService( 9918): handleConnectivityChange: setting default proxy info 
D/ConnectivityService( 9918): updateSourceRoutes : no source routing conditions
D/ConnectivityService( 9918): handleConnectivityChange: address are the same reset per doReset linkProperty[1]: resetMask=0
D/ConnectivityService( 9918): handleConnectivityChange: setting default proxy info 
D/ConnectivityService( 9918): updateSourceRoutes : no source routing conditions
E/DataRouter(  296): Opening of the USB File failed fd is -1 & errno is 2
D/AndroidRuntime(16015): 
D/AndroidRuntime(16015): >>>>>> AndroidRuntime START com.android.internal.os.RuntimeInit <<<<<<
D/AndroidRuntime(16015): CheckJNI is OFF
D/AndroidRuntime(16015): setted country_code = USA
D/AndroidRuntime(16015): setted countryiso_code = US
D/AndroidRuntime(16015): setted sales_code = ATT
D/AndroidRuntime(16015): readGMSProperty: start
D/AndroidRuntime(16015): readGMSProperty: already setted!!
D/AndroidRuntime(16015): readGMSProperty: end
D/AndroidRuntime(16015): addProductProperty: start
D/dalvikvm(16015): Trying to load lib libjavacore.so 0x0
D/dalvikvm(16015): Added shared lib libjavacore.so 0x0
D/dalvikvm(16015): Trying to load lib libnativehelper.so 0x0
D/dalvikvm(16015): Added shared lib libnativehelper.so 0x0
D/dalvikvm(16015): No JNI_OnLoad found in libnativehelper.so 0x0, skipping init
D/STATUSBAR-NetworkController(10162): onSignalStrengthsChanged signalStrength=SignalStrength: 23 -1 -1 -1 -1 -1 -1 99 2147483647 2147483647 2147483647 -1 2147483647 gsm|lte 0x5 level=5
E/memtrack(16015): Couldn't load memtrack module (No such file or directory)
E/android.os.Debug(16015): failed to load memtrack module: -2
D/dalvikvm(16015): Note: class Landroid/app/ActivityManagerNative; has 193 unimplemented (abstract) methods
D/AndroidRuntime(16015): Calling main entry com.android.commands.pm.Pm
V/PackageManager( 9918): Install from ADB
D/PackageManager( 9918): START_PACKAGE_INSTALL: observer{1140506024}
D/PackageManager( 9918):           PackageURI{file:///data/local/tmp/com.example.demo_app2}
D/PackageManager( 9918): [MSG] INIT_COPY: observer{1140506024}
D/PackageManager( 9918):           idx{0}
D/PackageManager( 9918):           for_user{UserHandle{-1}}
D/PackageManager( 9918): Trying to bind to DefaultContainerService
I/SELinux (16041): Function: selinux_android_load_priority , priority [3] , priority version is VE=SEPF_SAMSUNG-SGH-I337_4.4.4_0031
E/dalvikvm(16041): >>>>> Normal User
E/dalvikvm(16041): >>>>> com.android.defcontainer [ userId:0 | appId:10006 ]
D/PackageManager( 9918): onServiceConnected
D/PackageManager( 9918): [MSG] MCS_BOUND
D/PackageManager( 9918): [MSG] MCS_BOUND: observer{1140506024}
D/PackageManager( 9918):           for_user{UserHandle{-1}}
D/PersonaManagerService( 9918): needVerificationForPackage  
D/PersonaManagerService( 9918): needVerificationForPackage com.example.demo_app2
D/PersonaManagerService( 9918): needVerificationForPackage getting setupWizardApkLocation
D/PersonaManagerService( 9918): needVerificationForPackage setupWizardApkLocation is null
D/PersonaManagerService( 9918): needVerificationForPackage setupWizardApkLocation == null 
D/PersonaManagerService( 9918): needVerificationForPackage getting handlerApkLocation
D/PersonaManagerService( 9918): needVerificationForPackage handlerApkLocation is null
D/PersonaManagerService( 9918): needVerificationForPackage handlerApkLocation == null 
D/PackageManager( 9918): send PRE_INSTALL
D/PackageManager( 9918): [MSG_PRE_INSTALL] PRE_INSTALL for observer{1140506024}
D/PackageManager( 9918): start preCopy
D/PackageManager( 9918): copyApk
D/PackageManager( 9918): copy to /data/app/vmdl-1703484683.tmp
I/HarmonyEASService( 9918): Updating for all 1
D/PackageManager( 9918): Found 1 verifiers for intent Intent { act=android.intent.action.PACKAGE_NEEDS_VERIFICATION dat=file:///data/local/tmp/com.example.demo_app2 typ=application/vnd.android.package-archive flg=0x1 } with 0 optional verifiers
I/PackageManager( 9918): remove MCS_UNBIND message and Posting MCS_UNBIND 10 secs later
I/Finsky  ( 3960): [1] com.google.android.vending.verifier.PackageVerificationReceiver.onReceive(41): Verification requested, id = 138
I/PackageManager( 9918): Copying native libraries to /data/app-lib/vmdl-1703484683
D/PackageManager( 9918): start preCollectCert
E/PackageManager( 9918): parse pkg : /data/app/vmdl-1703484683.tmp
E/PackageManager( 9918): dexopt start
D/dalvikvm( 3960): GC_CONCURRENT freed 2942K, 27% free 19725K/26788K, paused 4ms+13ms, total 62ms
D/dalvikvm( 3960): WAIT_FOR_CONCURRENT_GC blocked 42ms
E/DataRouter(  296): Opening of the USB File failed fd is -1 & errno is 2
D/dalvikvm( 3960): GC_CONCURRENT freed 2441K, 28% free 19331K/26788K, paused 3ms+3ms, total 36ms
D/dalvikvm( 3960): WAIT_FOR_CONCURRENT_GC blocked 15ms
D/dalvikvm( 9918): GC_CONCURRENT freed 7252K, 22% free 54980K/70436K, paused 7ms+16ms, total 232ms
D/dalvikvm( 9918): WAIT_FOR_CONCURRENT_GC blocked 190ms
D/STATUSBAR-NetworkController(10162): refreshSignalCluster - setNWBoosterIndicators(false)
D/STATUSBAR-NetworkController(10162): refreshSignalCluster: data=-1 bt=false
D/STATUSBAR-IconMerger(10162): checkOverflow(504), More:false, Req:false Child:4
D/dalvikvm( 3960): GC_CONCURRENT freed 1780K, 27% free 19599K/26788K, paused 3ms+4ms, total 40ms
D/dalvikvm( 3960): WAIT_FOR_CONCURRENT_GC blocked 13ms
W/dalvikvm(16057): method Landroid/support/v7/widget/ListViewCompat;.lookForSelectablePosition incorrectly overrides package-private method with same name in Landroid/widget/ListView;
D/PackageManager( 9918): Time to collect certificates: 1.103 seconds
I/Finsky  ( 3960): [20484] com.google.android.finsky.services.ForegroundCoordinator.a(103): Task 7 requested foreground
I/Finsky  ( 3960): [20484] com.google.android.finsky.services.ForegroundCoordinator.a(115): Not entering foreground
E/DataRouter(  296): Opening of the USB File failed fd is -1 & errno is 2
D/KeyguardUpdateMonitor(10162): received broadcast android.intent.action.BATTERY_CHANGED
D/BatteryService( 9918): level:87, scale:100, status:2, health:2, present:true, voltage: 4093, temperature: 331, technology: Li-ion, AC powered:false, USB powered:true, Wireless powered:false, icon:17303669, invalid charger:0, online:4, current avg:360, charge type:2, power sharing:false, high voltage charger:false
D/BatteryService( 9918): Sending ACTION_BATTERY_CHANGED.
D/SViewCoverView(10849): BroadcastReceiver onReceive() : action : android.intent.action.BATTERY_CHANGED
D/SViewCoverView(10849): level :87 plugged : 2
D/KeyguardUpdateMonitor(10162): handleBatteryUpdate
D/CMASMessage(10162): [update] mShowingCMASText is false
D/CMASMessage(10162): CMASIcon was GONE : 
D/CMASMessage(10162): [update] mShowingCMASText is false
D/CMASMessage(10162): CMASIcon was GONE : 
D/CMASMessage(10162): [update] mShowingCMASText is false
D/CMASMessage(10162): CMASIcon was GONE : 
D/CMASMessage(10162): [update] mShowingCMASText is false
D/CMASMessage(10162): CMASIcon was GONE : 
D/STATUSBAR-PhoneStatusBar(10162):  mBrightnessEnablebySettings = false mBrightnessEnablebyBattery = true mBrightnessEnablebyDisableFlag = true mPmsBrightnessEnablebySettings = true
D/BatteryMeterView(10162): ACTION_BATTERY_CHANGED : level:87 status:2 health:2
D/UiModeManager( 9918): mCoverManager.getCoverState() : true
D/STATUSBAR-IconMerger(10162): checkOverflow(504), More:false, Req:false Child:4
D/PowerManagerService( 9918): [s] UserActivityState : 1 -> 2
D/DisplayPowerController( 9918): animation target = 10 (PSM:false, AB limit:(-1 ~ -1) MB Limit:(-1 ~ -1) MAdj:(0, (0, 255)))
D/PowerManagerService( 9918): [s] mDisplayPowerControllerCallbacks : onStateChanged()
D/lights  ( 9918): lcd : 231 +
D/dalvikvm(16057): DexOpt: couldn't find field Landroid/os/Message;.sendingUid
D/lights  ( 9918): lcd : 231 -
D/lights  ( 9918): lcd : 165 +
D/lights  ( 9918): lcd : 165 -
D/lights  ( 9918): lcd : 98 +
D/lights  ( 9918): lcd : 98 -
D/lights  ( 9918): lcd : 65 +
D/RampAnimator( 9918): Light Animator Finished currentValue=10
D/lights  ( 9918): lcd : 65 -
D/lights  ( 9918): lcd : 10 +
D/lights  ( 9918): lcd : 10 -
D/STATUSBAR-NetworkController(10162): refreshSignalCluster - setNWBoosterIndicators(false)
D/STATUSBAR-NetworkController(10162): refreshSignalCluster: data=-1 bt=false
D/STATUSBAR-IconMerger(10162): checkOverflow(504), More:false, Req:false Child:4
I/Finsky  ( 3960): [1] com.google.android.vending.verifier.ab.a_(1746): Verification id=138 response=0
I/Finsky  ( 3960): [1] com.google.android.vending.verifier.v.b(194): Verification complete: id=138, package_name=com.example.demo_app2
I/Finsky  ( 3960): [1] com.google.android.vending.verifier.v.k(7973): Verifying id=138, result=1
D/ApplicationPolicy( 9918): isApplicationInstallationEnabled
D/PackageManager( 9918): [MSG] PACKAGE_VERIFIED: observer{1140506024}
D/PackageManager( 9918):           verificationId{138}
D/PackageManager( 9918): copyApk
D/PackageManager( 9918): skipping copyApk
D/PackageManager( 9918): remove MCS_UNBIND and Posting MCS_UNBIND
D/PackageManager( 9918): [MSG] PROCESS_PENDING_INSTALL: observer{1140506024}
D/PackageManager( 9918): installPackageLI
D/PackageManager( 9918): skipping preCollectCert
D/PackageManager( 9918): use preparsed pkg
W/PackageManager( 9918): verifying app can be installed or not
V/ApplicationPolicy( 9918): isApplicationStateBlocked userId 0 pkgname com.example.demo_app2
D/PackageManager( 9918): Replace existing pacakge: 
D/PackageManager( 9918): Existing package: 
D/PackageManager( 9918): doRename: 
D/PackageManager( 9918): rename dexfile /data/dalvik-cache/data@app@vmdl-1703484683.tmp@classes.dex to /data/dalvik-cache/data@app@com.example.demo_app2-69.apk@classes.dex
D/PackageManager( 9918): doRename apk path: 
D/PackageManager( 9918): replacePackageLI
D/PackageManager( 9918): replacePackageLI: 
D/PackageManager( 9918): !@killApplicatoin: 10342, uninstall pkg
I/ActivityManager( 9918): Killing 30394:com.example.demo_app2/u0a342 (adj 0): stop com.example.demo_app2
I/SurfaceFlinger( 9488): id=3043 Removed NainActivit (5/9)
I/SurfaceFlinger( 9488): id=3043 Removed NainActivit (-2/9)
I/SurfaceFlinger( 9488): id=3043 Removed NainActivit (-2/9)
D/KeyguardUpdateMonitor(10162): sendKeyguardVisibilityChanged(true)
D/KeyguardUpdateMonitor(10162): handleKeyguardVisibilityChanged(1)
D/PointerIcon( 9918): setMouseIconStyle1 pointerType: 1001iconType:101 flag:0
D/PointerIcon( 9918): setMouseCustomIcon IconType is same.101
D/PointerIcon( 9918): setHoveringSpenIconStyle1 pointerType: 10001iconType:1 flag:0
D/PointerIcon( 9918): setHoveringSpenCustomIcon IconType is same.1
I/WindowState( 9918): WIN DEATH: Window{43fe8718 u0 com.example.demo_app2/com.example.demo_app2.MainActivity}
D/dalvikvm(16057): DexOpt: load 488ms, verify+opt 1103ms, 4464908 bytes
E/DataRouter(  296): Opening of the USB File failed fd is -1 & errno is 2
D/PackageManager( 9918): Time to dexopt: 2.345 seconds
E/PackageManager( 9918): dexopt end
D/PackageManager( 9918): queryIntentReceivers - Execution time: 790 ms
I/PackageManager( 9918): Package com.example.demo_app2 codePath changed from /data/app/com.example.demo_app2-68.apk to /data/app/com.example.demo_app2-69.apk; Retaining data and using new
W/ActivityManager( 9918): Force removing ActivityRecord{43e24140 u0 com.example.demo_app2/.MainActivity t220}: app died, no saved state
I/SurfaceFlinger( 9488): id=3000 Removed EimLayer (5/8)
I/SurfaceFlinger( 9488): id=2999 Removed EimLayer (5/7)
I/SurfaceFlinger( 9488): id=3000 Removed EimLayer (-2/7)
I/SurfaceFlinger( 9488): id=2999 Removed EimLayer (-2/7)
D/KeyguardUpdateMonitor(10162): sendKeyguardVisibilityChanged(true)
D/KeyguardUpdateMonitor(10162): handleKeyguardVisibilityChanged(1)
I/ApplicationUsage( 9918): handleMessage : MSG_UPDATE_USAGE_DB
I/ApplicationUsage( 9918): Updating Usage Statistics in DB @ 1471288056024
D/CustomFrequencyManagerService( 9918): acquireDVFSLockLocked : type : DVFS_MIN_LIMIT  frequency : 1350000  uid : 1000  pid : 9918  pkgName : ACTIVITY_RESUME_BOOSTER@6
D/PackageManager( 9918): not need to dexopt, but chown group to 50342
W/ActivityManager( 9918): mDVFSHelper.acquire()
D/PackageManager( 9918): !@killApplicatoin: 10342, update pkg
W/PackageManager( 9918): Code path for pkg : com.example.demo_app2 changing from /data/app/com.example.demo_app2-68.apk to /data/app/com.example.demo_app2-69.apk
W/PackageManager( 9918): Resource path for pkg : com.example.demo_app2 changing from /data/app/com.example.demo_app2-68.apk to /data/app/com.example.demo_app2-69.apk
D/PackageManager( 9918): updateSettingsLI: 
V/WindowOrientationListener( 9918): mSContextAutoRotationListener.getProposedRotation, mbResultFaceDectection: false
V/WindowOrientationListener( 9918): mSContextAutoRotationListener.getProposedRotation, Rotation: 0
V/WindowOrientationListener( 9918): mSContextAutoRotationListener.getProposedRotation, mbResultFaceDectection: false
V/WindowOrientationListener( 9918): mSContextAutoRotationListener.getProposedRotation, Rotation: 0
D/SurfaceWidgetView(10369): destroyHardwareResources():1118463576
D/SurfaceWidgetView(10369): destroyHardwareResources():1120891768
V/WindowManager( 9918): rotationForOrientationLw(orient=1, last=0); user=0 USER_ROTATION_LOCKED sensorRotation=0 mLidState=-1 mDockMode=0 mHdmiPlugged=false mAccelerometerDefault=false gripRotationLock=false
D/PowerManagerService( 9918): setKeyboardVisibility: false
D/PackageManager( 9918): queryIntentReceivers - Execution time: 201 ms
D/PackageManager( 9918): New package installed in 
D/KeyguardUpdateMonitor(10162): sendKeyguardVisibilityChanged(true)
D/KeyguardUpdateMonitor(10162): handleKeyguardVisibilityChanged(1)
D/KeyguardUpdateMonitor(10162): sendKeyguardVisibilityChanged(true)
D/KeyguardUpdateMonitor(10162): handleKeyguardVisibilityChanged(1)
D/Launcher(10369): onRestart, Launcher: 1118562336
D/Launcher(10369): onStart, Launcher: 1118562336
D/Launcher.HomeView(10369): onStart
D/CustomFrequencyManagerService( 9918): acquireDVFSLockLocked : type : DVFS_MIN_LIMIT  frequency : 1890000  uid : 1000  pid : 9918  pkgName : SSRM_PKG_OPT@22
V/SmartFaceService - 3rd party pause( 9918): onReceive [android.intent.action.ACTIVITY_STATE/com.example.demo_app2/pause]
V/SmartFaceService - 3rd party pause( 9918): onReceive [android.intent.action.ACTIVITY_STATE/com.sec.android.app.launcher/resume]
D/Launcher(10369): onResume, Launcher: 1118562336
D/Activity(10369): #1 setTransGradationModeColor false
D/PhoneStatusBar(10162): setSemiTransparentMode=false, mTransparentMode=false, mSemiTransparentMode=false, mMultiWindowMode=false
W/PackageManager( 9918): Unknown permission android.permission.ACCESS_DRM in package com.sec.android.app.mv.player
D/StatusBarManagerService( 9918): semi p:10369,o:f
W/PackageManager( 9918): Unknown permission com.sec.android.app.twdvfs.DVFS_BOOSTER_PERMISSION in package com.sec.android.app.mv.player
W/PackageManager( 9918): Unknown permission com.sec.android.permission.VIDEOHUB in package com.sec.android.app.mv.player
W/PackageManager( 9918): Unknown permission android.permission.SYSTEM_ALERT in package com.sec.android.app.mv.player
W/PackageManager( 9918): Unknown permission com.sec.pcw.provider.PCloudContentProvider.READ_CONTENT in package com.sec.android.app.mv.player
W/PackageManager( 9918): Unknown permission android.intent.action.MEDIA_MOUNTED in package com.sec.android.gallery3d
W/PackageManager( 9918): Unknown permission com.sec.android.app.sns3.sp.facebook.permission.READ_DB in package com.sec.android.gallery3d
W/PackageManager( 9918): Unknown permission com.sec.android.cloudagent.permission.READ in package com.sec.android.gallery3d
W/PackageManager( 9918): Unknown permission com.sec.android.cloudagent.permission.WRITE in package com.sec.android.gallery3d
W/PackageManager( 9918): Unknown permission com.sec.android.cloudagent.permission.ACCESS in package com.sec.android.gallery3d
W/PackageManager( 9918): Unknown permission com.sec.android.app.twdvfs.DVFS_BOOSTER_PERMISSION in package com.sec.android.gallery3d
W/PackageManager( 9918): Unknown permission com.sec.chaton.TOKEN_28e9e5f8058dc2fc70dea61856a21d58ed9c7edc1c5d9a9b15c7dc5cd78e317999676ad8618d2d2d9e600ebb75e8aee96abd57bdc06c6fe733898c5657971f32cffed5885a2efef4d9fd10ff675339558c04ab9e8c3dbc90c0d6b5b2f1f4f4e2d6f3c3658fae505e42224b61c140e442cd2c9faebf23df274bb173c5876a6912 in package com.sec.android.gallery3d
W/PackageManager( 9918): Unknown permission com.sec.chaton.TOKEN_085376204d115cdd465b103094225633cb5e9707b4c76225285750054db230f38e719dd583e31939a616bac2e957cfb50beee4ff163f8c7903b2fdc7b6ef6f421570e4f459f9ebc0ac8c6cdd91cddf5c5945ddb36713571a55d279a9a711c785ec83dbe633884bbb80117461a05777408a335c9baa94f83d5da7b2acfb161fa1 in package com.sec.android.gallery3d
W/PackageManager( 9918): Unknown permission com.sec.android.sCloudWallpaperBackupProvider.permission.READ in package com.sec.android.gallery3d
W/PackageManager( 9918): Unknown permission com.sec.android.sCloudWallpaperBackupProvider.permission.WRITE in package com.sec.android.gallery3d
W/PackageManager( 9918): Unknown permission com.sec.android.spc.playerdb.READ_PLAYER_INFO in package com.sec.android.gallery3d
W/PackageManager( 9918): Unknown permission sidesync.app.action.permission.KMS_FILETRANSFER_DRAG_FILEINFO in package com.sec.android.gallery3d
W/PackageManager( 9918): Not granting permission android.permission.UPDATE_APP_OPS_STATS to package com.att.android.digitallocker (protectionLevel=18 flags=0x4088bec5)
W/PackageManager( 9918): Not granting permission android.permission.UPDATE_DEVICE_STATS to package com.att.android.digitallocker (protectionLevel=18 flags=0x4088bec5)
W/PackageManager( 9918): Unknown permission com.android.QualcommSettings.permission.UTS_DM_CMD in package com.android.phone
W/PackageManager( 9918): Unknown permission android.permission.ADD_SYSTEM_SERVICE in package com.android.phone
W/PackageManager( 9918): Unknown permission com.android.smspush.WAPPUSH_MANAGER_BIND in package com.android.phone
W/PackageManager( 9918): Unknown permission com.sprint.internal.permission.SYSTEMPROPERTIES_WRITE in package com.android.phone
W/PackageManager( 9918): Unknown permission com.cequint.ecid.CALLER_ID_LOOKUP in package com.android.phone
W/PackageManager( 9918): Unknown permission com.samsung.InputEventApp.permission.UTS_DM_CMD in package com.android.phone
W/PackageManager( 9918): Unknown permission com.samsungtest.SlateTest.SLATE_DM_CMD in package com.android.phone
W/PackageManager( 9918): Unknown permission com.samsung.tmowfc.wfcprovider.permission.READ_WFCPROVIDER in package com.android.phone
W/PackageManager( 9918): Unknown permission com.samsung.tmowfc.wfcprovider.permission.WRITE_REGISTER in package com.android.phone
W/PackageManager( 9918): Unknown permission com.samsung.tmowfc.wfcprovider.permission.WRITE_SET_EMERGENCY in package com.android.phone
W/PackageManager( 9918): Unknown permission provider.settingsearch.permission.WRITE in package com.android.phone
W/PackageManager( 9918): Unknown permission com.samsung.rcs.cs.READ_PERMISSION in package com.android.phone
W/PackageManager( 9918): Unknown permission com.samsung.rcs.cs.WRITE_PERMISSION in package com.android.phone
W/PackageManager( 9918): Unknown permission com.samsung.rcs.serviceprovider.READ_PERMISSION in package com.android.phone
W/PackageManager( 9918): Unknown permission com.samsung.rcs.serviceprovider.WRITE_PERMISSION in package com.android.phone
W/PackageManager( 9918): Unknown permission com.samsung.rcs.permission.RCS_APP_PERMISSION in package com.android.phone
W/PackageManager( 9918): Unknown permission com.sec.ims.android.PERMISSION in package com.android.phone
W/PackageManager( 9918): Unknown permission com.samsung.commonimsinterface.PERMISSION in package com.android.phone
W/PackageManager( 9918): Unknown permission sstream.app.StoryProvider.WRITE.PERMISSION in package com.android.phone
W/PackageManager( 9918): Unknown permission com.sec.android.app.hiddenmenu.permission.KEYSTRING in package com.android.phone
W/PackageManager( 9918): Unknown permission com.samsung.wmanager.ENABLE_NOTIFICATION in package com.android.phone
W/PackageManager( 9918): Unknown permission com.skt.prod.permission.PHONE_SERVICE in package com.android.phone
W/PackageManager( 9918): Unknown permission com.itsoninc.android.permission.USE_ITSON_SERVICE in package com.android.phone
W/PackageManager( 9918): Unknown permission com.samsung.syncservice.permission.OMADM.KEYSTRING in package com.android.phone
W/PackageManager( 9918): Unknown permission com.verizon.vzwavs.permission.READ in package com.android.phone
W/PackageManager( 9918): Unknown permission com.mirrorlink.android.service.ACCESS_PERMISSION in package com.android.phone
W/PackageManager( 9918): Unknown permission com.android.gallery3d.permission.GALLERY_PROVIDER in package com.android.bluetooth
W/PackageManager( 9918): Unknown permission android.permission.MMS_SEND_OUTBOX_MSG in package com.android.bluetooth
W/PackageManager( 9918): Unknown permission com.samsung.android.app.episodes.permission.IMPORT_STORYALBUM in package com.android.bluetooth
W/PackageManager( 9918): Unknown permission android.permission.READ_TASKS in package com.android.providers.calendar
W/PackageManager( 9918): Unknown permission com.sec.dcm.provider.DCMProvider.START in package com.android.providers.calendar
W/PackageManager( 9918): Unknown permission android.permission.BODY_SENSORS in package com.google.android.apps.fitness
W/PackageManager( 9918): Unknown permission com.google.android.permission.PROVIDE_BACKGROUND in package com.google.android.apps.fitness
W/PackageManager( 9918): Unknown permission com.sec.android.widgetapp.q1_penmemo.permission.READ in package com.vlingo.midas
W/PackageManager( 9918): Unknown permission com.sec.android.widgetapp.q1_penmemo.permission.WRITE in package com.vlingo.midas
W/PackageManager( 9918): Unknown permission com.sec.android.permission.READ_MEMO in package com.vlingo.midas
W/PackageManager( 9918): Unknown permission com.sec.android.permission.WRITE_MEMO in package com.vlingo.midas
W/PackageManager( 9918): Unknown permission com.sec.android.app.twdvfs.DVFS_BOOSTER_PERMISSION in package com.vlingo.midas
W/PackageManager( 9918): Unknown permission android.Manifest.permission.DISABLE_KEYGUARD in package com.vlingo.midas
W/PackageManager( 9918): Unknown permission com.sec.android.daemonapp.ap.yonhapnews.permission.YONHAP_DAEMON_ACCESS_PROVIDER in package com.vlingo.midas
W/PackageManager( 9918): Unknown permission samsung.android.snoteprovider.permission.READ in package com.vlingo.midas
W/PackageManager( 9918): Not granting permission android.permission.INTERACT_ACROSS_USERS_FULL to package com.vlingo.midas (protectionLevel=2 flags=0x4098be45)
W/PackageManager( 9918): Unknown permission com.sec.android.provider.emergencymode.READ_DATABASE in package com.vlingo.midas
W/PackageManager( 9918): Unknown permission com.samsung.android.memo.WRITE in package com.vlingo.midas
W/PackageManager( 9918): Unknown permission com.samsung.android.memo.READ in package com.vlingo.midas
W/PackageManager( 9918): Unknown permission com.samsung.commonimsinterface.PERMISSION in package com.vlingo.midas
W/PackageManager( 9918): Unknown permission com.sec.android.app.shealth.permission.C2D_MESSAGE in package com.sec.android.app.shealth
W/PackageManager( 9918): Not granting permission android.permission.READ_PRIVILEGED_PHONE_STATE to package com.sec.android.app.shealth (protectionLevel=18 flags=0x40d83ee5)
W/PackageManager( 9918): Unknown permission com.samsung.android.coreapps.permission.ENHANCED_FEATURES in package com.sec.android.app.shealth
W/PackageManager( 9918): Unknown permission com.sec.android.app.hiddenmenu.permission.KEYSTRING in package com.sec.factory
W/PackageManager( 9918): Unknown permission com.sec.android.app.twdvfs.DVFS_BOOSTER_PERMISSION in package com.sec.factory
W/PackageManager( 9918): Unknown permission android.permission.sec.BARCODE_READ in package com.sec.factory
W/PackageManager( 9918): Unknown permission com.sec.android.widgetapp.q1_penmemo.permission.WRITE in package com.samsung.android.scloud.sync
W/PackageManager( 9918): Unknown permission com.sec.android.widgetapp.q1_penmemo.permission.READ in package com.samsung.android.scloud.sync
W/PackageManager( 9918): Unknown permission samsung.android.provider.snote2.permission.read in package com.samsung.android.scloud.sync
W/PackageManager( 9918): Unknown permission samsung.android.provider.snote2.permission.write in package com.samsung.android.scloud.sync
W/PackageManager( 9918): Unknown permission samsung.android.snoteprovider.permission.READ in package com.samsung.android.scloud.sync
W/PackageManager( 9918): Unknown permission samsung.android.snoteprovider.permission.WRITE in package com.samsung.android.scloud.sync
W/PackageManager( 9918): Unknown permission com.sec.sCloudBackupApp.permission in package com.samsung.android.scloud.sync
W/PackageManager( 9918): Unknown permission com.samsung.android.memo.READ in package com.samsung.android.scloud.sync
W/PackageManager( 9918): Unknown permission com.samsung.android.memo.WRITE in package com.samsung.android.scloud.sync
W/PackageManager( 9918): Unknown permission com.sec.android.app.camera.permission.SHOOTING_MODE in package com.arcsoft.picaction.app
W/PackageManager( 9918): Unknown permission com.sec.android.app.twdvfs.DVFS_BOOSTER_PERMISSION in package com.sec.factory.camera
W/PackageManager( 9918): Unknown permission com.sec.android.app.camera.permission.SHOOTING_MODE in package com.arcsoft.demo.piclear
W/PackageManager( 9918): Unknown permission com.samsung.android.app.episodes.permission.IMPORT_STORYALBUM in package com.android.providers.downloads.ui
W/PackageManager( 9918): Unknown permission .permission.C2D_MESSAGE in package com.instagram.android
W/PackageManager( 9918): Unknown permission .permission.RECEIVE_ADM_MESSAGE in package com.instagram.android
W/PackageManager( 9918): Unknown permission com.amazon.device.messaging.permission.RECEIVE in package com.instagram.android
W/PackageManager( 9918): Unknown permission com.htc.launcher.permission.READ_SETTINGS in package com.instagram.android
W/PackageManager( 9918): Unknown permission com.htc.launcher.permission.UPDATE_SHORTCUT in package com.instagram.android
W/PackageManager( 9918): Unknown permission com.huawei.android.launcher.permission.CHANGE_BADGE in package com.instagram.android
W/PackageManager( 9918): Unknown permission com.sonyericsson.home.permission.BROADCAST_BADGE in package com.instagram.android
W/PackageManager( 9918): Unknown permission android.permission.INSTALL_DRM in package com.android.mms
W/PackageManager( 9918): Unknown permission javax.microedition.gba.USE_GBA_SERVICE in package com.android.mms
W/PackageManager( 9918): Not granting permission android.permission.sec.MDM_AUDIT_LOG to package com.android.mms (protectionLevel=2 flags=0x4098be65)
W/PackageManager( 9918): Unknown permission android.permission.ACCESS_GPS in package com.android.mms
W/PackageManager( 9918): Unknown permission android.permission.ACCESS_LOCATION in package com.android.mms
W/PackageManager( 9918): Unknown permission android.permission.ACCESS_ASSISTED_GPS in package com.android.mms
W/PackageManager( 9918): Unknown permission android.permission.ACCESS_CELL_ID in package com.android.mms
W/PackageManager( 9918): Unknown permission android.permission.ACCESS_COARSE_UPDATES in package com.android.mms
W/PackageManager( 9918): Unknown permission com.sec.android.app.twdvfs.DVFS_BOOSTER_PERMISSION in package com.android.mms
W/PackageManager( 9918): Not granting permission android.permission.MANAGE_NETWORK_POLICY to package com.android.mms (protectionLevel=2 flags=0x4098be65)
W/PackageManager( 9918): Not granting permission android.permission.ACCESS_SURFACE_FLINGER to package com.android.mms (protectionLevel=2 flags=0x4098be65)
W/PackageManager( 9918): Unknown permission com.samsung.wmanager.ENABLE_NOTIFICATION in package com.android.mms
W/PackageManager( 9918): Unknown permission com.samsung.tmowfc.wfcprovider.permission.READ_WFCPROVIDER in package com.android.mms
W/PackageManager( 9918): Not granting permission android.permission.INTERNAL_SYSTEM_WINDOW to package com.android.mms (protectionLevel=2 flags=0x4098be65)
W/PackageManager( 9918): Not granting permission android.permission.DEVICE_POWER to package com.android.mms (protectionLevel=2 flags=0x4098be65)
W/PackageManager( 9918): Unknown permission sstream.app.StoryProvider.WRITE.PERMISSION in package com.android.mms
W/PackageManager( 9918): Unknown permission com.samsung.commonimsinterface.PERMISSION in package com.android.mms
W/PackageManager( 9918): Unknown permission com.sec.android.app.hiddenmenu.permission.KEYSTRING in package com.android.mms
W/PackageManager( 9918): Unknown permission com.itsoninc.android.permission.USE_ITSON_SERVICE in package com.android.mms
W/PackageManager( 9918): Unknown permission com.sec.dcm.provider.DCMProvider.START in package com.android.providers.media
W/PackageManager( 9918): Unknown permission com.sec.dcm.provider.DCMProvider.data.READ in package com.android.providers.media
W/PackageManager( 9918): Unknown permission com.sec.dcm.provider.DCMProvider.data.WRITE in package com.android.providers.media
W/PackageManager( 9918): Unknown permission com.android.setting.permission.NEARBY_SERVER in package com.sec.android.nearby.mediaserver
W/PackageManager( 9918): Not granting permission android.permission.ACCESS_USB to package com.siso.app.generic (protectionLevel=18 flags=0x88be45)
W/PackageManager( 9918): Unknown permission android.permission.READ_OWNER_DATA in package com.google.android.setupwizard
W/PackageManager( 9918): Unknown permission android.permission.WRITE_OWNER_DATA in package com.google.android.setupwizard
W/PackageManager( 9918): Not granting permission com.samsung.clipboardsaveservice.CLIPBOARDSAVESERVICE_PERMISSION to package com.infraware.polarisoffice5 (protectionLevel=18 flags=0x98be45)
W/PackageManager( 9918): Unknown permission com.sec.android.cloudagent.permission.ACCESS in package com.infraware.polarisoffice5
W/PackageManager( 9918): Unknown permission com.sec.android.app.twdvfs.DVFS_BOOSTER_PERMISSION in package com.infraware.polarisoffice5
W/PackageManager( 9918): Unknown permission android.permission.WRITE_INTERNAL_STORAGE in package com.android.settings
W/PackageManager( 9918): Unknown permission com.sec.android.app.twdvfs.DVFS_BOOSTER_PERMISSION in package com.android.settings
W/PackageManager( 9918): Unknown permission com.sec.android.spc.account.READ_ACCOUNT_INFO in package com.android.settings
W/PackageManager( 9918): Unknown permission com.sec.android.spc.account.WRITE_ACCOUNT_INFO in package com.android.settings
W/PackageManager( 9918): Unknown permission com.samsung.rcs.settings.READ_PERMISSION in package com.android.settings
W/PackageManager( 9918): Unknown permission com.samsung.rcs.settings.WRITE_PERMISSION in package com.android.settings
W/PackageManager( 9918): Unknown permission com.samsung.tmowfc.wfcprovider.permission.READ_WFCPROVIDER in package com.android.settings
W/PackageManager( 9918): Unknown permission com.samsung.tmowfc.wfcprovider.permission.WRITE_REGISTER in package com.android.settings
W/PackageManager( 9918): Unknown permission com.sec.android.spc.MEMBER_MANAGEMENT in package com.android.settings
W/PackageManager( 9918): Unknown permission com.sec.android.spc.service.BACKUP in package com.android.settings
W/PackageManager( 9918): Unknown permission provider.settingsearch.permission.READ in package com.android.settings
W/PackageManager( 9918): Unknown permission provider.settingsearch.permission.WRITE in package com.android.settings
W/PackageManager( 9918): Unknown permission com.sec.android.permission.KNOX in package com.android.settings
W/PackageManager( 9918): Unknown permission com.samsung.commonimsinterface.PERMISSION in package com.android.settings
W/PackageManager( 9918): Unknown permission android.permission.HOME_TRIPLE_CLICK_MESSAGING in package com.android.settings
W/PackageManager( 9918): Unknown permission com.samsung.android.sconnect.permission.ACCESS_QUICKCONNECT_WEARABLE in package com.android.settings
W/PackageManager( 9918): Unknown permission com.samsung.rcs.permission.RCS_APP_PERMISSION in package com.android.settings
W/PackageManager( 9918): Unknown permission com.samsung.rcs.permission.READ_FRAME_BUFFER in package com.android.settings
W/PackageManager( 9918): Unknown permission com.amazon.dcp.sso.permission.AMAZON_ACCOUNT_PROPERTY in package com.amazon.kindle
W/PackageManager( 9918): Unknown permission android.permission.C2D_MESSAGE in package com.amazon.kindle
W/PackageManager( 9918): Unknown permission com.amazon.android.permission.ACCESS_DOWNLOAD_MANAGER_ADVANCED in package com.amazon.kindle
W/PackageManager( 9918): Unknown permission com.amazon.android.permission.ACCESS_DOWNLOAD_MANAGER in package com.amazon.kindle
W/PackageManager( 9918): Unknown permission com.amazon.android.permission.DOWNLOAD_WITHOUT_NOTIFICATION in package com.amazon.kindle
W/PackageManager( 9918): Unknown permission com.amazon.dcp.metrics.permission.METRICS_PERMISSION in package com.amazon.kindle
W/PackageManager( 9918): Unknown permission com.amazon.dcp.config.permission.DYN_CONFIG_VALUES_UPDATED in package com.amazon.kindle
W/PackageManager( 9918): Unknown permission com.amazon.identity.permission.GENERIC_IPC in package com.amazon.kindle
W/PackageManager( 9918): Unknown permission com.amazon.dcp.sso.permission.USE_DEVICE_CREDENTIALS in package com.amazon.kindle
W/PackageManager( 9918): Unknown permission com.amazon.dcp.sso.permission.MANAGE_COR_PFM in package com.amazon.kindle
W/PackageManager( 9918): Unknown permission com.amazon.dcp.sso.permission.CUSTOMER_ATTRIBUTE_SERVICE in package com.amazon.kindle
W/PackageManager( 9918): Unknown permission amazon.permission.COLLECT_METRICS in package com.amazon.kindle
W/PackageManager( 9918): Unknown permission com.amazon.kindle.otter.settings.RECEIVE_GOODREADS_UNLINK in package com.amazon.kindle
W/PackageManager( 9918): Not granting permission android.permission.ACCESS_DOWNLOAD_MANAGER to package com.amazon.kindle (protectionLevel=18 flags=0x983ec5)
W/PackageManager( 9918): Not granting permission android.permission.SEND_DOWNLOAD_COMPLETED_INTENTS to package com.amazon.kindle (protectionLevel=2 flags=0x983ec5)
W/PackageManager( 9918): Unknown permission com.lab126.downloads.DOWNLOAD_CALLBACK_SVC in package com.amazon.kindle
W/PackageManager( 9918): Unknown permission com.amazon.permission.FORCE_AUTH_ACCT in package com.amazon.kindle
W/PackageManager( 9918): Not granting permission android.permission.INTERACT_ACROSS_USERS to package com.amazon.kindle (protectionLevel=50 flags=0x983ec5)
W/PackageManager( 9918): Not granting permission android.permission.MANAGE_USERS to package com.amazon.kindle (protectionLevel=18 flags=0x983ec5)
W/PackageManager( 9918): Unknown permission com.amazon.dcp.settings.permission.READ_SETTINGS in package com.amazon.kindle
W/PackageManager( 9918): Unknown permission com.amazon.dcp.sso.permission.EXPIRE_ACCESS_TOKEN in package com.amazon.kindle
W/PackageManager( 9918): Unknown permission com.amazon.kindle.cms.CMS_ACCESS in package com.amazon.kindle
W/PackageManager( 9918): Unknown permission com.amazon.kindle.cms.CMS_CALLBACK_ACCESS in package com.amazon.kindle
W/PackageManager( 9918): Unknown permission com.amazon.dcp.messaging.permission.HANDLE_DEVICE_MESSAGE in package com.amazon.kindle
W/PackageManager( 9918): Unknown permission com.audible.hushpuppy.tablet.permission.COMPANION_MAPPING in package com.amazon.kindle
W/PackageManager( 9918): Unknown permission sstream.app.StoryProvider.WRITE.PERMISSION in package com.sec.pcw
W/PackageManager( 9918): Unknown permission sstream.app.StoryProvider.WRITE.PERMISSION in package com.sec.yosemite.phone
W/PackageManager( 9918): Unknown permission com.sec.spp.permission.TOKEN_96ee1e3574484e71f52d02aaa1183832a73910a3d73c8bf2cf543fc98a26047c9f6090f5f98c98c54f858c9da7810831b053ec27908ed81a6e07c9a125a1465296410b097682ee315b07e13d9068624545ef3a8ee493f384251a3dacc0ea3fc79d58c256475e97e31fffa4d622ca4429efd7840c68a52ae4b8f4e9441c971273 in package com.sec.yosemite.phone
W/PackageManager( 9918): Unknown permission com.sec.android.app.calendar.permission.CHANGE_CALENDAR_PREFERENCE in package com.sec.android.widgetapp.alarmwidget
W/PackageManager( 9918): Unknown permission com.google.android.launcher.permission.CONTENT_REDIRECT in package com.google.android.googlequicksearchbox
W/PackageManager( 9918): Unknown permission com.google.android.voicesearch.SHORTCUTS_ACCESS in package com.google.android.googlequicksearchbox
W/PackageManager( 9918): Unknown permission com.google.android.voicesearch.ACCESS_SETTINGS in package com.google.android.googlequicksearchbox
W/PackageManager( 9918): Unknown permission com.android.browser.permission.PRELOAD in package com.google.android.googlequicksearchbox
W/PackageManager( 9918): Unknown permission com.google.android.ears.permission.WRITE in package com.google.android.googlequicksearchbox
W/PackageManager( 9918): Not granting permission android.permission.INTERACT_ACROSS_USERS to package com.google.android.googlequicksearchbox (protectionLevel=50 flags=0x40dbbec5)
W/PackageManager( 9918): Unknown permission android.permission.REAL_GET_TASKS in package com.google.android.googlequicksearchbox
W/PackageManager( 9918): Unknown permission com.google.android.apps.googlevoice.permission.AUTO_SEND in package com.google.android.googlequicksearchbox
W/PackageManager( 9918): Unknown permission android.permission.MANAGE_VOICE_KEYPHRASES in package com.google.android.googlequicksearchbox
W/PackageManager( 9918): Unknown permission com.facebook.pages.app.provider.ACCESS in package com.facebook.katana
W/PackageManager( 9918): Unknown permission android.permission.REQUEST_INSTALL_PACKAGES in package com.facebook.katana
W/PackageManager( 9918): Not granting permission android.permission.BATTERY_STATS to package com.facebook.katana (protectionLevel=18 flags=0xc83e44)
W/PackageManager( 9918): Unknown permission com.htc.launcher.permission.READ_SETTINGS in package com.facebook.katana
W/PackageManager( 9918): Unknown permission com.htc.launcher.permission.UPDATE_SHORTCUT in package com.facebook.katana
W/PackageManager( 9918): Unknown permission com.sonyericsson.home.permission.BROADCAST_BADGE in package com.facebook.katana
W/PackageManager( 9918): Unknown permission com.facebook.home.permission.WRITE_BADGES in package com.facebook.katana
W/PackageManager( 9918): Unknown permission com.nokia.pushnotifications.permission.RECEIVE in package com.facebook.katana
W/PackageManager( 9918): Unknown permission com.amazon.device.messaging.permission.RECEIVE in package com.facebook.katana
W/PackageManager( 9918): Unknown permission com.android.email.ACCOUNT_INTENT in package com.android.exchange
W/PackageManager( 9918): Unknown permission android.permission.READ_OWNER_DATA in package com.android.exchange
W/PackageManager( 9918): Unknown permission android.permission.READ_TASKS in package com.sec.android.providers.tasks
W/PackageManager( 9918): Unknown permission android.permission.WRITE_TASKS in package com.sec.android.providers.tasks
W/PackageManager( 9918): Not granting permission android.permission.INTERACT_ACROSS_USERS_FULL to package com.samsung.groupcast (protectionLevel=2 flags=0x4098be45)
W/PackageManager( 9918): Unknown permission com.TEDC.android.groupplay in package com.samsung.groupcast
W/PackageManager( 9918): Unknown permission com.samsung.commonimsinterface.PERMISSION in package com.wssyncmldm
W/PackageManager( 9918): Not granting permission android.permission.BATTERY_STATS to package com.cricclubs (protectionLevel=18 flags=0x88be44)
W/PackageManager( 9918): Not granting permission android.permission.CLEAR_APP_USER_DATA to package com.cricclubs (protectionLevel=2 flags=0x88be44)
W/PackageManager( 9918): Not granting permission android.permission.DELETE_CACHE_FILES to package com.cricclubs (protectionLevel=18 flags=0x88be44)
W/PackageManager( 9918): Not granting permission android.permission.FORCE_BACK to package com.cricclubs (protectionLevel=2 flags=0x88be44)
W/PackageManager( 9918): Not granting permission android.permission.INJECT_EVENTS to package com.cricclubs (protectionLevel=2 flags=0x88be44)
W/PackageManager( 9918): Not granting permission android.permission.INTERNAL_SYSTEM_WINDOW to package com.cricclubs (protectionLevel=2 flags=0x88be44)
W/PackageManager( 9918): Not granting permission android.permission.READ_INPUT_STATE to package com.cricclubs (protectionLevel=2 flags=0x88be44)
W/PackageManager( 9918): Not granting permission android.permission.SET_ALWAYS_FINISH to package com.cricclubs (protectionLevel=50 flags=0x88be44)
W/PackageManager( 9918): Not granting permission android.permission.SET_ANIMATION_SCALE to package com.cricclubs (protectionLevel=50 flags=0x88be44)
W/PackageManager( 9918): Not granting permission android.permission.SET_DEBUG_APP to package com.cricclubs (protectionLevel=50 flags=0x88be44)
W/PackageManager( 9918): Not granting permission android.permission.SET_ORIENTATION to package com.cricclubs (protectionLevel=2 flags=0x88be44)
W/PackageManager( 9918): Not granting permission android.permission.SET_PREFERRED_APPLICATIONS to package com.cricclubs (protectionLevel=2 flags=0x88be44)
W/PackageManager( 9918): Not granting permission android.permission.STATUS_BAR to package com.cricclubs (protectionLevel=18 flags=0x88be44)
W/PackageManager( 9918): Unknown permission com.google.android.gms.permission.CAR_SPEED in package com.google.android.apps.maps
